Archive member included to satisfy reference by file (symbol)

c:/st/stm32cubeide_1.4.0/stm32cubeide/plugins/com.st.stm32cube.ide.mcu.externaltools.gnu-tools-for-stm32.7-2018-q2-update.win32_1.4.0.202007081208/tools/bin/../lib/gcc/arm-none-eabi/7.3.1/../../../../arm-none-eabi/lib/thumb/v7-m\libc_nano.a(lib_a-errno.o)
                              Src/syscalls.o (__errno)
c:/st/stm32cubeide_1.4.0/stm32cubeide/plugins/com.st.stm32cube.ide.mcu.externaltools.gnu-tools-for-stm32.7-2018-q2-update.win32_1.4.0.202007081208/tools/bin/../lib/gcc/arm-none-eabi/7.3.1/../../../../arm-none-eabi/lib/thumb/v7-m\libc_nano.a(lib_a-exit.o)
                              c:/st/stm32cubeide_1.4.0/stm32cubeide/plugins/com.st.stm32cube.ide.mcu.externaltools.gnu-tools-for-stm32.7-2018-q2-update.win32_1.4.0.202007081208/tools/bin/../lib/gcc/arm-none-eabi/7.3.1/../../../../arm-none-eabi/lib/thumb/v7-m/crt0.o (exit)
c:/st/stm32cubeide_1.4.0/stm32cubeide/plugins/com.st.stm32cube.ide.mcu.externaltools.gnu-tools-for-stm32.7-2018-q2-update.win32_1.4.0.202007081208/tools/bin/../lib/gcc/arm-none-eabi/7.3.1/../../../../arm-none-eabi/lib/thumb/v7-m\libc_nano.a(lib_a-impure.o)
                              c:/st/stm32cubeide_1.4.0/stm32cubeide/plugins/com.st.stm32cube.ide.mcu.externaltools.gnu-tools-for-stm32.7-2018-q2-update.win32_1.4.0.202007081208/tools/bin/../lib/gcc/arm-none-eabi/7.3.1/../../../../arm-none-eabi/lib/thumb/v7-m\libc_nano.a(lib_a-exit.o) (_global_impure_ptr)
c:/st/stm32cubeide_1.4.0/stm32cubeide/plugins/com.st.stm32cube.ide.mcu.externaltools.gnu-tools-for-stm32.7-2018-q2-update.win32_1.4.0.202007081208/tools/bin/../lib/gcc/arm-none-eabi/7.3.1/../../../../arm-none-eabi/lib/thumb/v7-m\libc_nano.a(lib_a-init.o)
                              c:/st/stm32cubeide_1.4.0/stm32cubeide/plugins/com.st.stm32cube.ide.mcu.externaltools.gnu-tools-for-stm32.7-2018-q2-update.win32_1.4.0.202007081208/tools/bin/../lib/gcc/arm-none-eabi/7.3.1/../../../../arm-none-eabi/lib/thumb/v7-m/crt0.o (__libc_init_array)
c:/st/stm32cubeide_1.4.0/stm32cubeide/plugins/com.st.stm32cube.ide.mcu.externaltools.gnu-tools-for-stm32.7-2018-q2-update.win32_1.4.0.202007081208/tools/bin/../lib/gcc/arm-none-eabi/7.3.1/../../../../arm-none-eabi/lib/thumb/v7-m\libc_nano.a(lib_a-memset.o)
                              c:/st/stm32cubeide_1.4.0/stm32cubeide/plugins/com.st.stm32cube.ide.mcu.externaltools.gnu-tools-for-stm32.7-2018-q2-update.win32_1.4.0.202007081208/tools/bin/../lib/gcc/arm-none-eabi/7.3.1/../../../../arm-none-eabi/lib/thumb/v7-m/crt0.o (memset)

Allocating common symbols
Common symbol       size              file

GP_IRQCallBack      0x3c              Stm32_F103C6_Drivers/Src/EXIT.o

Discarded input sections

 .text          0x0000000000000000        0x0 c:/st/stm32cubeide_1.4.0/stm32cubeide/plugins/com.st.stm32cube.ide.mcu.externaltools.gnu-tools-for-stm32.7-2018-q2-update.win32_1.4.0.202007081208/tools/bin/../lib/gcc/arm-none-eabi/7.3.1/thumb/v7-m/crti.o
 .data          0x0000000000000000        0x0 c:/st/stm32cubeide_1.4.0/stm32cubeide/plugins/com.st.stm32cube.ide.mcu.externaltools.gnu-tools-for-stm32.7-2018-q2-update.win32_1.4.0.202007081208/tools/bin/../lib/gcc/arm-none-eabi/7.3.1/thumb/v7-m/crti.o
 .bss           0x0000000000000000        0x0 c:/st/stm32cubeide_1.4.0/stm32cubeide/plugins/com.st.stm32cube.ide.mcu.externaltools.gnu-tools-for-stm32.7-2018-q2-update.win32_1.4.0.202007081208/tools/bin/../lib/gcc/arm-none-eabi/7.3.1/thumb/v7-m/crti.o
 .data          0x0000000000000000        0x4 c:/st/stm32cubeide_1.4.0/stm32cubeide/plugins/com.st.stm32cube.ide.mcu.externaltools.gnu-tools-for-stm32.7-2018-q2-update.win32_1.4.0.202007081208/tools/bin/../lib/gcc/arm-none-eabi/7.3.1/thumb/v7-m/crtbegin.o
 .text          0x0000000000000000       0x74 c:/st/stm32cubeide_1.4.0/stm32cubeide/plugins/com.st.stm32cube.ide.mcu.externaltools.gnu-tools-for-stm32.7-2018-q2-update.win32_1.4.0.202007081208/tools/bin/../lib/gcc/arm-none-eabi/7.3.1/../../../../arm-none-eabi/lib/thumb/v7-m/crt0.o
 .data          0x0000000000000000        0x0 c:/st/stm32cubeide_1.4.0/stm32cubeide/plugins/com.st.stm32cube.ide.mcu.externaltools.gnu-tools-for-stm32.7-2018-q2-update.win32_1.4.0.202007081208/tools/bin/../lib/gcc/arm-none-eabi/7.3.1/../../../../arm-none-eabi/lib/thumb/v7-m/crt0.o
 .bss           0x0000000000000000        0x0 c:/st/stm32cubeide_1.4.0/stm32cubeide/plugins/com.st.stm32cube.ide.mcu.externaltools.gnu-tools-for-stm32.7-2018-q2-update.win32_1.4.0.202007081208/tools/bin/../lib/gcc/arm-none-eabi/7.3.1/../../../../arm-none-eabi/lib/thumb/v7-m/crt0.o
 .ARM.extab     0x0000000000000000        0x0 c:/st/stm32cubeide_1.4.0/stm32cubeide/plugins/com.st.stm32cube.ide.mcu.externaltools.gnu-tools-for-stm32.7-2018-q2-update.win32_1.4.0.202007081208/tools/bin/../lib/gcc/arm-none-eabi/7.3.1/../../../../arm-none-eabi/lib/thumb/v7-m/crt0.o
[...]
Memory Configuration

Name             Origin             Length             Attributes
RAM              0x0000000020000000 0x0000000000002800 xrw
ROM              0x0000000008000000 0x0000000000008000 xr
*default*        0x0000000000000000 0xffffffffffffffff

Linker script and memory map

LOAD c:/st/stm32cubeide_1.4.0/stm32cubeide/plugins/com.st.stm32cube.ide.mcu.externaltools.gnu-tools-for-stm32.7-2018-q2-update.win32_1.4.0.202007081208/tools/bin/../lib/gcc/arm-none-eabi/7.3.1/thumb/v7-m/crti.o
LOAD c:/st/stm32cubeide_1.4.0/stm32cubeide/plugins/com.st.stm32cube.ide.mcu.externaltools.gnu-tools-for-stm32.7-2018-q2-update.win32_1.4.0.202007081208/tools/bin/../lib/gcc/arm-none-eabi/7.3.1/thumb/v7-m/crtbegin.o
LOAD c:/st/stm32cubeide_1.4.0/stm32cubeide/plugins/com.st.stm32cube.ide.mcu.externaltools.gnu-tools-for-stm32.7-2018-q2-update.win32_1.4.0.202007081208/tools/bin/../lib/gcc/arm-none-eabi/7.3.1/../../../../arm-none-eabi/lib/thumb/v7-m/crt0.o
LOAD APP/EEPROM.o
LOAD APP/I2C_EEPROM.o
LOAD Src/main.o
LOAD Src/syscalls.o
LOAD Src/sysmem.o
LOAD Startup/startup_stm32f103c6tx.o
LOAD Stm32_F103C6_Drivers/Src/EXIT.o
LOAD Stm32_F103C6_Drivers/Src/GPIO.o
LOAD Stm32_F103C6_Drivers/Src/I2C.o
LOAD Stm32_F103C6_Drivers/Src/RCC.o
LOAD Stm32_F103C6_Drivers/Src/SPI.o
LOAD Stm32_F103C6_Drivers/Src/USART.o
START GROUP
LOAD c:/st/stm32cubeide_1.4.0/stm32cubeide/plugins/com.st.stm32cube.ide.mcu.externaltools.gnu-tools-for-stm32.7-2018-q2-update.win32_1.4.0.202007081208/tools/bin/../lib/gcc/arm-none-eabi/7.3.1/../../../../arm-none-eabi/lib/thumb/v7-m\libc_nano.a
LOAD c:/st/stm32cubeide_1.4.0/stm32cubeide/plugins/com.st.stm32cube.ide.mcu.externaltools.gnu-tools-for-stm32.7-2018-q2-update.win32_1.4.0.202007081208/tools/bin/../lib/gcc/arm-none-eabi/7.3.1/../../../../arm-none-eabi/lib/thumb/v7-m\libm.a
END GROUP
START GROUP
LOAD c:/st/stm32cubeide_1.4.0/stm32cubeide/plugins/com.st.stm32cube.ide.mcu.externaltools.gnu-tools-for-stm32.7-2018-q2-update.win32_1.4.0.202007081208/tools/bin/../lib/gcc/arm-none-eabi/7.3.1/thumb/v7-m\libgcc.a
LOAD c:/st/stm32cubeide_1.4.0/stm32cubeide/plugins/com.st.stm32cube.ide.mcu.externaltools.gnu-tools-for-stm32.7-2018-q2-update.win32_1.4.0.202007081208/tools/bin/../lib/gcc/arm-none-eabi/7.3.1/../../../../arm-none-eabi/lib/thumb/v7-m\libg_nano.a
LOAD c:/st/stm32cubeide_1.4.0/stm32cubeide/plugins/com.st.stm32cube.ide.mcu.externaltools.gnu-tools-for-stm32.7-2018-q2-update.win32_1.4.0.202007081208/tools/bin/../lib/gcc/arm-none-eabi/7.3.1/../../../../arm-none-eabi/lib/thumb/v7-m\libc_nano.a
END GROUP
START GROUP
LOAD c:/st/stm32cubeide_1.4.0/stm32cubeide/plugins/com.st.stm32cube.ide.mcu.externaltools.gnu-tools-for-stm32.7-2018-q2-update.win32_1.4.0.202007081208/tools/bin/../lib/gcc/arm-none-eabi/7.3.1/thumb/v7-m\libgcc.a
LOAD c:/st/stm32cubeide_1.4.0/stm32cubeide/plugins/com.st.stm32cube.ide.mcu.externaltools.gnu-tools-for-stm32.7-2018-q2-update.win32_1.4.0.202007081208/tools/bin/../lib/gcc/arm-none-eabi/7.3.1/../../../../arm-none-eabi/lib/thumb/v7-m\libc_nano.a
LOAD c:/st/stm32cubeide_1.4.0/stm32cubeide/plugins/com.st.stm32cube.ide.mcu.externaltools.gnu-tools-for-stm32.7-2018-q2-update.win32_1.4.0.202007081208/tools/bin/../lib/gcc/arm-none-eabi/7.3.1/../../../../arm-none-eabi/lib/thumb/v7-m\libnosys.a
END GROUP
START GROUP
LOAD c:/st/stm32cubeide_1.4.0/stm32cubeide/plugins/com.st.stm32cube.ide.mcu.externaltools.gnu-tools-for-stm32.7-2018-q2-update.win32_1.4.0.202007081208/tools/bin/../lib/gcc/arm-none-eabi/7.3.1/thumb/v7-m\libgcc.a
LOAD c:/st/stm32cubeide_1.4.0/stm32cubeide/plugins/com.st.stm32cube.ide.mcu.externaltools.gnu-tools-for-stm32.7-2018-q2-update.win32_1.4.0.202007081208/tools/bin/../lib/gcc/arm-none-eabi/7.3.1/../../../../arm-none-eabi/lib/thumb/v7-m\libc_nano.a
LOAD c:/st/stm32cubeide_1.4.0/stm32cubeide/plugins/com.st.stm32cube.ide.mcu.externaltools.gnu-tools-for-stm32.7-2018-q2-update.win32_1.4.0.202007081208/tools/bin/../lib/gcc/arm-none-eabi/7.3.1/../../../../arm-none-eabi/lib/thumb/v7-m\libnosys.a
END GROUP
LOAD c:/st/stm32cubeide_1.4.0/stm32cubeide/plugins/com.st.stm32cube.ide.mcu.externaltools.gnu-tools-for-stm32.7-2018-q2-update.win32_1.4.0.202007081208/tools/bin/../lib/gcc/arm-none-eabi/7.3.1/thumb/v7-m/crtend.o
LOAD c:/st/stm32cubeide_1.4.0/stm32cubeide/plugins/com.st.stm32cube.ide.mcu.externaltools.gnu-tools-for-stm32.7-2018-q2-update.win32_1.4.0.202007081208/tools/bin/../lib/gcc/arm-none-eabi/7.3.1/thumb/v7-m/crtn.o
                0x0000000020002800                _estack = (ORIGIN (RAM) + LENGTH (RAM))
                0x0000000000000200                _Min_Heap_Size = 0x200
                0x0000000000000400                _Min_Stack_Size = 0x400

.isr_vector     0x0000000008000000      0x130
                0x0000000008000000                . = ALIGN (0x4)
 *(.isr_vector)
 .isr_vector    0x0000000008000000      0x130 Startup/startup_stm32f103c6tx.o
                0x0000000008000000                g_pfnVectors
                0x0000000008000130                . = ALIGN (0x4)

.text           0x0000000008000130     0x1324
                0x0000000008000130                . = ALIGN (0x4)
 *(.text)
 .text          0x0000000008000130       0x40 c:/st/stm32cubeide_1.4.0/stm32cubeide/plugins/com.st.stm32cube.ide.mcu.externaltools.gnu-tools-for-stm32.7-2018-q2-update.win32_1.4.0.202007081208/tools/bin/../lib/gcc/arm-none-eabi/7.3.1/thumb/v7-m/crtbegin.o
 *(.text*)
 .text.HAL_EEPROM_Init
                0x0000000008000170       0x44 APP/EEPROM.o
                0x0000000008000170                HAL_EEPROM_Init
 .text.HAL_EEPROM_Write_NBytes
                0x00000000080001b4       0xa8 APP/EEPROM.o
                0x00000000080001b4                HAL_EEPROM_Write_NBytes
 .text.HAL_EEPROM_Read_NBytes
                0x000000000800025c       0x54 APP/EEPROM.o
                0x000000000800025c                HAL_EEPROM_Read_NBytes
 .text.I2C_EEPROM
                0x00000000080002b0       0x78 APP/I2C_EEPROM.o
                0x00000000080002b0                I2C_EEPROM
 .text.main     0x0000000008000328        0xe Src/main.o
                0x0000000008000328                main
 *fill*         0x0000000008000336        0x2 
 .text.Reset_Handler
                0x0000000008000338       0x50 Startup/startup_stm32f103c6tx.o
                0x0000000008000338                Reset_Handler
 .text.Default_Handler
                0x0000000008000388        0x2 Startup/startup_stm32f103c6tx.o
                0x0000000008000388                TIM8_TRG_COM_IRQHandler
                0x0000000008000388                TIM8_CC_IRQHandler
                0x0000000008000388                DebugMon_Handler
                0x0000000008000388                TIM1_CC_IRQHandler
                0x0000000008000388                HardFault_Handler
                0x0000000008000388                TIM6_IRQHandler
                0x0000000008000388                SysTick_Handler
                0x0000000008000388                PVD_IRQHandler
                0x0000000008000388                SDIO_IRQHandler
                0x0000000008000388                PendSV_Handler
                0x0000000008000388                NMI_Handler
                0x0000000008000388                USB_HP_CAN_TX_IRQHandler
                0x0000000008000388                UsageFault_Handler
                0x0000000008000388                ADC1_2_IRQHandler
                0x0000000008000388                CAN_SCE_IRQHandler
                0x0000000008000388                TAMPER_IRQHandler
                0x0000000008000388                TIM8_UP_IRQHandler
                0x0000000008000388                DMA2_Channel2_IRQHandler
                0x0000000008000388                DMA1_Channel4_IRQHandler
                0x0000000008000388                RTC_IRQHandler
                0x0000000008000388                DMA1_Channel7_IRQHandler
                0x0000000008000388                UART5_IRQHandler
                0x0000000008000388                ADC3_IRQHandler
                0x0000000008000388                TIM4_IRQHandler
                0x0000000008000388                CAN_RX1_IRQHandler
                0x0000000008000388                DMA2_Channel1_IRQHandler
                0x0000000008000388                DMA1_Channel6_IRQHandler
                0x0000000008000388                UART4_IRQHandler
                0x0000000008000388                TIM3_IRQHandler
                0x0000000008000388                RCC_IRQHandler
                0x0000000008000388                TIM1_TRG_COM_IRQHandler
                0x0000000008000388                DMA1_Channel1_IRQHandler
                0x0000000008000388                Default_Handler
                0x0000000008000388                TIM7_IRQHandler
                0x0000000008000388                TIM5_IRQHandler
                0x0000000008000388                USB_LP_CAN_RX0_IRQHandler
                0x0000000008000388                MemManage_Handler
                0x0000000008000388                SVC_Handler
                0x0000000008000388                DMA1_Channel5_IRQHandler
                0x0000000008000388                DMA1_Channel3_IRQHandler
                0x0000000008000388                FSMC_IRQHandler
                0x0000000008000388                TIM1_UP_IRQHandler
                0x0000000008000388                WWDG_IRQHandler
                0x0000000008000388                TIM2_IRQHandler
                0x0000000008000388                TIM1_BRK_IRQHandler
                0x0000000008000388                RTCAlarm_IRQHandler
                0x0000000008000388                DMA2_Channel4_5_IRQHandler
                0x0000000008000388                DMA1_Channel2_IRQHandler
                0x0000000008000388                TIM8_BRK_IRQHandler
                0x0000000008000388                FLASH_IRQHandler
                0x0000000008000388                BusFault_Handler
                0x0000000008000388                SPI3_IRQHandler
                0x0000000008000388                DMA2_Channel3_IRQHandler
 *fill*         0x000000000800038a        0x2 
 .text.EXTI0_IRQHandler
                0x000000000800038c       0x24 Stm32_F103C6_Drivers/Src/EXIT.o
                0x000000000800038c                EXTI0_IRQHandler
 .text.EXTI1_IRQHandler
                0x00000000080003b0       0x24 Stm32_F103C6_Drivers/Src/EXIT.o
                0x00000000080003b0                EXTI1_IRQHandler
 .text.EXTI2_IRQHandler
                0x00000000080003d4       0x24 Stm32_F103C6_Drivers/Src/EXIT.o
                0x00000000080003d4                EXTI2_IRQHandler
 .text.EXTI3_IRQHandler
                0x00000000080003f8       0x24 Stm32_F103C6_Drivers/Src/EXIT.o
                0x00000000080003f8                EXTI3_IRQHandler
 .text.EXTI4_IRQHandler
                0x000000000800041c       0x24 Stm32_F103C6_Drivers/Src/EXIT.o
                0x000000000800041c                EXTI4_IRQHandler
 .text.EXTI9_5_IRQHandler
                0x0000000008000440       0xb0 Stm32_F103C6_Drivers/Src/EXIT.o
                0x0000000008000440                EXTI9_5_IRQHandler
 .text.EXTI15_10_IRQHandler
                0x00000000080004f0       0xd0 Stm32_F103C6_Drivers/Src/EXIT.o
                0x00000000080004f0                EXTI15_10_IRQHandler
 .text.ConfigurationPin
                0x00000000080005c0      0x326 Stm32_F103C6_Drivers/Src/GPIO.o
                0x00000000080005c0                ConfigurationPin
 *fill*         0x00000000080008e6        0x2 
 .text.MCAL_GPIO_Init
                0x00000000080008e8       0xf4 Stm32_F103C6_Drivers/Src/GPIO.o
                0x00000000080008e8                MCAL_GPIO_Init
 .text.I2C_Get_EventFlag
                0x00000000080009dc      0x140 Stm32_F103C6_Drivers/Src/I2C.o
                0x00000000080009dc                I2C_Get_EventFlag
 .text.I2C_Generate_StartCondition
                0x0000000008000b1c       0x4a Stm32_F103C6_Drivers/Src/I2C.o
                0x0000000008000b1c                I2C_Generate_StartCondition
 *fill*         0x0000000008000b66        0x2 
 .text.I2C_Send_Address
                0x0000000008000b68       0xbc Stm32_F103C6_Drivers/Src/I2C.o
                0x0000000008000b68                I2C_Send_Address
 .text.I2C_Generate_StopCondition
                0x0000000008000c24       0x38 Stm32_F103C6_Drivers/Src/I2C.o
                0x0000000008000c24                I2C_Generate_StopCondition
 .text.I2C_Generate_ACK
                0x0000000008000c5c       0x38 Stm32_F103C6_Drivers/Src/I2C.o
                0x0000000008000c5c                I2C_Generate_ACK
 .text.MCAL_I2C_Init
                0x0000000008000c94      0x234 Stm32_F103C6_Drivers/Src/I2C.o
                0x0000000008000c94                MCAL_I2C_Init
 .text.MCAL_I2C_GPIO_Set_Pins
                0x0000000008000ec8       0xd0 Stm32_F103C6_Drivers/Src/I2C.o
                0x0000000008000ec8                MCAL_I2C_GPIO_Set_Pins
 .text.MCAL_I2C_MASTER_TX
                0x0000000008000f98       0xa8 Stm32_F103C6_Drivers/Src/I2C.o
                0x0000000008000f98                MCAL_I2C_MASTER_TX
 .text.MCAL_I2C_MASTER_RX
                0x0000000008001040      0x118 Stm32_F103C6_Drivers/Src/I2C.o
                0x0000000008001040                MCAL_I2C_MASTER_RX
 .text.I2C1_EV_IRQHandler
                0x0000000008001158      0x108 Stm32_F103C6_Drivers/Src/I2C.o
                0x0000000008001158                I2C1_EV_IRQHandler
 .text.I2C1_ER_IRQHandler
                0x0000000008001260        0xc Stm32_F103C6_Drivers/Src/I2C.o
                0x0000000008001260                I2C1_ER_IRQHandler
 .text.I2C2_EV_IRQHandler
                0x000000000800126c        0xc Stm32_F103C6_Drivers/Src/I2C.o
                0x000000000800126c                I2C2_EV_IRQHandler
 .text.I2C2_ER_IRQHandler
                0x0000000008001278        0xc Stm32_F103C6_Drivers/Src/I2C.o
                0x0000000008001278                I2C2_ER_IRQHandler
 .text.MCAL_RCC_GPIO_EN
                0x0000000008001284       0x74 Stm32_F103C6_Drivers/Src/RCC.o
                0x0000000008001284                MCAL_RCC_GPIO_EN
 .text.MCAL_RCC_AFIO_EN
                0x00000000080012f8       0x1c Stm32_F103C6_Drivers/Src/RCC.o
                0x00000000080012f8                MCAL_RCC_AFIO_EN
 .text.MCAL_RCC_GetSYS_CLKFreq
                0x0000000008001314       0x3c Stm32_F103C6_Drivers/Src/RCC.o
                0x0000000008001314                MCAL_RCC_GetSYS_CLKFreq
 .text.MCAL_RCC_GetHCLKFreq
                0x0000000008001350       0x20 Stm32_F103C6_Drivers/Src/RCC.o
                0x0000000008001350                MCAL_RCC_GetHCLKFreq
 .text.MCAL_RCC_GetPCLK1Freq
                0x0000000008001370       0x20 Stm32_F103C6_Drivers/Src/RCC.o
                0x0000000008001370                MCAL_RCC_GetPCLK1Freq
 .text.SPI1_IRQHandler
                0x0000000008001390       0x14 Stm32_F103C6_Drivers/Src/SPI.o
                0x0000000008001390                SPI1_IRQHandler
 .text.SPI2_IRQHandler
                0x00000000080013a4       0x14 Stm32_F103C6_Drivers/Src/SPI.o
                0x00000000080013a4                SPI2_IRQHandler
 .text.USART2_IRQHandler
                0x00000000080013b8       0x14 Stm32_F103C6_Drivers/Src/USART.o
                0x00000000080013b8                USART2_IRQHandler
 .text.USART1_IRQHandler
                0x00000000080013cc       0x14 Stm32_F103C6_Drivers/Src/USART.o
                0x00000000080013cc                USART1_IRQHandler
 .text.USART3_IRQHandler
                0x00000000080013e0       0x14 Stm32_F103C6_Drivers/Src/USART.o
                0x00000000080013e0                USART3_IRQHandler
 .text.__libc_init_array
                0x00000000080013f4       0x48 c:/st/stm32cubeide_1.4.0/stm32cubeide/plugins/com.st.stm32cube.ide.mcu.externaltools.gnu-tools-for-stm32.7-2018-q2-update.win32_1.4.0.202007081208/tools/bin/../lib/gcc/arm-none-eabi/7.3.1/../../../../arm-none-eabi/lib/thumb/v7-m\libc_nano.a(lib_a-init.o)
                0x00000000080013f4                __libc_init_array
 *(.glue_7)
 .glue_7        0x000000000800143c        0x0 linker stubs
 *(.glue_7t)
 .glue_7t       0x000000000800143c        0x0 linker stubs
 *(.eh_frame)
 .eh_frame      0x000000000800143c        0x0 c:/st/stm32cubeide_1.4.0/stm32cubeide/plugins/com.st.stm32cube.ide.mcu.externaltools.gnu-tools-for-stm32.7-2018-q2-update.win32_1.4.0.202007081208/tools/bin/../lib/gcc/arm-none-eabi/7.3.1/thumb/v7-m/crtbegin.o
 *(.init)
 .init          0x000000000800143c        0x4 c:/st/stm32cubeide_1.4.0/stm32cubeide/plugins/com.st.stm32cube.ide.mcu.externaltools.gnu-tools-for-stm32.7-2018-q2-update.win32_1.4.0.202007081208/tools/bin/../lib/gcc/arm-none-eabi/7.3.1/thumb/v7-m/crti.o
                0x000000000800143c                _init
 .init          0x0000000008001440        0x8 c:/st/stm32cubeide_1.4.0/stm32cubeide/plugins/com.st.stm32cube.ide.mcu.externaltools.gnu-tools-for-stm32.7-2018-q2-update.win32_1.4.0.202007081208/tools/bin/../lib/gcc/arm-none-eabi/7.3.1/thumb/v7-m/crtn.o
 *(.fini)
 .fini          0x0000000008001448        0x4 c:/st/stm32cubeide_1.4.0/stm32cubeide/plugins/com.st.stm32cube.ide.mcu.externaltools.gnu-tools-for-stm32.7-2018-q2-update.win32_1.4.0.202007081208/tools/bin/../lib/gcc/arm-none-eabi/7.3.1/thumb/v7-m/crti.o
                0x0000000008001448                _fini
 .fini          0x000000000800144c        0x8 c:/st/stm32cubeide_1.4.0/stm32cubeide/plugins/com.st.stm32cube.ide.mcu.externaltools.gnu-tools-for-stm32.7-2018-q2-update.win32_1.4.0.202007081208/tools/bin/../lib/gcc/arm-none-eabi/7.3.1/thumb/v7-m/crtn.o
                0x0000000008001454                . = ALIGN (0x4)
                0x0000000008001454                _etext = .

.vfp11_veneer   0x0000000008001454        0x0
 .vfp11_veneer  0x0000000008001454        0x0 linker stubs

.v4_bx          0x0000000008001454        0x0
 .v4_bx         0x0000000008001454        0x0 linker stubs

.iplt           0x0000000008001454        0x0
 .iplt          0x0000000008001454        0x0 c:/st/stm32cubeide_1.4.0/stm32cubeide/plugins/com.st.stm32cube.ide.mcu.externaltools.gnu-tools-for-stm32.7-2018-q2-update.win32_1.4.0.202007081208/tools/bin/../lib/gcc/arm-none-eabi/7.3.1/thumb/v7-m/crtbegin.o

.rodata         0x0000000008001454       0x10
                0x0000000008001454                . = ALIGN (0x4)
 *(.rodata)
 .rodata        0x0000000008001454        0x7 APP/I2C_EEPROM.o
 *(.rodata*)
 *fill*         0x000000000800145b        0x1 
 .rodata.I2C_GPIO_Pins
                0x000000000800145c        0x8 Stm32_F103C6_Drivers/Src/I2C.o
                0x000000000800145c                I2C_GPIO_Pins
                0x0000000008001464                . = ALIGN (0x4)

.rel.dyn        0x0000000008001464        0x0
 .rel.iplt      0x0000000008001464        0x0 c:/st/stm32cubeide_1.4.0/stm32cubeide/plugins/com.st.stm32cube.ide.mcu.externaltools.gnu-tools-for-stm32.7-2018-q2-update.win32_1.4.0.202007081208/tools/bin/../lib/gcc/arm-none-eabi/7.3.1/thumb/v7-m/crtbegin.o

.ARM.extab      0x0000000008001464        0x0
                0x0000000008001464                . = ALIGN (0x4)
 *(.ARM.extab* .gnu.linkonce.armextab.*)
                0x0000000008001464                . = ALIGN (0x4)

.ARM            0x0000000008001464        0x0
                0x0000000008001464                . = ALIGN (0x4)
                0x0000000008001464                __exidx_start = .
 *(.ARM.exidx*)
                0x0000000008001464                __exidx_end = .
                0x0000000008001464                . = ALIGN (0x4)

.preinit_array  0x0000000008001464        0x0
                0x0000000008001464                . = ALIGN (0x4)
                0x0000000008001464                PROVIDE (__preinit_array_start = .)
 *(.preinit_array*)
                0x0000000008001464                PROVIDE (__preinit_array_end = .)
                0x0000000008001464                . = ALIGN (0x4)

.init_array     0x0000000008001464        0x4
                0x0000000008001464                . = ALIGN (0x4)
                0x0000000008001464                PROVIDE (__init_array_start = .)
 *(SORT_BY_NAME(.init_array.*))
 *(.init_array*)
 .init_array    0x0000000008001464        0x4 c:/st/stm32cubeide_1.4.0/stm32cubeide/plugins/com.st.stm32cube.ide.mcu.externaltools.gnu-tools-for-stm32.7-2018-q2-update.win32_1.4.0.202007081208/tools/bin/../lib/gcc/arm-none-eabi/7.3.1/thumb/v7-m/crtbegin.o
                0x0000000008001468                PROVIDE (__init_array_end = .)
                0x0000000008001468                . = ALIGN (0x4)

.fini_array     0x0000000008001468        0x4
                0x0000000008001468                . = ALIGN (0x4)
                [!provide]                        PROVIDE (__fini_array_start = .)
 *(SORT_BY_NAME(.fini_array.*))
 *(.fini_array*)
 .fini_array    0x0000000008001468        0x4 c:/st/stm32cubeide_1.4.0/stm32cubeide/plugins/com.st.stm32cube.ide.mcu.externaltools.gnu-tools-for-stm32.7-2018-q2-update.win32_1.4.0.202007081208/tools/bin/../lib/gcc/arm-none-eabi/7.3.1/thumb/v7-m/crtbegin.o
                [!provide]                        PROVIDE (__fini_array_end = .)
                0x000000000800146c                . = ALIGN (0x4)
                0x000000000800146c                _sidata = LOADADDR (.data)

.data           0x0000000020000000        0x0 load address 0x000000000800146c
                0x0000000020000000                . = ALIGN (0x4)
                0x0000000020000000                _sdata = .
 *(.data)
 *(.data*)
                0x0000000020000000                . = ALIGN (0x4)
                0x0000000020000000                _edata = .

.igot.plt       0x0000000020000000        0x0 load address 0x000000000800146c
 .igot.plt      0x0000000020000000        0x0 c:/st/stm32cubeide_1.4.0/stm32cubeide/plugins/com.st.stm32cube.ide.mcu.externaltools.gnu-tools-for-stm32.7-2018-q2-update.win32_1.4.0.202007081208/tools/bin/../lib/gcc/arm-none-eabi/7.3.1/thumb/v7-m/crtbegin.o
                0x0000000020000000                . = ALIGN (0x4)

.bss            0x0000000020000000       0xc4 load address 0x000000000800146c
                0x0000000020000000                _sbss = .
                0x0000000020000000                __bss_start__ = _sbss
 *(.bss)
 .bss           0x0000000020000000       0x1c c:/st/stm32cubeide_1.4.0/stm32cubeide/plugins/com.st.stm32cube.ide.mcu.externaltools.gnu-tools-for-stm32.7-2018-q2-update.win32_1.4.0.202007081208/tools/bin/../lib/gcc/arm-none-eabi/7.3.1/thumb/v7-m/crtbegin.o
 *(.bss*)
 .bss.Global_I2C_Config
                0x000000002000001c       0x58 Stm32_F103C6_Drivers/Src/I2C.o
 .bss.Global_SPI_Config
                0x0000000020000074        0x8 Stm32_F103C6_Drivers/Src/SPI.o
 .bss.Global_USART_Config
                0x000000002000007c        0xc Stm32_F103C6_Drivers/Src/USART.o
                0x000000002000007c                Global_USART_Config
 *(COMMON)
 COMMON         0x0000000020000088       0x3c Stm32_F103C6_Drivers/Src/EXIT.o
                0x0000000020000088                GP_IRQCallBack
                0x00000000200000c4                . = ALIGN (0x4)
                0x00000000200000c4                _ebss = .
                0x00000000200000c4                __bss_end__ = _ebss

._user_heap_stack
                0x00000000200000c4      0x604 load address 0x000000000800146c
                0x00000000200000c8                . = ALIGN (0x8)
 *fill*         0x00000000200000c4        0x4 
                [!provide]                        PROVIDE (end = .)
                0x00000000200000c8                PROVIDE (_end = .)
                0x00000000200002c8                . = (. + _Min_Heap_Size)
 *fill*         0x00000000200000c8      0x200 
                0x00000000200006c8                . = (. + _Min_Stack_Size)
 *fill*         0x00000000200002c8      0x400 
                0x00000000200006c8                . = ALIGN (0x8)

/DISCARD/
 libc.a(*)
 libm.a(*)
 libgcc.a(*)

.ARM.attributes
                0x0000000000000000       0x29
 *(.ARM.attributes)
 .ARM.attributes
                0x0000000000000000       0x1d c:/st/stm32cubeide_1.4.0/stm32cubeide/plugins/com.st.stm32cube.ide.mcu.externaltools.gnu-tools-for-stm32.7-2018-q2-update.win32_1.4.0.202007081208/tools/bin/../lib/gcc/arm-none-eabi/7.3.1/thumb/v7-m/crti.o
 .ARM.attributes
                0x000000000000001d       0x2d c:/st/stm32cubeide_1.4.0/stm32cubeide/plugins/com.st.stm32cube.ide.mcu.externaltools.gnu-tools-for-stm32.7-2018-q2-update.win32_1.4.0.202007081208/tools/bin/../lib/gcc/arm-none-eabi/7.3.1/thumb/v7-m/crtbegin.o
 .ARM.attributes
                0x000000000000004a       0x33 APP/EEPROM.o
 .ARM.attributes
                0x000000000000007d       0x33 APP/I2C_EEPROM.o
 .ARM.attributes
                0x00000000000000b0       0x33 Src/main.o
 .ARM.attributes
                0x00000000000000e3       0x21 Startup/startup_stm32f103c6tx.o
 .ARM.attributes
                0x0000000000000104       0x33 Stm32_F103C6_Drivers/Src/EXIT.o
 .ARM.attributes
                0x0000000000000137       0x33 Stm32_F103C6_Drivers/Src/GPIO.o
 .ARM.attributes
                0x000000000000016a       0x33 Stm32_F103C6_Drivers/Src/I2C.o
 .ARM.attributes
                0x000000000000019d       0x33 Stm32_F103C6_Drivers/Src/RCC.o
 .ARM.attributes
                0x00000000000001d0       0x33 Stm32_F103C6_Drivers/Src/SPI.o
 .ARM.attributes
                0x0000000000000203       0x33 Stm32_F103C6_Drivers/Src/USART.o
 .ARM.attributes
                0x0000000000000236       0x2d c:/st/stm32cubeide_1.4.0/stm32cubeide/plugins/com.st.stm32cube.ide.mcu.externaltools.gnu-tools-for-stm32.7-2018-q2-update.win32_1.4.0.202007081208/tools/bin/../lib/gcc/arm-none-eabi/7.3.1/../../../../arm-none-eabi/lib/thumb/v7-m\libc_nano.a(lib_a-init.o)
 .ARM.attributes
                0x0000000000000263       0x1d c:/st/stm32cubeide_1.4.0/stm32cubeide/plugins/com.st.stm32cube.ide.mcu.externaltools.gnu-tools-for-stm32.7-2018-q2-update.win32_1.4.0.202007081208/tools/bin/../lib/gcc/arm-none-eabi/7.3.1/thumb/v7-m/crtn.o
OUTPUT(Drivers.elf elf32-littlearm)

.debug_info     0x0000000000000000    0x11080
 .debug_info    0x0000000000000000     0x1374 APP/EEPROM.o
 .debug_info    0x0000000000001374      0x9d7 APP/I2C_EEPROM.o
 .debug_info    0x0000000000001d4b      0x998 Src/main.o
 .debug_info    0x00000000000026e3       0x22 Startup/startup_stm32f103c6tx.o
 .debug_info    0x0000000000002705     0x2341 Stm32_F103C6_Drivers/Src/EXIT.o
 .debug_info    0x0000000000004a46     0x237b Stm32_F103C6_Drivers/Src/GPIO.o
 .debug_info    0x0000000000006dc1     0x2f81 Stm32_F103C6_Drivers/Src/I2C.o
 .debug_info    0x0000000000009d42     0x2150 Stm32_F103C6_Drivers/Src/RCC.o
 .debug_info    0x000000000000be92     0x2808 Stm32_F103C6_Drivers/Src/SPI.o
 .debug_info    0x000000000000e69a     0x29e6 Stm32_F103C6_Drivers/Src/USART.o

.debug_abbrev   0x0000000000000000     0x1546
 .debug_abbrev  0x0000000000000000      0x234 APP/EEPROM.o
 .debug_abbrev  0x0000000000000234      0x17f APP/I2C_EEPROM.o
 .debug_abbrev  0x00000000000003b3      0x169 Src/main.o
 .debug_abbrev  0x000000000000051c       0x12 Startup/startup_stm32f103c6tx.o
 .debug_abbrev  0x000000000000052e      0x24c Stm32_F103C6_Drivers/Src/EXIT.o
 .debug_abbrev  0x000000000000077a      0x2bb Stm32_F103C6_Drivers/Src/GPIO.o
 .debug_abbrev  0x0000000000000a35      0x350 Stm32_F103C6_Drivers/Src/I2C.o
 .debug_abbrev  0x0000000000000d85      0x27f Stm32_F103C6_Drivers/Src/RCC.o
 .debug_abbrev  0x0000000000001004      0x285 Stm32_F103C6_Drivers/Src/SPI.o
 .debug_abbrev  0x0000000000001289      0x2bd Stm32_F103C6_Drivers/Src/USART.o

.debug_loc      0x0000000000000000     0x13a8
 .debug_loc     0x0000000000000000       0xf2 APP/EEPROM.o
 .debug_loc     0x00000000000000f2       0x38 APP/I2C_EEPROM.o
 .debug_loc     0x000000000000012a       0x2c Src/main.o
 .debug_loc     0x0000000000000156      0x320 Stm32_F103C6_Drivers/Src/EXIT.o
 .debug_loc     0x0000000000000476      0x38c Stm32_F103C6_Drivers/Src/GPIO.o
 .debug_loc     0x0000000000000802      0x536 Stm32_F103C6_Drivers/Src/I2C.o
 .debug_loc     0x0000000000000d38      0x168 Stm32_F103C6_Drivers/Src/RCC.o
 .debug_loc     0x0000000000000ea0      0x274 Stm32_F103C6_Drivers/Src/SPI.o
 .debug_loc     0x0000000000001114      0x294 Stm32_F103C6_Drivers/Src/USART.o

.debug_aranges  0x0000000000000000      0x318
 .debug_aranges
                0x0000000000000000       0x30 APP/EEPROM.o
 .debug_aranges
                0x0000000000000030       0x20 APP/I2C_EEPROM.o
 .debug_aranges
                0x0000000000000050       0x20 Src/main.o
 .debug_aranges
                0x0000000000000070       0x28 Startup/startup_stm32f103c6tx.o
 .debug_aranges
                0x0000000000000098       0x80 Stm32_F103C6_Drivers/Src/EXIT.o
 .debug_aranges
                0x0000000000000118       0x68 Stm32_F103C6_Drivers/Src/GPIO.o
 .debug_aranges
                0x0000000000000180       0x98 Stm32_F103C6_Drivers/Src/I2C.o
 .debug_aranges
                0x0000000000000218       0x48 Stm32_F103C6_Drivers/Src/RCC.o
 .debug_aranges
                0x0000000000000260       0x58 Stm32_F103C6_Drivers/Src/SPI.o
 .debug_aranges
                0x00000000000002b8       0x60 Stm32_F103C6_Drivers/Src/USART.o

.debug_ranges   0x0000000000000000      0x280
 .debug_ranges  0x0000000000000000       0x20 APP/EEPROM.o
 .debug_ranges  0x0000000000000020       0x10 APP/I2C_EEPROM.o
 .debug_ranges  0x0000000000000030       0x10 Src/main.o
 .debug_ranges  0x0000000000000040       0x20 Startup/startup_stm32f103c6tx.o
 .debug_ranges  0x0000000000000060       0x70 Stm32_F103C6_Drivers/Src/EXIT.o
 .debug_ranges  0x00000000000000d0       0x58 Stm32_F103C6_Drivers/Src/GPIO.o
 .debug_ranges  0x0000000000000128       0x88 Stm32_F103C6_Drivers/Src/I2C.o
 .debug_ranges  0x00000000000001b0       0x38 Stm32_F103C6_Drivers/Src/RCC.o
 .debug_ranges  0x00000000000001e8       0x48 Stm32_F103C6_Drivers/Src/SPI.o
 .debug_ranges  0x0000000000000230       0x50 Stm32_F103C6_Drivers/Src/USART.o

.debug_macro    0x0000000000000000     0x2b15
 .debug_macro   0x0000000000000000      0x173 APP/EEPROM.o
 .debug_macro   0x0000000000000173      0xa60 APP/EEPROM.o
 .debug_macro   0x0000000000000bd3       0x22 APP/EEPROM.o
 .debug_macro   0x0000000000000bf5       0x8e APP/EEPROM.o
 .debug_macro   0x0000000000000c83       0x51 APP/EEPROM.o
 .debug_macro   0x0000000000000cd4       0xef APP/EEPROM.o
 .debug_macro   0x0000000000000dc3       0x6a APP/EEPROM.o
 .debug_macro   0x0000000000000e2d      0x1df APP/EEPROM.o
 .debug_macro   0x000000000000100c       0x18 APP/EEPROM.o
 .debug_macro   0x0000000000001024       0x46 APP/EEPROM.o
 .debug_macro   0x000000000000106a       0x3c APP/EEPROM.o
 .debug_macro   0x00000000000010a6       0x34 APP/EEPROM.o
 .debug_macro   0x00000000000010da       0x16 APP/EEPROM.o
 .debug_macro   0x00000000000010f0      0x10e APP/EEPROM.o
 .debug_macro   0x00000000000011fe       0x8d APP/EEPROM.o
 .debug_macro   0x000000000000128b       0x52 APP/EEPROM.o
 .debug_macro   0x00000000000012dd       0x1f APP/EEPROM.o
 .debug_macro   0x00000000000012fc       0x43 APP/EEPROM.o
 .debug_macro   0x000000000000133f       0x20 APP/EEPROM.o
 .debug_macro   0x000000000000135f      0x1a3 APP/EEPROM.o
 .debug_macro   0x0000000000001502      0x330 APP/EEPROM.o
 .debug_macro   0x0000000000001832       0x16 APP/EEPROM.o
 .debug_macro   0x0000000000001848       0x29 APP/EEPROM.o
 .debug_macro   0x0000000000001871      0x251 APP/EEPROM.o
 .debug_macro   0x0000000000001ac2       0xfa APP/EEPROM.o
 .debug_macro   0x0000000000001bbc       0x10 APP/EEPROM.o
 .debug_macro   0x0000000000001bcc       0x7e APP/EEPROM.o
 .debug_macro   0x0000000000001c4a      0x176 APP/I2C_EEPROM.o
 .debug_macro   0x0000000000001dc0       0x10 APP/I2C_EEPROM.o
 .debug_macro   0x0000000000001dd0      0x176 Src/main.o
 .debug_macro   0x0000000000001f46      0x154 Stm32_F103C6_Drivers/Src/EXIT.o
 .debug_macro   0x000000000000209a      0x1c5 Stm32_F103C6_Drivers/Src/EXIT.o
 .debug_macro   0x000000000000225f      0x145 Stm32_F103C6_Drivers/Src/GPIO.o
 .debug_macro   0x00000000000023a4      0x17b Stm32_F103C6_Drivers/Src/I2C.o
 .debug_macro   0x000000000000251f      0x154 Stm32_F103C6_Drivers/Src/RCC.o
 .debug_macro   0x0000000000002673      0x187 Stm32_F103C6_Drivers/Src/SPI.o
 .debug_macro   0x00000000000027fa       0xca Stm32_F103C6_Drivers/Src/SPI.o
 .debug_macro   0x00000000000028c4      0x163 Stm32_F103C6_Drivers/Src/USART.o
 .debug_macro   0x0000000000002a27       0xee Stm32_F103C6_Drivers/Src/USART.o

.debug_line     0x0000000000000000     0x3c78
 .debug_line    0x0000000000000000      0x5ae APP/EEPROM.o
 .debug_line    0x00000000000005ae      0x58e APP/I2C_EEPROM.o
 .debug_line    0x0000000000000b3c      0x57a Src/main.o
 .debug_line    0x00000000000010b6       0x84 Startup/startup_stm32f103c6tx.o
 .debug_line    0x000000000000113a      0x73e Stm32_F103C6_Drivers/Src/EXIT.o
 .debug_line    0x0000000000001878      0x6e0 Stm32_F103C6_Drivers/Src/GPIO.o
 .debug_line    0x0000000000001f58      0x8d3 Stm32_F103C6_Drivers/Src/I2C.o
 .debug_line    0x000000000000282b      0x5ce Stm32_F103C6_Drivers/Src/RCC.o
 .debug_line    0x0000000000002df9      0x716 Stm32_F103C6_Drivers/Src/SPI.o
 .debug_line    0x000000000000350f      0x769 Stm32_F103C6_Drivers/Src/USART.o

.debug_str      0x0000000000000000     0xb1f1
 .debug_str     0x0000000000000000     0x812c APP/EEPROM.o
                                       0x83c6 (size before relaxing)
 .debug_str     0x000000000000812c       0x2e APP/I2C_EEPROM.o
                                       0x805d (size before relaxing)
 .debug_str     0x000000000000815a       0x13 Src/main.o
                                       0x803f (size before relaxing)
 .debug_str     0x000000000000816d       0x31 Startup/startup_stm32f103c6tx.o
                                         0x7f (size before relaxing)
 .debug_str     0x000000000000819e     0x19bc Stm32_F103C6_Drivers/Src/EXIT.o
                                       0x9773 (size before relaxing)
 .debug_str     0x0000000000009b5a      0x5f6 Stm32_F103C6_Drivers/Src/GPIO.o
                                       0x8598 (size before relaxing)
 .debug_str     0x000000000000a150      0x2aa Stm32_F103C6_Drivers/Src/I2C.o
                                       0x8d12 (size before relaxing)
 .debug_str     0x000000000000a3fa       0x9d Stm32_F103C6_Drivers/Src/RCC.o
                                       0x84ff (size before relaxing)
 .debug_str     0x000000000000a497      0x66a Stm32_F103C6_Drivers/Src/SPI.o
                                       0x8bab (size before relaxing)
 .debug_str     0x000000000000ab01      0x6f0 Stm32_F103C6_Drivers/Src/USART.o
                                       0x8c8e (size before relaxing)

.comment        0x0000000000000000       0x7b
 .comment       0x0000000000000000       0x7b APP/EEPROM.o
                                         0x7c (size before relaxing)
 .comment       0x000000000000007b       0x7c APP/I2C_EEPROM.o
 .comment       0x000000000000007b       0x7c Src/main.o
 .comment       0x000000000000007b       0x7c Stm32_F103C6_Drivers/Src/EXIT.o
 .comment       0x000000000000007b       0x7c Stm32_F103C6_Drivers/Src/GPIO.o
 .comment       0x000000000000007b       0x7c Stm32_F103C6_Drivers/Src/I2C.o
 .comment       0x000000000000007b       0x7c Stm32_F103C6_Drivers/Src/RCC.o
 .comment       0x000000000000007b       0x7c Stm32_F103C6_Drivers/Src/SPI.o
 .comment       0x000000000000007b       0x7c Stm32_F103C6_Drivers/Src/USART.o

.debug_frame    0x0000000000000000      0xa18
 .debug_frame   0x0000000000000000       0x80 APP/EEPROM.o
 .debug_frame   0x0000000000000080       0x30 APP/I2C_EEPROM.o
 .debug_frame   0x00000000000000b0       0x2c Src/main.o
 .debug_frame   0x00000000000000dc      0x1b0 Stm32_F103C6_Drivers/Src/EXIT.o
 .debug_frame   0x000000000000028c      0x19c Stm32_F103C6_Drivers/Src/GPIO.o
 .debug_frame   0x0000000000000428      0x274 Stm32_F103C6_Drivers/Src/I2C.o
 .debug_frame   0x000000000000069c       0xcc Stm32_F103C6_Drivers/Src/RCC.o
 .debug_frame   0x0000000000000768      0x134 Stm32_F103C6_Drivers/Src/SPI.o
 .debug_frame   0x000000000000089c      0x150 Stm32_F103C6_Drivers/Src/USART.o
 .debug_frame   0x00000000000009ec       0x2c c:/st/stm32cubeide_1.4.0/stm32cubeide/plugins/com.st.stm32cube.ide.mcu.externaltools.gnu-tools-for-stm32.7-2018-q2-update.win32_1.4.0.202007081208/tools/bin/../lib/gcc/arm-none-eabi/7.3.1/../../../../arm-none-eabi/lib/thumb/v7-m\libc_nano.a(lib_a-init.o)
