Archive member included to satisfy reference by file (symbol)

c:/st/stm32cubeide_1.4.0/stm32cubeide/plugins/com.st.stm32cube.ide.mcu.externaltools.gnu-tools-for-stm32.7-2018-q2-update.win32_1.4.0.202007081208/tools/bin/../lib/gcc/arm-none-eabi/7.3.1/../../../../arm-none-eabi/lib/thumb/v7-m\libc_nano.a(lib_a-errno.o)
                              Src/syscalls.o (__errno)
c:/st/stm32cubeide_1.4.0/stm32cubeide/plugins/com.st.stm32cube.ide.mcu.externaltools.gnu-tools-for-stm32.7-2018-q2-update.win32_1.4.0.202007081208/tools/bin/../lib/gcc/arm-none-eabi/7.3.1/../../../../arm-none-eabi/lib/thumb/v7-m\libc_nano.a(lib_a-exit.o)
                              c:/st/stm32cubeide_1.4.0/stm32cubeide/plugins/com.st.stm32cube.ide.mcu.externaltools.gnu-tools-for-stm32.7-2018-q2-update.win32_1.4.0.202007081208/tools/bin/../lib/gcc/arm-none-eabi/7.3.1/../../../../arm-none-eabi/lib/thumb/v7-m/crt0.o (exit)
c:/st/stm32cubeide_1.4.0/stm32cubeide/plugins/com.st.stm32cube.ide.mcu.externaltools.gnu-tools-for-stm32.7-2018-q2-update.win32_1.4.0.202007081208/tools/bin/../lib/gcc/arm-none-eabi/7.3.1/../../../../arm-none-eabi/lib/thumb/v7-m\libc_nano.a(lib_a-impure.o)
                              c:/st/stm32cubeide_1.4.0/stm32cubeide/plugins/com.st.stm32cube.ide.mcu.externaltools.gnu-tools-for-stm32.7-2018-q2-update.win32_1.4.0.202007081208/tools/bin/../lib/gcc/arm-none-eabi/7.3.1/../../../../arm-none-eabi/lib/thumb/v7-m\libc_nano.a(lib_a-exit.o) (_global_impure_ptr)
c:/st/stm32cubeide_1.4.0/stm32cubeide/plugins/com.st.stm32cube.ide.mcu.externaltools.gnu-tools-for-stm32.7-2018-q2-update.win32_1.4.0.202007081208/tools/bin/../lib/gcc/arm-none-eabi/7.3.1/../../../../arm-none-eabi/lib/thumb/v7-m\libc_nano.a(lib_a-init.o)
                              c:/st/stm32cubeide_1.4.0/stm32cubeide/plugins/com.st.stm32cube.ide.mcu.externaltools.gnu-tools-for-stm32.7-2018-q2-update.win32_1.4.0.202007081208/tools/bin/../lib/gcc/arm-none-eabi/7.3.1/../../../../arm-none-eabi/lib/thumb/v7-m/crt0.o (__libc_init_array)
c:/st/stm32cubeide_1.4.0/stm32cubeide/plugins/com.st.stm32cube.ide.mcu.externaltools.gnu-tools-for-stm32.7-2018-q2-update.win32_1.4.0.202007081208/tools/bin/../lib/gcc/arm-none-eabi/7.3.1/../../../../arm-none-eabi/lib/thumb/v7-m\libc_nano.a(lib_a-memset.o)
                              c:/st/stm32cubeide_1.4.0/stm32cubeide/plugins/com.st.stm32cube.ide.mcu.externaltools.gnu-tools-for-stm32.7-2018-q2-update.win32_1.4.0.202007081208/tools/bin/../lib/gcc/arm-none-eabi/7.3.1/../../../../arm-none-eabi/lib/thumb/v7-m/crt0.o (memset)

Allocating common symbols
Common symbol       size              file

data                0x2               APP/SPI_Transmitter_between_2MCU.o
GP_IRQCallBack      0x3c              Stm32_F103C6_Drivers/Src/EXIT.o

Discarded input sections

 .text          0x0000000000000000        0x0 c:/st/stm32cubeide_1.4.0/stm32cubeide/plugins/com.st.stm32cube.ide.mcu.externaltools.gnu-tools-for-stm32.7-2018-q2-update.win32_1.4.0.202007081208/tools/bin/../lib/gcc/arm-none-eabi/7.3.1/thumb/v7-m/crti.o
 .data          0x0000000000000000        0x0 c:/st/stm32cubeide_1.4.0/stm32cubeide/plugins/com.st.stm32cube.ide.mcu.externaltools.gnu-tools-for-stm32.7-2018-q2-update.win32_1.4.0.202007081208/tools/bin/../lib/gcc/arm-none-eabi/7.3.1/thumb/v7-m/crti.o
 .bss           0x0000000000000000        0x0 c:/st/stm32cubeide_1.4.0/stm32cubeide/plugins/com.st.stm32cube.ide.mcu.externaltools.gnu-tools-for-stm32.7-2018-q2-update.win32_1.4.0.202007081208/tools/bin/../lib/gcc/arm-none-eabi/7.3.1/thumb/v7-m/crti.o
 .data          0x0000000000000000        0x4 c:/st/stm32cubeide_1.4.0/stm32cubeide/plugins/com.st.stm32cube.ide.mcu.externaltools.gnu-tools-for-stm32.7-2018-q2-update.win32_1.4.0.202007081208/tools/bin/../lib/gcc/arm-none-eabi/7.3.1/thumb/v7-m/crtbegin.o
 .text          0x0000000000000000       0x74 c:/st/stm32cubeide_1.4.0/stm32cubeide/plugins/com.st.stm32cube.ide.mcu.externaltools.gnu-tools-for-stm32.7-2018-q2-update.win32_1.4.0.202007081208/tools/bin/../lib/gcc/arm-none-eabi/7.3.1/../../../../arm-none-eabi/lib/thumb/v7-m/crt0.o
 .data          0x0000000000000000        0x0 c:/st/stm32cubeide_1.4.0/stm32cubeide/plugins/com.st.stm32cube.ide.mcu.externaltools.gnu-tools-for-stm32.7-2018-q2-update.win32_1.4.0.202007081208/tools/bin/../lib/gcc/arm-none-eabi/7.3.1/../../../../arm-none-eabi/lib/thumb/v7-m/crt0.o
 .bss           0x0000000000000000        0x0 c:/st/stm32cubeide_1.4.0/stm32cubeide/plugins/com.st.stm32cube.ide.mcu.externaltools.gnu-tools-for-stm32.7-2018-q2-update.win32_1.4.0.202007081208/tools/bin/../lib/gcc/arm-none-eabi/7.3.1/../../../../arm-none-eabi/lib/thumb/v7-m/crt0.o
 .ARM.extab     0x0000000000000000        0x0 c:/st/stm32cubeide_1.4.0/stm32cubeide/plugins/com.st.stm32cube.ide.mcu.externaltools.gnu-tools-for-stm32.7-2018-q2-update.win32_1.4.0.202007081208/tools/bin/../lib/gcc/arm-none-eabi/7.3.1/../../../../arm-none-eabi/lib/thumb/v7-m/crt0.o
 .ARM.exidx     0x0000000000000000        0x8 c:/st/stm32cubeide_1.4.0/stm32cubeide/plugins/com.st.stm32cube.ide.mcu.externaltools.gnu-tools-for-stm32.7-2018-q2-update.win32_1.4.0.202007081208/tools/bin/../lib/gcc/arm-none-eabi/7.3.1/../../../../arm-none-eabi/lib/thumb/v7-m/crt0.o
 .ARM.attributes
                0x0000000000000000       0x1b c:/st/stm32cubeide_1.4.0/stm32cubeide/plugins/com.st.stm32cube.ide.mcu.externaltools.gnu-tools-for-stm32.7-2018-q2-update.win32_1.4.0.202007081208/tools/bin/../lib/gcc/arm-none-eabi/7.3.1/../../../../arm-none-eabi/lib/thumb/v7-m/crt0.o
 .group         0x0000000000000000        0xc APP/SPI_Transmitter_between_2MCU.o
 .group         0x0000000000000000        0xc APP/SPI_Transmitter_between_2MCU.o
 .group         0x0000000000000000        0xc APP/SPI_Transmitter_between_2MCU.o
 .group         0x0000000000000000        0xc APP/SPI_Transmitter_between_2MCU.o
 .group         0x0000000000000000        0xc APP/SPI_Transmitter_between_2MCU.o
 .group         0x0000000000000000        0xc APP/SPI_Transmitter_between_2MCU.o
 .group         0x0000000000000000        0xc APP/SPI_Transmitter_between_2MCU.o
 .group         0x0000000000000000        0xc APP/SPI_Transmitter_between_2MCU.o
 .group         0x0000000000000000        0xc APP/SPI_Transmitter_between_2MCU.o
 .group         0x0000000000000000        0xc APP/SPI_Transmitter_between_2MCU.o
 .group         0x0000000000000000        0xc APP/SPI_Transmitter_between_2MCU.o
 .group         0x0000000000000000        0xc APP/SPI_Transmitter_between_2MCU.o
 .group         0x0000000000000000        0xc APP/SPI_Transmitter_between_2MCU.o
 .group         0x0000000000000000        0xc APP/SPI_Transmitter_between_2MCU.o
 .group         0x0000000000000000        0xc APP/SPI_Transmitter_between_2MCU.o
 .group         0x0000000000000000        0xc APP/SPI_Transmitter_between_2MCU.o
 .group         0x0000000000000000        0xc APP/SPI_Transmitter_between_2MCU.o
 .group         0x0000000000000000        0xc APP/SPI_Transmitter_between_2MCU.o
 .group         0x0000000000000000        0xc APP/SPI_Transmitter_between_2MCU.o
 .group         0x0000000000000000        0xc APP/SPI_Transmitter_between_2MCU.o
 .group         0x0000000000000000        0xc APP/SPI_Transmitter_between_2MCU.o
 .group         0x0000000000000000        0xc APP/SPI_Transmitter_between_2MCU.o
 .group         0x0000000000000000        0xc APP/SPI_Transmitter_between_2MCU.o
 .group         0x0000000000000000        0xc APP/SPI_Transmitter_between_2MCU.o
 .group         0x0000000000000000        0xc APP/SPI_Transmitter_between_2MCU.o
 .group         0x0000000000000000        0xc APP/SPI_Transmitter_between_2MCU.o
 .group         0x0000000000000000        0xc APP/SPI_Transmitter_between_2MCU.o
 .group         0x0000000000000000        0xc APP/SPI_Transmitter_between_2MCU.o
 .text          0x0000000000000000        0x0 APP/SPI_Transmitter_between_2MCU.o
 .data          0x0000000000000000        0x0 APP/SPI_Transmitter_between_2MCU.o
 .bss           0x0000000000000000        0x0 APP/SPI_Transmitter_between_2MCU.o
 .text.SPI1_CallBack
                0x0000000000000000        0xc APP/SPI_Transmitter_between_2MCU.o
 .group         0x0000000000000000        0xc Src/main.o
 .group         0x0000000000000000        0xc Src/main.o
 .group         0x0000000000000000        0xc Src/main.o
 .group         0x0000000000000000        0xc Src/main.o
 .group         0x0000000000000000        0xc Src/main.o
 .group         0x0000000000000000        0xc Src/main.o
 .group         0x0000000000000000        0xc Src/main.o
 .group         0x0000000000000000        0xc Src/main.o
 .group         0x0000000000000000        0xc Src/main.o
 .group         0x0000000000000000        0xc Src/main.o
 .group         0x0000000000000000        0xc Src/main.o
 .group         0x0000000000000000        0xc Src/main.o
 .group         0x0000000000000000        0xc Src/main.o
 .group         0x0000000000000000        0xc Src/main.o
 .group         0x0000000000000000        0xc Src/main.o
 .group         0x0000000000000000        0xc Src/main.o
 .group         0x0000000000000000        0xc Src/main.o
 .group         0x0000000000000000        0xc Src/main.o
 .group         0x0000000000000000        0xc Src/main.o
 .group         0x0000000000000000        0xc Src/main.o
 .group         0x0000000000000000        0xc Src/main.o
 .group         0x0000000000000000        0xc Src/main.o
 .group         0x0000000000000000        0xc Src/main.o
 .group         0x0000000000000000        0xc Src/main.o
 .group         0x0000000000000000        0xc Src/main.o
 .group         0x0000000000000000        0xc Src/main.o
 .group         0x0000000000000000        0xc Src/main.o
 .group         0x0000000000000000        0xc Src/main.o
 .text          0x0000000000000000        0x0 Src/main.o
 .data          0x0000000000000000        0x0 Src/main.o
 .bss           0x0000000000000000        0x0 Src/main.o
 .debug_macro   0x0000000000000000      0xa60 Src/main.o
 .debug_macro   0x0000000000000000       0x22 Src/main.o
 .debug_macro   0x0000000000000000       0x8e Src/main.o
 .debug_macro   0x0000000000000000       0x51 Src/main.o
 .debug_macro   0x0000000000000000       0xef Src/main.o
 .debug_macro   0x0000000000000000       0x6a Src/main.o
 .debug_macro   0x0000000000000000      0x1df Src/main.o
 .debug_macro   0x0000000000000000       0x18 Src/main.o
 .debug_macro   0x0000000000000000       0x46 Src/main.o
 .debug_macro   0x0000000000000000       0x3c Src/main.o
 .debug_macro   0x0000000000000000       0x34 Src/main.o
 .debug_macro   0x0000000000000000       0x16 Src/main.o
 .debug_macro   0x0000000000000000      0x10e Src/main.o
 .debug_macro   0x0000000000000000       0x8d Src/main.o
 .debug_macro   0x0000000000000000       0x52 Src/main.o
 .debug_macro   0x0000000000000000       0x1f Src/main.o
 .debug_macro   0x0000000000000000       0x43 Src/main.o
 .debug_macro   0x0000000000000000       0x20 Src/main.o
 .debug_macro   0x0000000000000000      0x1a3 Src/main.o
 .debug_macro   0x0000000000000000      0x330 Src/main.o
 .debug_macro   0x0000000000000000       0x16 Src/main.o
 .debug_macro   0x0000000000000000       0x29 Src/main.o
 .debug_macro   0x0000000000000000      0x21a Src/main.o
 .debug_macro   0x0000000000000000       0xfa Src/main.o
 .debug_macro   0x0000000000000000       0x10 Src/main.o
 .debug_macro   0x0000000000000000       0xee Src/main.o
 .debug_macro   0x0000000000000000       0xd0 Src/main.o
 .debug_macro   0x0000000000000000       0x28 Src/main.o
 .group         0x0000000000000000        0xc Src/syscalls.o
 .group         0x0000000000000000        0xc Src/syscalls.o
 .group         0x0000000000000000        0xc Src/syscalls.o
 .group         0x0000000000000000        0xc Src/syscalls.o
 .group         0x0000000000000000        0xc Src/syscalls.o
 .group         0x0000000000000000        0xc Src/syscalls.o
 .group         0x0000000000000000        0xc Src/syscalls.o
 .group         0x0000000000000000        0xc Src/syscalls.o
 .group         0x0000000000000000        0xc Src/syscalls.o
 .group         0x0000000000000000        0xc Src/syscalls.o
 .group         0x0000000000000000        0xc Src/syscalls.o
 .group         0x0000000000000000        0xc Src/syscalls.o
 .group         0x0000000000000000        0xc Src/syscalls.o
 .group         0x0000000000000000        0xc Src/syscalls.o
 .group         0x0000000000000000        0xc Src/syscalls.o
 .group         0x0000000000000000        0xc Src/syscalls.o
 .group         0x0000000000000000        0xc Src/syscalls.o
 .group         0x0000000000000000        0xc Src/syscalls.o
 .group         0x0000000000000000        0xc Src/syscalls.o
 .group         0x0000000000000000        0xc Src/syscalls.o
 .group         0x0000000000000000        0xc Src/syscalls.o
 .group         0x0000000000000000        0xc Src/syscalls.o
 .group         0x0000000000000000        0xc Src/syscalls.o
 .group         0x0000000000000000        0xc Src/syscalls.o
 .group         0x0000000000000000        0xc Src/syscalls.o
 .group         0x0000000000000000        0xc Src/syscalls.o
 .group         0x0000000000000000        0xc Src/syscalls.o
 .group         0x0000000000000000        0xc Src/syscalls.o
 .group         0x0000000000000000        0xc Src/syscalls.o
 .group         0x0000000000000000        0xc Src/syscalls.o
 .group         0x0000000000000000        0xc Src/syscalls.o
 .group         0x0000000000000000        0xc Src/syscalls.o
 .group         0x0000000000000000        0xc Src/syscalls.o
 .group         0x0000000000000000        0xc Src/syscalls.o
 .group         0x0000000000000000        0xc Src/syscalls.o
 .group         0x0000000000000000        0xc Src/syscalls.o
 .group         0x0000000000000000        0xc Src/syscalls.o
 .group         0x0000000000000000        0xc Src/syscalls.o
 .group         0x0000000000000000        0xc Src/syscalls.o
 .group         0x0000000000000000        0xc Src/syscalls.o
 .group         0x0000000000000000        0xc Src/syscalls.o
 .group         0x0000000000000000        0xc Src/syscalls.o
 .group         0x0000000000000000        0xc Src/syscalls.o
 .group         0x0000000000000000        0xc Src/syscalls.o
 .text          0x0000000000000000        0x0 Src/syscalls.o
 .data          0x0000000000000000        0x0 Src/syscalls.o
 .bss           0x0000000000000000        0x0 Src/syscalls.o
 .bss.__env     0x0000000000000000        0x4 Src/syscalls.o
 .data.environ  0x0000000000000000        0x4 Src/syscalls.o
 .text.initialise_monitor_handles
                0x0000000000000000        0xc Src/syscalls.o
 .text._getpid  0x0000000000000000        0xe Src/syscalls.o
 .text._kill    0x0000000000000000       0x20 Src/syscalls.o
 .text._exit    0x0000000000000000       0x14 Src/syscalls.o
 .text._read    0x0000000000000000       0x3a Src/syscalls.o
 .text._write   0x0000000000000000       0x38 Src/syscalls.o
 .text._close   0x0000000000000000       0x16 Src/syscalls.o
 .text._fstat   0x0000000000000000       0x1e Src/syscalls.o
 .text._isatty  0x0000000000000000       0x14 Src/syscalls.o
 .text._lseek   0x0000000000000000       0x18 Src/syscalls.o
 .text._open    0x0000000000000000       0x1a Src/syscalls.o
 .text._wait    0x0000000000000000       0x1e Src/syscalls.o
 .text._unlink  0x0000000000000000       0x1e Src/syscalls.o
 .text._times   0x0000000000000000       0x16 Src/syscalls.o
 .text._stat    0x0000000000000000       0x1e Src/syscalls.o
 .text._link    0x0000000000000000       0x20 Src/syscalls.o
 .text._fork    0x0000000000000000       0x16 Src/syscalls.o
 .text._execve  0x0000000000000000       0x22 Src/syscalls.o
 .debug_info    0x0000000000000000     0x1038 Src/syscalls.o
 .debug_abbrev  0x0000000000000000      0x254 Src/syscalls.o
 .debug_loc     0x0000000000000000      0x5b8 Src/syscalls.o
 .debug_aranges
                0x0000000000000000       0xa8 Src/syscalls.o
 .debug_ranges  0x0000000000000000       0x98 Src/syscalls.o
 .debug_macro   0x0000000000000000      0x243 Src/syscalls.o
 .debug_macro   0x0000000000000000      0xa60 Src/syscalls.o
 .debug_macro   0x0000000000000000       0x22 Src/syscalls.o
 .debug_macro   0x0000000000000000       0x40 Src/syscalls.o
 .debug_macro   0x0000000000000000       0x18 Src/syscalls.o
 .debug_macro   0x0000000000000000       0x94 Src/syscalls.o
 .debug_macro   0x0000000000000000       0x3c Src/syscalls.o
 .debug_macro   0x0000000000000000       0x34 Src/syscalls.o
 .debug_macro   0x0000000000000000       0x57 Src/syscalls.o
 .debug_macro   0x0000000000000000      0x174 Src/syscalls.o
 .debug_macro   0x0000000000000000      0x330 Src/syscalls.o
 .debug_macro   0x0000000000000000       0x52 Src/syscalls.o
 .debug_macro   0x0000000000000000       0x1f Src/syscalls.o
 .debug_macro   0x0000000000000000       0x43 Src/syscalls.o
 .debug_macro   0x0000000000000000       0x20 Src/syscalls.o
 .debug_macro   0x0000000000000000      0x1a3 Src/syscalls.o
 .debug_macro   0x0000000000000000       0x10 Src/syscalls.o
 .debug_macro   0x0000000000000000       0x35 Src/syscalls.o
 .debug_macro   0x0000000000000000       0x10 Src/syscalls.o
 .debug_macro   0x0000000000000000       0x10 Src/syscalls.o
 .debug_macro   0x0000000000000000       0x10 Src/syscalls.o
 .debug_macro   0x0000000000000000       0x6a Src/syscalls.o
 .debug_macro   0x0000000000000000       0x1c Src/syscalls.o
 .debug_macro   0x0000000000000000       0x52 Src/syscalls.o
 .debug_macro   0x0000000000000000       0x40 Src/syscalls.o
 .debug_macro   0x0000000000000000       0x10 Src/syscalls.o
 .debug_macro   0x0000000000000000       0x40 Src/syscalls.o
 .debug_macro   0x0000000000000000       0xd7 Src/syscalls.o
 .debug_macro   0x0000000000000000       0x1c Src/syscalls.o
 .debug_macro   0x0000000000000000       0x3d Src/syscalls.o
 .debug_macro   0x0000000000000000       0x35 Src/syscalls.o
 .debug_macro   0x0000000000000000      0x122 Src/syscalls.o
 .debug_macro   0x0000000000000000       0x16 Src/syscalls.o
 .debug_macro   0x0000000000000000       0x16 Src/syscalls.o
 .debug_macro   0x0000000000000000       0x29 Src/syscalls.o
 .debug_macro   0x0000000000000000       0x10 Src/syscalls.o
 .debug_macro   0x0000000000000000      0x241 Src/syscalls.o
 .debug_macro   0x0000000000000000       0x1c Src/syscalls.o
 .debug_macro   0x0000000000000000       0x10 Src/syscalls.o
 .debug_macro   0x0000000000000000       0x10 Src/syscalls.o
 .debug_macro   0x0000000000000000       0x16 Src/syscalls.o
 .debug_macro   0x0000000000000000      0x145 Src/syscalls.o
 .debug_macro   0x0000000000000000      0x189 Src/syscalls.o
 .debug_macro   0x0000000000000000       0x16 Src/syscalls.o
 .debug_macro   0x0000000000000000       0x88 Src/syscalls.o
 .debug_line    0x0000000000000000      0x739 Src/syscalls.o
 .debug_str     0x0000000000000000     0x888e Src/syscalls.o
 .comment       0x0000000000000000       0x7c Src/syscalls.o
 .debug_frame   0x0000000000000000      0x2ac Src/syscalls.o
 .ARM.attributes
                0x0000000000000000       0x33 Src/syscalls.o
 .group         0x0000000000000000        0xc Src/sysmem.o
 .group         0x0000000000000000        0xc Src/sysmem.o
 .group         0x0000000000000000        0xc Src/sysmem.o
 .group         0x0000000000000000        0xc Src/sysmem.o
 .group         0x0000000000000000        0xc Src/sysmem.o
 .group         0x0000000000000000        0xc Src/sysmem.o
 .group         0x0000000000000000        0xc Src/sysmem.o
 .group         0x0000000000000000        0xc Src/sysmem.o
 .group         0x0000000000000000        0xc Src/sysmem.o
 .group         0x0000000000000000        0xc Src/sysmem.o
 .group         0x0000000000000000        0xc Src/sysmem.o
 .group         0x0000000000000000        0xc Src/sysmem.o
 .group         0x0000000000000000        0xc Src/sysmem.o
 .group         0x0000000000000000        0xc Src/sysmem.o
 .group         0x0000000000000000        0xc Src/sysmem.o
 .group         0x0000000000000000        0xc Src/sysmem.o
 .group         0x0000000000000000        0xc Src/sysmem.o
 .group         0x0000000000000000        0xc Src/sysmem.o
 .group         0x0000000000000000        0xc Src/sysmem.o
 .text          0x0000000000000000        0x0 Src/sysmem.o
 .data          0x0000000000000000        0x0 Src/sysmem.o
 .bss           0x0000000000000000        0x0 Src/sysmem.o
 .bss.__sbrk_heap_end
                0x0000000000000000        0x4 Src/sysmem.o
 .text._sbrk    0x0000000000000000       0x6c Src/sysmem.o
 .debug_info    0x0000000000000000      0xa7c Src/sysmem.o
 .debug_abbrev  0x0000000000000000      0x18e Src/sysmem.o
 .debug_loc     0x0000000000000000       0x50 Src/sysmem.o
 .debug_aranges
                0x0000000000000000       0x20 Src/sysmem.o
 .debug_ranges  0x0000000000000000       0x10 Src/sysmem.o
 .debug_macro   0x0000000000000000       0xee Src/sysmem.o
 .debug_macro   0x0000000000000000      0xa60 Src/sysmem.o
 .debug_macro   0x0000000000000000       0x10 Src/sysmem.o
 .debug_macro   0x0000000000000000       0x22 Src/sysmem.o
 .debug_macro   0x0000000000000000       0x40 Src/sysmem.o
 .debug_macro   0x0000000000000000       0x18 Src/sysmem.o
 .debug_macro   0x0000000000000000       0x94 Src/sysmem.o
 .debug_macro   0x0000000000000000       0x3c Src/sysmem.o
 .debug_macro   0x0000000000000000       0x34 Src/sysmem.o
 .debug_macro   0x0000000000000000      0x174 Src/sysmem.o
 .debug_macro   0x0000000000000000       0x57 Src/sysmem.o
 .debug_macro   0x0000000000000000       0x52 Src/sysmem.o
 .debug_macro   0x0000000000000000       0x1f Src/sysmem.o
 .debug_macro   0x0000000000000000       0x43 Src/sysmem.o
 .debug_macro   0x0000000000000000       0x20 Src/sysmem.o
 .debug_macro   0x0000000000000000      0x1a3 Src/sysmem.o
 .debug_macro   0x0000000000000000      0x23b Src/sysmem.o
 .debug_macro   0x0000000000000000       0xef Src/sysmem.o
 .debug_macro   0x0000000000000000       0x6a Src/sysmem.o
 .debug_macro   0x0000000000000000      0x1df Src/sysmem.o
 .debug_line    0x0000000000000000      0x4c2 Src/sysmem.o
 .debug_str     0x0000000000000000     0x5f5c Src/sysmem.o
 .comment       0x0000000000000000       0x7c Src/sysmem.o
 .debug_frame   0x0000000000000000       0x34 Src/sysmem.o
 .ARM.attributes
                0x0000000000000000       0x33 Src/sysmem.o
 .text          0x0000000000000000       0x14 Startup/startup_stm32f103c6tx.o
 .data          0x0000000000000000        0x0 Startup/startup_stm32f103c6tx.o
 .bss           0x0000000000000000        0x0 Startup/startup_stm32f103c6tx.o
 .group         0x0000000000000000        0xc Stm32_F103C6_Drivers/Src/EXIT.o
 .group         0x0000000000000000        0xc Stm32_F103C6_Drivers/Src/EXIT.o
 .group         0x0000000000000000        0xc Stm32_F103C6_Drivers/Src/EXIT.o
 .group         0x0000000000000000        0xc Stm32_F103C6_Drivers/Src/EXIT.o
 .group         0x0000000000000000        0xc Stm32_F103C6_Drivers/Src/EXIT.o
 .group         0x0000000000000000        0xc Stm32_F103C6_Drivers/Src/EXIT.o
 .group         0x0000000000000000        0xc Stm32_F103C6_Drivers/Src/EXIT.o
 .group         0x0000000000000000        0xc Stm32_F103C6_Drivers/Src/EXIT.o
 .group         0x0000000000000000        0xc Stm32_F103C6_Drivers/Src/EXIT.o
 .group         0x0000000000000000        0xc Stm32_F103C6_Drivers/Src/EXIT.o
 .group         0x0000000000000000        0xc Stm32_F103C6_Drivers/Src/EXIT.o
 .group         0x0000000000000000        0xc Stm32_F103C6_Drivers/Src/EXIT.o
 .group         0x0000000000000000        0xc Stm32_F103C6_Drivers/Src/EXIT.o
 .group         0x0000000000000000        0xc Stm32_F103C6_Drivers/Src/EXIT.o
 .group         0x0000000000000000        0xc Stm32_F103C6_Drivers/Src/EXIT.o
 .group         0x0000000000000000        0xc Stm32_F103C6_Drivers/Src/EXIT.o
 .group         0x0000000000000000        0xc Stm32_F103C6_Drivers/Src/EXIT.o
 .group         0x0000000000000000        0xc Stm32_F103C6_Drivers/Src/EXIT.o
 .group         0x0000000000000000        0xc Stm32_F103C6_Drivers/Src/EXIT.o
 .group         0x0000000000000000        0xc Stm32_F103C6_Drivers/Src/EXIT.o
 .group         0x0000000000000000        0xc Stm32_F103C6_Drivers/Src/EXIT.o
 .group         0x0000000000000000        0xc Stm32_F103C6_Drivers/Src/EXIT.o
 .group         0x0000000000000000        0xc Stm32_F103C6_Drivers/Src/EXIT.o
 .group         0x0000000000000000        0xc Stm32_F103C6_Drivers/Src/EXIT.o
 .group         0x0000000000000000        0xc Stm32_F103C6_Drivers/Src/EXIT.o
 .text          0x0000000000000000        0x0 Stm32_F103C6_Drivers/Src/EXIT.o
 .data          0x0000000000000000        0x0 Stm32_F103C6_Drivers/Src/EXIT.o
 .bss           0x0000000000000000        0x0 Stm32_F103C6_Drivers/Src/EXIT.o
 .text.Update_EXTI
                0x0000000000000000      0x1f0 Stm32_F103C6_Drivers/Src/EXIT.o
 .text.Enable_NVIC
                0x0000000000000000       0x54 Stm32_F103C6_Drivers/Src/EXIT.o
 .text.Disable_NVIC
                0x0000000000000000       0x54 Stm32_F103C6_Drivers/Src/EXIT.o
 .text.MCAL_EXTI_DeInit
                0x0000000000000000       0x90 Stm32_F103C6_Drivers/Src/EXIT.o
 .text.MCAL_EXTI_Init
                0x0000000000000000       0x16 Stm32_F103C6_Drivers/Src/EXIT.o
 .text.MCAL_EXTI_Update
                0x0000000000000000       0x16 Stm32_F103C6_Drivers/Src/EXIT.o
 .debug_macro   0x0000000000000000      0xa60 Stm32_F103C6_Drivers/Src/EXIT.o
 .debug_macro   0x0000000000000000       0x22 Stm32_F103C6_Drivers/Src/EXIT.o
 .debug_macro   0x0000000000000000       0x8e Stm32_F103C6_Drivers/Src/EXIT.o
 .debug_macro   0x0000000000000000       0x51 Stm32_F103C6_Drivers/Src/EXIT.o
 .debug_macro   0x0000000000000000       0xef Stm32_F103C6_Drivers/Src/EXIT.o
 .debug_macro   0x0000000000000000       0x6a Stm32_F103C6_Drivers/Src/EXIT.o
 .debug_macro   0x0000000000000000      0x1df Stm32_F103C6_Drivers/Src/EXIT.o
 .debug_macro   0x0000000000000000       0x18 Stm32_F103C6_Drivers/Src/EXIT.o
 .debug_macro   0x0000000000000000       0x46 Stm32_F103C6_Drivers/Src/EXIT.o
 .debug_macro   0x0000000000000000       0x3c Stm32_F103C6_Drivers/Src/EXIT.o
 .debug_macro   0x0000000000000000       0x34 Stm32_F103C6_Drivers/Src/EXIT.o
 .debug_macro   0x0000000000000000       0x16 Stm32_F103C6_Drivers/Src/EXIT.o
 .debug_macro   0x0000000000000000      0x10e Stm32_F103C6_Drivers/Src/EXIT.o
 .debug_macro   0x0000000000000000       0x8d Stm32_F103C6_Drivers/Src/EXIT.o
 .debug_macro   0x0000000000000000       0x52 Stm32_F103C6_Drivers/Src/EXIT.o
 .debug_macro   0x0000000000000000       0x1f Stm32_F103C6_Drivers/Src/EXIT.o
 .debug_macro   0x0000000000000000       0x43 Stm32_F103C6_Drivers/Src/EXIT.o
 .debug_macro   0x0000000000000000       0x20 Stm32_F103C6_Drivers/Src/EXIT.o
 .debug_macro   0x0000000000000000      0x1a3 Stm32_F103C6_Drivers/Src/EXIT.o
 .debug_macro   0x0000000000000000      0x330 Stm32_F103C6_Drivers/Src/EXIT.o
 .debug_macro   0x0000000000000000       0x16 Stm32_F103C6_Drivers/Src/EXIT.o
 .debug_macro   0x0000000000000000       0x29 Stm32_F103C6_Drivers/Src/EXIT.o
 .debug_macro   0x0000000000000000      0x21a Stm32_F103C6_Drivers/Src/EXIT.o
 .debug_macro   0x0000000000000000       0xfa Stm32_F103C6_Drivers/Src/EXIT.o
 .group         0x0000000000000000        0xc Stm32_F103C6_Drivers/Src/GPIO.o
 .group         0x0000000000000000        0xc Stm32_F103C6_Drivers/Src/GPIO.o
 .group         0x0000000000000000        0xc Stm32_F103C6_Drivers/Src/GPIO.o
 .group         0x0000000000000000        0xc Stm32_F103C6_Drivers/Src/GPIO.o
 .group         0x0000000000000000        0xc Stm32_F103C6_Drivers/Src/GPIO.o
 .group         0x0000000000000000        0xc Stm32_F103C6_Drivers/Src/GPIO.o
 .group         0x0000000000000000        0xc Stm32_F103C6_Drivers/Src/GPIO.o
 .group         0x0000000000000000        0xc Stm32_F103C6_Drivers/Src/GPIO.o
 .group         0x0000000000000000        0xc Stm32_F103C6_Drivers/Src/GPIO.o
 .group         0x0000000000000000        0xc Stm32_F103C6_Drivers/Src/GPIO.o
 .group         0x0000000000000000        0xc Stm32_F103C6_Drivers/Src/GPIO.o
 .group         0x0000000000000000        0xc Stm32_F103C6_Drivers/Src/GPIO.o
 .group         0x0000000000000000        0xc Stm32_F103C6_Drivers/Src/GPIO.o
 .group         0x0000000000000000        0xc Stm32_F103C6_Drivers/Src/GPIO.o
 .group         0x0000000000000000        0xc Stm32_F103C6_Drivers/Src/GPIO.o
 .group         0x0000000000000000        0xc Stm32_F103C6_Drivers/Src/GPIO.o
 .group         0x0000000000000000        0xc Stm32_F103C6_Drivers/Src/GPIO.o
 .group         0x0000000000000000        0xc Stm32_F103C6_Drivers/Src/GPIO.o
 .group         0x0000000000000000        0xc Stm32_F103C6_Drivers/Src/GPIO.o
 .group         0x0000000000000000        0xc Stm32_F103C6_Drivers/Src/GPIO.o
 .group         0x0000000000000000        0xc Stm32_F103C6_Drivers/Src/GPIO.o
 .group         0x0000000000000000        0xc Stm32_F103C6_Drivers/Src/GPIO.o
 .group         0x0000000000000000        0xc Stm32_F103C6_Drivers/Src/GPIO.o
 .group         0x0000000000000000        0xc Stm32_F103C6_Drivers/Src/GPIO.o
 .text          0x0000000000000000        0x0 Stm32_F103C6_Drivers/Src/GPIO.o
 .data          0x0000000000000000        0x0 Stm32_F103C6_Drivers/Src/GPIO.o
 .bss           0x0000000000000000        0x0 Stm32_F103C6_Drivers/Src/GPIO.o
 .text.MCAL_GPIO_DeInit
                0x0000000000000000       0xcc Stm32_F103C6_Drivers/Src/GPIO.o
 .text.MCAL_GPIO_ReadPin
                0x0000000000000000       0x2a Stm32_F103C6_Drivers/Src/GPIO.o
 .text.MCAL_GPIO_ReadPort
                0x0000000000000000       0x18 Stm32_F103C6_Drivers/Src/GPIO.o
 .text.MCAL_GPIO_WritePort
                0x0000000000000000       0x1c Stm32_F103C6_Drivers/Src/GPIO.o
 .text.MCAL_GPIO_TogglePin
                0x0000000000000000       0x22 Stm32_F103C6_Drivers/Src/GPIO.o
 .text.MCAL_GPIO_TogglePORT
                0x0000000000000000       0x1e Stm32_F103C6_Drivers/Src/GPIO.o
 .text.MCAL_GPIO_LockPin
                0x0000000000000000       0x50 Stm32_F103C6_Drivers/Src/GPIO.o
 .debug_macro   0x0000000000000000      0xa60 Stm32_F103C6_Drivers/Src/GPIO.o
 .debug_macro   0x0000000000000000       0x22 Stm32_F103C6_Drivers/Src/GPIO.o
 .debug_macro   0x0000000000000000       0x8e Stm32_F103C6_Drivers/Src/GPIO.o
 .debug_macro   0x0000000000000000       0x51 Stm32_F103C6_Drivers/Src/GPIO.o
 .debug_macro   0x0000000000000000       0xef Stm32_F103C6_Drivers/Src/GPIO.o
 .debug_macro   0x0000000000000000       0x6a Stm32_F103C6_Drivers/Src/GPIO.o
 .debug_macro   0x0000000000000000      0x1df Stm32_F103C6_Drivers/Src/GPIO.o
 .debug_macro   0x0000000000000000       0x18 Stm32_F103C6_Drivers/Src/GPIO.o
 .debug_macro   0x0000000000000000       0x46 Stm32_F103C6_Drivers/Src/GPIO.o
 .debug_macro   0x0000000000000000       0x3c Stm32_F103C6_Drivers/Src/GPIO.o
 .debug_macro   0x0000000000000000       0x34 Stm32_F103C6_Drivers/Src/GPIO.o
 .debug_macro   0x0000000000000000       0x16 Stm32_F103C6_Drivers/Src/GPIO.o
 .debug_macro   0x0000000000000000      0x10e Stm32_F103C6_Drivers/Src/GPIO.o
 .debug_macro   0x0000000000000000       0x8d Stm32_F103C6_Drivers/Src/GPIO.o
 .debug_macro   0x0000000000000000       0x52 Stm32_F103C6_Drivers/Src/GPIO.o
 .debug_macro   0x0000000000000000       0x1f Stm32_F103C6_Drivers/Src/GPIO.o
 .debug_macro   0x0000000000000000       0x43 Stm32_F103C6_Drivers/Src/GPIO.o
 .debug_macro   0x0000000000000000       0x20 Stm32_F103C6_Drivers/Src/GPIO.o
 .debug_macro   0x0000000000000000      0x1a3 Stm32_F103C6_Drivers/Src/GPIO.o
 .debug_macro   0x0000000000000000      0x330 Stm32_F103C6_Drivers/Src/GPIO.o
 .debug_macro   0x0000000000000000       0x16 Stm32_F103C6_Drivers/Src/GPIO.o
 .debug_macro   0x0000000000000000       0x29 Stm32_F103C6_Drivers/Src/GPIO.o
 .debug_macro   0x0000000000000000      0x21a Stm32_F103C6_Drivers/Src/GPIO.o
 .debug_macro   0x0000000000000000       0xfa Stm32_F103C6_Drivers/Src/GPIO.o
 .group         0x0000000000000000        0xc Stm32_F103C6_Drivers/Src/RCC.o
 .group         0x0000000000000000        0xc Stm32_F103C6_Drivers/Src/RCC.o
 .group         0x0000000000000000        0xc Stm32_F103C6_Drivers/Src/RCC.o
 .group         0x0000000000000000        0xc Stm32_F103C6_Drivers/Src/RCC.o
 .group         0x0000000000000000        0xc Stm32_F103C6_Drivers/Src/RCC.o
 .group         0x0000000000000000        0xc Stm32_F103C6_Drivers/Src/RCC.o
 .group         0x0000000000000000        0xc Stm32_F103C6_Drivers/Src/RCC.o
 .group         0x0000000000000000        0xc Stm32_F103C6_Drivers/Src/RCC.o
 .group         0x0000000000000000        0xc Stm32_F103C6_Drivers/Src/RCC.o
 .group         0x0000000000000000        0xc Stm32_F103C6_Drivers/Src/RCC.o
 .group         0x0000000000000000        0xc Stm32_F103C6_Drivers/Src/RCC.o
 .group         0x0000000000000000        0xc Stm32_F103C6_Drivers/Src/RCC.o
 .group         0x0000000000000000        0xc Stm32_F103C6_Drivers/Src/RCC.o
 .group         0x0000000000000000        0xc Stm32_F103C6_Drivers/Src/RCC.o
 .group         0x0000000000000000        0xc Stm32_F103C6_Drivers/Src/RCC.o
 .group         0x0000000000000000        0xc Stm32_F103C6_Drivers/Src/RCC.o
 .group         0x0000000000000000        0xc Stm32_F103C6_Drivers/Src/RCC.o
 .group         0x0000000000000000        0xc Stm32_F103C6_Drivers/Src/RCC.o
 .group         0x0000000000000000        0xc Stm32_F103C6_Drivers/Src/RCC.o
 .group         0x0000000000000000        0xc Stm32_F103C6_Drivers/Src/RCC.o
 .group         0x0000000000000000        0xc Stm32_F103C6_Drivers/Src/RCC.o
 .group         0x0000000000000000        0xc Stm32_F103C6_Drivers/Src/RCC.o
 .group         0x0000000000000000        0xc Stm32_F103C6_Drivers/Src/RCC.o
 .group         0x0000000000000000        0xc Stm32_F103C6_Drivers/Src/RCC.o
 .group         0x0000000000000000        0xc Stm32_F103C6_Drivers/Src/RCC.o
 .text          0x0000000000000000        0x0 Stm32_F103C6_Drivers/Src/RCC.o
 .data          0x0000000000000000        0x0 Stm32_F103C6_Drivers/Src/RCC.o
 .bss           0x0000000000000000        0x0 Stm32_F103C6_Drivers/Src/RCC.o
 .debug_macro   0x0000000000000000      0xa60 Stm32_F103C6_Drivers/Src/RCC.o
 .debug_macro   0x0000000000000000       0x22 Stm32_F103C6_Drivers/Src/RCC.o
 .debug_macro   0x0000000000000000       0x8e Stm32_F103C6_Drivers/Src/RCC.o
 .debug_macro   0x0000000000000000       0x51 Stm32_F103C6_Drivers/Src/RCC.o
 .debug_macro   0x0000000000000000       0xef Stm32_F103C6_Drivers/Src/RCC.o
 .debug_macro   0x0000000000000000       0x6a Stm32_F103C6_Drivers/Src/RCC.o
 .debug_macro   0x0000000000000000      0x1df Stm32_F103C6_Drivers/Src/RCC.o
 .debug_macro   0x0000000000000000       0x18 Stm32_F103C6_Drivers/Src/RCC.o
 .debug_macro   0x0000000000000000       0x46 Stm32_F103C6_Drivers/Src/RCC.o
 .debug_macro   0x0000000000000000       0x3c Stm32_F103C6_Drivers/Src/RCC.o
 .debug_macro   0x0000000000000000       0x34 Stm32_F103C6_Drivers/Src/RCC.o
 .debug_macro   0x0000000000000000       0x16 Stm32_F103C6_Drivers/Src/RCC.o
 .debug_macro   0x0000000000000000      0x10e Stm32_F103C6_Drivers/Src/RCC.o
 .debug_macro   0x0000000000000000       0x8d Stm32_F103C6_Drivers/Src/RCC.o
 .debug_macro   0x0000000000000000       0x52 Stm32_F103C6_Drivers/Src/RCC.o
 .debug_macro   0x0000000000000000       0x1f Stm32_F103C6_Drivers/Src/RCC.o
 .debug_macro   0x0000000000000000       0x43 Stm32_F103C6_Drivers/Src/RCC.o
 .debug_macro   0x0000000000000000       0x20 Stm32_F103C6_Drivers/Src/RCC.o
 .debug_macro   0x0000000000000000      0x1a3 Stm32_F103C6_Drivers/Src/RCC.o
 .debug_macro   0x0000000000000000      0x330 Stm32_F103C6_Drivers/Src/RCC.o
 .debug_macro   0x0000000000000000       0x16 Stm32_F103C6_Drivers/Src/RCC.o
 .debug_macro   0x0000000000000000       0x29 Stm32_F103C6_Drivers/Src/RCC.o
 .debug_macro   0x0000000000000000      0x21a Stm32_F103C6_Drivers/Src/RCC.o
 .debug_macro   0x0000000000000000       0xfa Stm32_F103C6_Drivers/Src/RCC.o
 .debug_macro   0x0000000000000000       0x10 Stm32_F103C6_Drivers/Src/RCC.o
 .group         0x0000000000000000        0xc Stm32_F103C6_Drivers/Src/SPI.o
 .group         0x0000000000000000        0xc Stm32_F103C6_Drivers/Src/SPI.o
 .group         0x0000000000000000        0xc Stm32_F103C6_Drivers/Src/SPI.o
 .group         0x0000000000000000        0xc Stm32_F103C6_Drivers/Src/SPI.o
 .group         0x0000000000000000        0xc Stm32_F103C6_Drivers/Src/SPI.o
 .group         0x0000000000000000        0xc Stm32_F103C6_Drivers/Src/SPI.o
 .group         0x0000000000000000        0xc Stm32_F103C6_Drivers/Src/SPI.o
 .group         0x0000000000000000        0xc Stm32_F103C6_Drivers/Src/SPI.o
 .group         0x0000000000000000        0xc Stm32_F103C6_Drivers/Src/SPI.o
 .group         0x0000000000000000        0xc Stm32_F103C6_Drivers/Src/SPI.o
 .group         0x0000000000000000        0xc Stm32_F103C6_Drivers/Src/SPI.o
 .group         0x0000000000000000        0xc Stm32_F103C6_Drivers/Src/SPI.o
 .group         0x0000000000000000        0xc Stm32_F103C6_Drivers/Src/SPI.o
 .group         0x0000000000000000        0xc Stm32_F103C6_Drivers/Src/SPI.o
 .group         0x0000000000000000        0xc Stm32_F103C6_Drivers/Src/SPI.o
 .group         0x0000000000000000        0xc Stm32_F103C6_Drivers/Src/SPI.o
 .group         0x0000000000000000        0xc Stm32_F103C6_Drivers/Src/SPI.o
 .group         0x0000000000000000        0xc Stm32_F103C6_Drivers/Src/SPI.o
 .group         0x0000000000000000        0xc Stm32_F103C6_Drivers/Src/SPI.o
 .group         0x0000000000000000        0xc Stm32_F103C6_Drivers/Src/SPI.o
 .group         0x0000000000000000        0xc Stm32_F103C6_Drivers/Src/SPI.o
 .group         0x0000000000000000        0xc Stm32_F103C6_Drivers/Src/SPI.o
 .group         0x0000000000000000        0xc Stm32_F103C6_Drivers/Src/SPI.o
 .group         0x0000000000000000        0xc Stm32_F103C6_Drivers/Src/SPI.o
 .group         0x0000000000000000        0xc Stm32_F103C6_Drivers/Src/SPI.o
 .group         0x0000000000000000        0xc Stm32_F103C6_Drivers/Src/SPI.o
 .text          0x0000000000000000        0x0 Stm32_F103C6_Drivers/Src/SPI.o
 .data          0x0000000000000000        0x0 Stm32_F103C6_Drivers/Src/SPI.o
 .bss           0x0000000000000000        0x0 Stm32_F103C6_Drivers/Src/SPI.o
 .text.MCAL_SPI_DeInit
                0x0000000000000000       0x60 Stm32_F103C6_Drivers/Src/SPI.o
 .text.MCAL_SPI_Send_Data
                0x0000000000000000       0x3c Stm32_F103C6_Drivers/Src/SPI.o
 .text.MCAL_SPI_Recieve_Data
                0x0000000000000000       0x38 Stm32_F103C6_Drivers/Src/SPI.o
 .debug_macro   0x0000000000000000      0xa60 Stm32_F103C6_Drivers/Src/SPI.o
 .debug_macro   0x0000000000000000       0x22 Stm32_F103C6_Drivers/Src/SPI.o
 .debug_macro   0x0000000000000000       0x8e Stm32_F103C6_Drivers/Src/SPI.o
 .debug_macro   0x0000000000000000       0x51 Stm32_F103C6_Drivers/Src/SPI.o
 .debug_macro   0x0000000000000000       0xef Stm32_F103C6_Drivers/Src/SPI.o
 .debug_macro   0x0000000000000000       0x6a Stm32_F103C6_Drivers/Src/SPI.o
 .debug_macro   0x0000000000000000      0x1df Stm32_F103C6_Drivers/Src/SPI.o
 .debug_macro   0x0000000000000000       0x18 Stm32_F103C6_Drivers/Src/SPI.o
 .debug_macro   0x0000000000000000       0x46 Stm32_F103C6_Drivers/Src/SPI.o
 .debug_macro   0x0000000000000000       0x3c Stm32_F103C6_Drivers/Src/SPI.o
 .debug_macro   0x0000000000000000       0x34 Stm32_F103C6_Drivers/Src/SPI.o
 .debug_macro   0x0000000000000000       0x16 Stm32_F103C6_Drivers/Src/SPI.o
 .debug_macro   0x0000000000000000      0x10e Stm32_F103C6_Drivers/Src/SPI.o
 .debug_macro   0x0000000000000000       0x8d Stm32_F103C6_Drivers/Src/SPI.o
 .debug_macro   0x0000000000000000       0x52 Stm32_F103C6_Drivers/Src/SPI.o
 .debug_macro   0x0000000000000000       0x1f Stm32_F103C6_Drivers/Src/SPI.o
 .debug_macro   0x0000000000000000       0x43 Stm32_F103C6_Drivers/Src/SPI.o
 .debug_macro   0x0000000000000000       0x20 Stm32_F103C6_Drivers/Src/SPI.o
 .debug_macro   0x0000000000000000      0x1a3 Stm32_F103C6_Drivers/Src/SPI.o
 .debug_macro   0x0000000000000000      0x330 Stm32_F103C6_Drivers/Src/SPI.o
 .debug_macro   0x0000000000000000       0x16 Stm32_F103C6_Drivers/Src/SPI.o
 .debug_macro   0x0000000000000000       0x29 Stm32_F103C6_Drivers/Src/SPI.o
 .debug_macro   0x0000000000000000      0x21a Stm32_F103C6_Drivers/Src/SPI.o
 .debug_macro   0x0000000000000000       0xfa Stm32_F103C6_Drivers/Src/SPI.o
 .debug_macro   0x0000000000000000       0x10 Stm32_F103C6_Drivers/Src/SPI.o
 .group         0x0000000000000000        0xc Stm32_F103C6_Drivers/Src/USART.o
 .group         0x0000000000000000        0xc Stm32_F103C6_Drivers/Src/USART.o
 .group         0x0000000000000000        0xc Stm32_F103C6_Drivers/Src/USART.o
 .group         0x0000000000000000        0xc Stm32_F103C6_Drivers/Src/USART.o
 .group         0x0000000000000000        0xc Stm32_F103C6_Drivers/Src/USART.o
 .group         0x0000000000000000        0xc Stm32_F103C6_Drivers/Src/USART.o
 .group         0x0000000000000000        0xc Stm32_F103C6_Drivers/Src/USART.o
 .group         0x0000000000000000        0xc Stm32_F103C6_Drivers/Src/USART.o
 .group         0x0000000000000000        0xc Stm32_F103C6_Drivers/Src/USART.o
 .group         0x0000000000000000        0xc Stm32_F103C6_Drivers/Src/USART.o
 .group         0x0000000000000000        0xc Stm32_F103C6_Drivers/Src/USART.o
 .group         0x0000000000000000        0xc Stm32_F103C6_Drivers/Src/USART.o
 .group         0x0000000000000000        0xc Stm32_F103C6_Drivers/Src/USART.o
 .group         0x0000000000000000        0xc Stm32_F103C6_Drivers/Src/USART.o
 .group         0x0000000000000000        0xc Stm32_F103C6_Drivers/Src/USART.o
 .group         0x0000000000000000        0xc Stm32_F103C6_Drivers/Src/USART.o
 .group         0x0000000000000000        0xc Stm32_F103C6_Drivers/Src/USART.o
 .group         0x0000000000000000        0xc Stm32_F103C6_Drivers/Src/USART.o
 .group         0x0000000000000000        0xc Stm32_F103C6_Drivers/Src/USART.o
 .group         0x0000000000000000        0xc Stm32_F103C6_Drivers/Src/USART.o
 .group         0x0000000000000000        0xc Stm32_F103C6_Drivers/Src/USART.o
 .group         0x0000000000000000        0xc Stm32_F103C6_Drivers/Src/USART.o
 .group         0x0000000000000000        0xc Stm32_F103C6_Drivers/Src/USART.o
 .group         0x0000000000000000        0xc Stm32_F103C6_Drivers/Src/USART.o
 .group         0x0000000000000000        0xc Stm32_F103C6_Drivers/Src/USART.o
 .group         0x0000000000000000        0xc Stm32_F103C6_Drivers/Src/USART.o
 .text          0x0000000000000000        0x0 Stm32_F103C6_Drivers/Src/USART.o
 .data          0x0000000000000000        0x0 Stm32_F103C6_Drivers/Src/USART.o
 .bss           0x0000000000000000        0x0 Stm32_F103C6_Drivers/Src/USART.o
 .text.MCAL_UART_DeInit
                0x0000000000000000       0x84 Stm32_F103C6_Drivers/Src/USART.o
 .text.MCAL_UART_WAIT_TC
                0x0000000000000000       0x22 Stm32_F103C6_Drivers/Src/USART.o
 .debug_macro   0x0000000000000000      0xa60 Stm32_F103C6_Drivers/Src/USART.o
 .debug_macro   0x0000000000000000       0x22 Stm32_F103C6_Drivers/Src/USART.o
 .debug_macro   0x0000000000000000       0x8e Stm32_F103C6_Drivers/Src/USART.o
 .debug_macro   0x0000000000000000       0x51 Stm32_F103C6_Drivers/Src/USART.o
 .debug_macro   0x0000000000000000       0xef Stm32_F103C6_Drivers/Src/USART.o
 .debug_macro   0x0000000000000000       0x6a Stm32_F103C6_Drivers/Src/USART.o
 .debug_macro   0x0000000000000000      0x1df Stm32_F103C6_Drivers/Src/USART.o
 .debug_macro   0x0000000000000000       0x18 Stm32_F103C6_Drivers/Src/USART.o
 .debug_macro   0x0000000000000000       0x46 Stm32_F103C6_Drivers/Src/USART.o
 .debug_macro   0x0000000000000000       0x3c Stm32_F103C6_Drivers/Src/USART.o
 .debug_macro   0x0000000000000000       0x34 Stm32_F103C6_Drivers/Src/USART.o
 .debug_macro   0x0000000000000000       0x16 Stm32_F103C6_Drivers/Src/USART.o
 .debug_macro   0x0000000000000000      0x10e Stm32_F103C6_Drivers/Src/USART.o
 .debug_macro   0x0000000000000000       0x8d Stm32_F103C6_Drivers/Src/USART.o
 .debug_macro   0x0000000000000000       0x52 Stm32_F103C6_Drivers/Src/USART.o
 .debug_macro   0x0000000000000000       0x1f Stm32_F103C6_Drivers/Src/USART.o
 .debug_macro   0x0000000000000000       0x43 Stm32_F103C6_Drivers/Src/USART.o
 .debug_macro   0x0000000000000000       0x20 Stm32_F103C6_Drivers/Src/USART.o
 .debug_macro   0x0000000000000000      0x1a3 Stm32_F103C6_Drivers/Src/USART.o
 .debug_macro   0x0000000000000000      0x330 Stm32_F103C6_Drivers/Src/USART.o
 .debug_macro   0x0000000000000000       0x16 Stm32_F103C6_Drivers/Src/USART.o
 .debug_macro   0x0000000000000000       0x29 Stm32_F103C6_Drivers/Src/USART.o
 .debug_macro   0x0000000000000000      0x21a Stm32_F103C6_Drivers/Src/USART.o
 .debug_macro   0x0000000000000000       0xfa Stm32_F103C6_Drivers/Src/USART.o
 .debug_macro   0x0000000000000000       0x10 Stm32_F103C6_Drivers/Src/USART.o
 .debug_macro   0x0000000000000000       0xee Stm32_F103C6_Drivers/Src/USART.o
 .text          0x0000000000000000        0x0 c:/st/stm32cubeide_1.4.0/stm32cubeide/plugins/com.st.stm32cube.ide.mcu.externaltools.gnu-tools-for-stm32.7-2018-q2-update.win32_1.4.0.202007081208/tools/bin/../lib/gcc/arm-none-eabi/7.3.1/../../../../arm-none-eabi/lib/thumb/v7-m\libc_nano.a(lib_a-errno.o)
 .data          0x0000000000000000        0x0 c:/st/stm32cubeide_1.4.0/stm32cubeide/plugins/com.st.stm32cube.ide.mcu.externaltools.gnu-tools-for-stm32.7-2018-q2-update.win32_1.4.0.202007081208/tools/bin/../lib/gcc/arm-none-eabi/7.3.1/../../../../arm-none-eabi/lib/thumb/v7-m\libc_nano.a(lib_a-errno.o)
 .bss           0x0000000000000000        0x0 c:/st/stm32cubeide_1.4.0/stm32cubeide/plugins/com.st.stm32cube.ide.mcu.externaltools.gnu-tools-for-stm32.7-2018-q2-update.win32_1.4.0.202007081208/tools/bin/../lib/gcc/arm-none-eabi/7.3.1/../../../../arm-none-eabi/lib/thumb/v7-m\libc_nano.a(lib_a-errno.o)
 .text.__errno  0x0000000000000000        0xc c:/st/stm32cubeide_1.4.0/stm32cubeide/plugins/com.st.stm32cube.ide.mcu.externaltools.gnu-tools-for-stm32.7-2018-q2-update.win32_1.4.0.202007081208/tools/bin/../lib/gcc/arm-none-eabi/7.3.1/../../../../arm-none-eabi/lib/thumb/v7-m\libc_nano.a(lib_a-errno.o)
 .debug_frame   0x0000000000000000       0x20 c:/st/stm32cubeide_1.4.0/stm32cubeide/plugins/com.st.stm32cube.ide.mcu.externaltools.gnu-tools-for-stm32.7-2018-q2-update.win32_1.4.0.202007081208/tools/bin/../lib/gcc/arm-none-eabi/7.3.1/../../../../arm-none-eabi/lib/thumb/v7-m\libc_nano.a(lib_a-errno.o)
 .ARM.attributes
                0x0000000000000000       0x2d c:/st/stm32cubeide_1.4.0/stm32cubeide/plugins/com.st.stm32cube.ide.mcu.externaltools.gnu-tools-for-stm32.7-2018-q2-update.win32_1.4.0.202007081208/tools/bin/../lib/gcc/arm-none-eabi/7.3.1/../../../../arm-none-eabi/lib/thumb/v7-m\libc_nano.a(lib_a-errno.o)
 .text          0x0000000000000000        0x0 c:/st/stm32cubeide_1.4.0/stm32cubeide/plugins/com.st.stm32cube.ide.mcu.externaltools.gnu-tools-for-stm32.7-2018-q2-update.win32_1.4.0.202007081208/tools/bin/../lib/gcc/arm-none-eabi/7.3.1/../../../../arm-none-eabi/lib/thumb/v7-m\libc_nano.a(lib_a-exit.o)
 .data          0x0000000000000000        0x0 c:/st/stm32cubeide_1.4.0/stm32cubeide/plugins/com.st.stm32cube.ide.mcu.externaltools.gnu-tools-for-stm32.7-2018-q2-update.win32_1.4.0.202007081208/tools/bin/../lib/gcc/arm-none-eabi/7.3.1/../../../../arm-none-eabi/lib/thumb/v7-m\libc_nano.a(lib_a-exit.o)
 .bss           0x0000000000000000        0x0 c:/st/stm32cubeide_1.4.0/stm32cubeide/plugins/com.st.stm32cube.ide.mcu.externaltools.gnu-tools-for-stm32.7-2018-q2-update.win32_1.4.0.202007081208/tools/bin/../lib/gcc/arm-none-eabi/7.3.1/../../../../arm-none-eabi/lib/thumb/v7-m\libc_nano.a(lib_a-exit.o)
 .text.exit     0x0000000000000000       0x28 c:/st/stm32cubeide_1.4.0/stm32cubeide/plugins/com.st.stm32cube.ide.mcu.externaltools.gnu-tools-for-stm32.7-2018-q2-update.win32_1.4.0.202007081208/tools/bin/../lib/gcc/arm-none-eabi/7.3.1/../../../../arm-none-eabi/lib/thumb/v7-m\libc_nano.a(lib_a-exit.o)
 .debug_frame   0x0000000000000000       0x28 c:/st/stm32cubeide_1.4.0/stm32cubeide/plugins/com.st.stm32cube.ide.mcu.externaltools.gnu-tools-for-stm32.7-2018-q2-update.win32_1.4.0.202007081208/tools/bin/../lib/gcc/arm-none-eabi/7.3.1/../../../../arm-none-eabi/lib/thumb/v7-m\libc_nano.a(lib_a-exit.o)
 .ARM.attributes
                0x0000000000000000       0x2d c:/st/stm32cubeide_1.4.0/stm32cubeide/plugins/com.st.stm32cube.ide.mcu.externaltools.gnu-tools-for-stm32.7-2018-q2-update.win32_1.4.0.202007081208/tools/bin/../lib/gcc/arm-none-eabi/7.3.1/../../../../arm-none-eabi/lib/thumb/v7-m\libc_nano.a(lib_a-exit.o)
 .text          0x0000000000000000        0x0 c:/st/stm32cubeide_1.4.0/stm32cubeide/plugins/com.st.stm32cube.ide.mcu.externaltools.gnu-tools-for-stm32.7-2018-q2-update.win32_1.4.0.202007081208/tools/bin/../lib/gcc/arm-none-eabi/7.3.1/../../../../arm-none-eabi/lib/thumb/v7-m\libc_nano.a(lib_a-impure.o)
 .data          0x0000000000000000        0x0 c:/st/stm32cubeide_1.4.0/stm32cubeide/plugins/com.st.stm32cube.ide.mcu.externaltools.gnu-tools-for-stm32.7-2018-q2-update.win32_1.4.0.202007081208/tools/bin/../lib/gcc/arm-none-eabi/7.3.1/../../../../arm-none-eabi/lib/thumb/v7-m\libc_nano.a(lib_a-impure.o)
 .bss           0x0000000000000000        0x0 c:/st/stm32cubeide_1.4.0/stm32cubeide/plugins/com.st.stm32cube.ide.mcu.externaltools.gnu-tools-for-stm32.7-2018-q2-update.win32_1.4.0.202007081208/tools/bin/../lib/gcc/arm-none-eabi/7.3.1/../../../../arm-none-eabi/lib/thumb/v7-m\libc_nano.a(lib_a-impure.o)
 .data._impure_ptr
                0x0000000000000000        0x4 c:/st/stm32cubeide_1.4.0/stm32cubeide/plugins/com.st.stm32cube.ide.mcu.externaltools.gnu-tools-for-stm32.7-2018-q2-update.win32_1.4.0.202007081208/tools/bin/../lib/gcc/arm-none-eabi/7.3.1/../../../../arm-none-eabi/lib/thumb/v7-m\libc_nano.a(lib_a-impure.o)
 .data.impure_data
                0x0000000000000000       0x60 c:/st/stm32cubeide_1.4.0/stm32cubeide/plugins/com.st.stm32cube.ide.mcu.externaltools.gnu-tools-for-stm32.7-2018-q2-update.win32_1.4.0.202007081208/tools/bin/../lib/gcc/arm-none-eabi/7.3.1/../../../../arm-none-eabi/lib/thumb/v7-m\libc_nano.a(lib_a-impure.o)
 .rodata._global_impure_ptr
                0x0000000000000000        0x4 c:/st/stm32cubeide_1.4.0/stm32cubeide/plugins/com.st.stm32cube.ide.mcu.externaltools.gnu-tools-for-stm32.7-2018-q2-update.win32_1.4.0.202007081208/tools/bin/../lib/gcc/arm-none-eabi/7.3.1/../../../../arm-none-eabi/lib/thumb/v7-m\libc_nano.a(lib_a-impure.o)
 .ARM.attributes
                0x0000000000000000       0x2d c:/st/stm32cubeide_1.4.0/stm32cubeide/plugins/com.st.stm32cube.ide.mcu.externaltools.gnu-tools-for-stm32.7-2018-q2-update.win32_1.4.0.202007081208/tools/bin/../lib/gcc/arm-none-eabi/7.3.1/../../../../arm-none-eabi/lib/thumb/v7-m\libc_nano.a(lib_a-impure.o)
 .text          0x0000000000000000        0x0 c:/st/stm32cubeide_1.4.0/stm32cubeide/plugins/com.st.stm32cube.ide.mcu.externaltools.gnu-tools-for-stm32.7-2018-q2-update.win32_1.4.0.202007081208/tools/bin/../lib/gcc/arm-none-eabi/7.3.1/../../../../arm-none-eabi/lib/thumb/v7-m\libc_nano.a(lib_a-init.o)
 .data          0x0000000000000000        0x0 c:/st/stm32cubeide_1.4.0/stm32cubeide/plugins/com.st.stm32cube.ide.mcu.externaltools.gnu-tools-for-stm32.7-2018-q2-update.win32_1.4.0.202007081208/tools/bin/../lib/gcc/arm-none-eabi/7.3.1/../../../../arm-none-eabi/lib/thumb/v7-m\libc_nano.a(lib_a-init.o)
 .bss           0x0000000000000000        0x0 c:/st/stm32cubeide_1.4.0/stm32cubeide/plugins/com.st.stm32cube.ide.mcu.externaltools.gnu-tools-for-stm32.7-2018-q2-update.win32_1.4.0.202007081208/tools/bin/../lib/gcc/arm-none-eabi/7.3.1/../../../../arm-none-eabi/lib/thumb/v7-m\libc_nano.a(lib_a-init.o)
 .text          0x0000000000000000        0x0 c:/st/stm32cubeide_1.4.0/stm32cubeide/plugins/com.st.stm32cube.ide.mcu.externaltools.gnu-tools-for-stm32.7-2018-q2-update.win32_1.4.0.202007081208/tools/bin/../lib/gcc/arm-none-eabi/7.3.1/../../../../arm-none-eabi/lib/thumb/v7-m\libc_nano.a(lib_a-memset.o)
 .data          0x0000000000000000        0x0 c:/st/stm32cubeide_1.4.0/stm32cubeide/plugins/com.st.stm32cube.ide.mcu.externaltools.gnu-tools-for-stm32.7-2018-q2-update.win32_1.4.0.202007081208/tools/bin/../lib/gcc/arm-none-eabi/7.3.1/../../../../arm-none-eabi/lib/thumb/v7-m\libc_nano.a(lib_a-memset.o)
 .bss           0x0000000000000000        0x0 c:/st/stm32cubeide_1.4.0/stm32cubeide/plugins/com.st.stm32cube.ide.mcu.externaltools.gnu-tools-for-stm32.7-2018-q2-update.win32_1.4.0.202007081208/tools/bin/../lib/gcc/arm-none-eabi/7.3.1/../../../../arm-none-eabi/lib/thumb/v7-m\libc_nano.a(lib_a-memset.o)
 .text.memset   0x0000000000000000       0x10 c:/st/stm32cubeide_1.4.0/stm32cubeide/plugins/com.st.stm32cube.ide.mcu.externaltools.gnu-tools-for-stm32.7-2018-q2-update.win32_1.4.0.202007081208/tools/bin/../lib/gcc/arm-none-eabi/7.3.1/../../../../arm-none-eabi/lib/thumb/v7-m\libc_nano.a(lib_a-memset.o)
 .debug_frame   0x0000000000000000       0x20 c:/st/stm32cubeide_1.4.0/stm32cubeide/plugins/com.st.stm32cube.ide.mcu.externaltools.gnu-tools-for-stm32.7-2018-q2-update.win32_1.4.0.202007081208/tools/bin/../lib/gcc/arm-none-eabi/7.3.1/../../../../arm-none-eabi/lib/thumb/v7-m\libc_nano.a(lib_a-memset.o)
 .ARM.attributes
                0x0000000000000000       0x2d c:/st/stm32cubeide_1.4.0/stm32cubeide/plugins/com.st.stm32cube.ide.mcu.externaltools.gnu-tools-for-stm32.7-2018-q2-update.win32_1.4.0.202007081208/tools/bin/../lib/gcc/arm-none-eabi/7.3.1/../../../../arm-none-eabi/lib/thumb/v7-m\libc_nano.a(lib_a-memset.o)
 .text          0x0000000000000000        0x0 c:/st/stm32cubeide_1.4.0/stm32cubeide/plugins/com.st.stm32cube.ide.mcu.externaltools.gnu-tools-for-stm32.7-2018-q2-update.win32_1.4.0.202007081208/tools/bin/../lib/gcc/arm-none-eabi/7.3.1/thumb/v7-m/crtend.o
 .data          0x0000000000000000        0x0 c:/st/stm32cubeide_1.4.0/stm32cubeide/plugins/com.st.stm32cube.ide.mcu.externaltools.gnu-tools-for-stm32.7-2018-q2-update.win32_1.4.0.202007081208/tools/bin/../lib/gcc/arm-none-eabi/7.3.1/thumb/v7-m/crtend.o
 .bss           0x0000000000000000        0x0 c:/st/stm32cubeide_1.4.0/stm32cubeide/plugins/com.st.stm32cube.ide.mcu.externaltools.gnu-tools-for-stm32.7-2018-q2-update.win32_1.4.0.202007081208/tools/bin/../lib/gcc/arm-none-eabi/7.3.1/thumb/v7-m/crtend.o
 .eh_frame      0x0000000000000000        0x4 c:/st/stm32cubeide_1.4.0/stm32cubeide/plugins/com.st.stm32cube.ide.mcu.externaltools.gnu-tools-for-stm32.7-2018-q2-update.win32_1.4.0.202007081208/tools/bin/../lib/gcc/arm-none-eabi/7.3.1/thumb/v7-m/crtend.o
 .ARM.attributes
                0x0000000000000000       0x2d c:/st/stm32cubeide_1.4.0/stm32cubeide/plugins/com.st.stm32cube.ide.mcu.externaltools.gnu-tools-for-stm32.7-2018-q2-update.win32_1.4.0.202007081208/tools/bin/../lib/gcc/arm-none-eabi/7.3.1/thumb/v7-m/crtend.o
 .text          0x0000000000000000        0x0 c:/st/stm32cubeide_1.4.0/stm32cubeide/plugins/com.st.stm32cube.ide.mcu.externaltools.gnu-tools-for-stm32.7-2018-q2-update.win32_1.4.0.202007081208/tools/bin/../lib/gcc/arm-none-eabi/7.3.1/thumb/v7-m/crtn.o
 .data          0x0000000000000000        0x0 c:/st/stm32cubeide_1.4.0/stm32cubeide/plugins/com.st.stm32cube.ide.mcu.externaltools.gnu-tools-for-stm32.7-2018-q2-update.win32_1.4.0.202007081208/tools/bin/../lib/gcc/arm-none-eabi/7.3.1/thumb/v7-m/crtn.o
 .bss           0x0000000000000000        0x0 c:/st/stm32cubeide_1.4.0/stm32cubeide/plugins/com.st.stm32cube.ide.mcu.externaltools.gnu-tools-for-stm32.7-2018-q2-update.win32_1.4.0.202007081208/tools/bin/../lib/gcc/arm-none-eabi/7.3.1/thumb/v7-m/crtn.o

Memory Configuration

Name             Origin             Length             Attributes
RAM              0x0000000020000000 0x0000000000002800 xrw
ROM              0x0000000008000000 0x0000000000008000 xr
*default*        0x0000000000000000 0xffffffffffffffff

Linker script and memory map

LOAD c:/st/stm32cubeide_1.4.0/stm32cubeide/plugins/com.st.stm32cube.ide.mcu.externaltools.gnu-tools-for-stm32.7-2018-q2-update.win32_1.4.0.202007081208/tools/bin/../lib/gcc/arm-none-eabi/7.3.1/thumb/v7-m/crti.o
LOAD c:/st/stm32cubeide_1.4.0/stm32cubeide/plugins/com.st.stm32cube.ide.mcu.externaltools.gnu-tools-for-stm32.7-2018-q2-update.win32_1.4.0.202007081208/tools/bin/../lib/gcc/arm-none-eabi/7.3.1/thumb/v7-m/crtbegin.o
LOAD c:/st/stm32cubeide_1.4.0/stm32cubeide/plugins/com.st.stm32cube.ide.mcu.externaltools.gnu-tools-for-stm32.7-2018-q2-update.win32_1.4.0.202007081208/tools/bin/../lib/gcc/arm-none-eabi/7.3.1/../../../../arm-none-eabi/lib/thumb/v7-m/crt0.o
LOAD APP/SPI_Transmitter_between_2MCU.o
LOAD Src/main.o
LOAD Src/syscalls.o
LOAD Src/sysmem.o
LOAD Startup/startup_stm32f103c6tx.o
LOAD Stm32_F103C6_Drivers/Src/EXIT.o
LOAD Stm32_F103C6_Drivers/Src/GPIO.o
LOAD Stm32_F103C6_Drivers/Src/RCC.o
LOAD Stm32_F103C6_Drivers/Src/SPI.o
LOAD Stm32_F103C6_Drivers/Src/USART.o
START GROUP
LOAD c:/st/stm32cubeide_1.4.0/stm32cubeide/plugins/com.st.stm32cube.ide.mcu.externaltools.gnu-tools-for-stm32.7-2018-q2-update.win32_1.4.0.202007081208/tools/bin/../lib/gcc/arm-none-eabi/7.3.1/../../../../arm-none-eabi/lib/thumb/v7-m\libc_nano.a
LOAD c:/st/stm32cubeide_1.4.0/stm32cubeide/plugins/com.st.stm32cube.ide.mcu.externaltools.gnu-tools-for-stm32.7-2018-q2-update.win32_1.4.0.202007081208/tools/bin/../lib/gcc/arm-none-eabi/7.3.1/../../../../arm-none-eabi/lib/thumb/v7-m\libm.a
END GROUP
START GROUP
LOAD c:/st/stm32cubeide_1.4.0/stm32cubeide/plugins/com.st.stm32cube.ide.mcu.externaltools.gnu-tools-for-stm32.7-2018-q2-update.win32_1.4.0.202007081208/tools/bin/../lib/gcc/arm-none-eabi/7.3.1/thumb/v7-m\libgcc.a
LOAD c:/st/stm32cubeide_1.4.0/stm32cubeide/plugins/com.st.stm32cube.ide.mcu.externaltools.gnu-tools-for-stm32.7-2018-q2-update.win32_1.4.0.202007081208/tools/bin/../lib/gcc/arm-none-eabi/7.3.1/../../../../arm-none-eabi/lib/thumb/v7-m\libg_nano.a
LOAD c:/st/stm32cubeide_1.4.0/stm32cubeide/plugins/com.st.stm32cube.ide.mcu.externaltools.gnu-tools-for-stm32.7-2018-q2-update.win32_1.4.0.202007081208/tools/bin/../lib/gcc/arm-none-eabi/7.3.1/../../../../arm-none-eabi/lib/thumb/v7-m\libc_nano.a
END GROUP
START GROUP
LOAD c:/st/stm32cubeide_1.4.0/stm32cubeide/plugins/com.st.stm32cube.ide.mcu.externaltools.gnu-tools-for-stm32.7-2018-q2-update.win32_1.4.0.202007081208/tools/bin/../lib/gcc/arm-none-eabi/7.3.1/thumb/v7-m\libgcc.a
LOAD c:/st/stm32cubeide_1.4.0/stm32cubeide/plugins/com.st.stm32cube.ide.mcu.externaltools.gnu-tools-for-stm32.7-2018-q2-update.win32_1.4.0.202007081208/tools/bin/../lib/gcc/arm-none-eabi/7.3.1/../../../../arm-none-eabi/lib/thumb/v7-m\libc_nano.a
LOAD c:/st/stm32cubeide_1.4.0/stm32cubeide/plugins/com.st.stm32cube.ide.mcu.externaltools.gnu-tools-for-stm32.7-2018-q2-update.win32_1.4.0.202007081208/tools/bin/../lib/gcc/arm-none-eabi/7.3.1/../../../../arm-none-eabi/lib/thumb/v7-m\libnosys.a
END GROUP
START GROUP
LOAD c:/st/stm32cubeide_1.4.0/stm32cubeide/plugins/com.st.stm32cube.ide.mcu.externaltools.gnu-tools-for-stm32.7-2018-q2-update.win32_1.4.0.202007081208/tools/bin/../lib/gcc/arm-none-eabi/7.3.1/thumb/v7-m\libgcc.a
LOAD c:/st/stm32cubeide_1.4.0/stm32cubeide/plugins/com.st.stm32cube.ide.mcu.externaltools.gnu-tools-for-stm32.7-2018-q2-update.win32_1.4.0.202007081208/tools/bin/../lib/gcc/arm-none-eabi/7.3.1/../../../../arm-none-eabi/lib/thumb/v7-m\libc_nano.a
LOAD c:/st/stm32cubeide_1.4.0/stm32cubeide/plugins/com.st.stm32cube.ide.mcu.externaltools.gnu-tools-for-stm32.7-2018-q2-update.win32_1.4.0.202007081208/tools/bin/../lib/gcc/arm-none-eabi/7.3.1/../../../../arm-none-eabi/lib/thumb/v7-m\libnosys.a
END GROUP
LOAD c:/st/stm32cubeide_1.4.0/stm32cubeide/plugins/com.st.stm32cube.ide.mcu.externaltools.gnu-tools-for-stm32.7-2018-q2-update.win32_1.4.0.202007081208/tools/bin/../lib/gcc/arm-none-eabi/7.3.1/thumb/v7-m/crtend.o
LOAD c:/st/stm32cubeide_1.4.0/stm32cubeide/plugins/com.st.stm32cube.ide.mcu.externaltools.gnu-tools-for-stm32.7-2018-q2-update.win32_1.4.0.202007081208/tools/bin/../lib/gcc/arm-none-eabi/7.3.1/thumb/v7-m/crtn.o
                0x0000000020002800                _estack = (ORIGIN (RAM) + LENGTH (RAM))
                0x0000000000000200                _Min_Heap_Size = 0x200
                0x0000000000000400                _Min_Stack_Size = 0x400

.isr_vector     0x0000000008000000      0x130
                0x0000000008000000                . = ALIGN (0x4)
 *(.isr_vector)
 .isr_vector    0x0000000008000000      0x130 Startup/startup_stm32f103c6tx.o
                0x0000000008000000                g_pfnVectors
                0x0000000008000130                . = ALIGN (0x4)

.text           0x0000000008000130     0x15c0
                0x0000000008000130                . = ALIGN (0x4)
 *(.text)
 .text          0x0000000008000130       0x40 c:/st/stm32cubeide_1.4.0/stm32cubeide/plugins/com.st.stm32cube.ide.mcu.externaltools.gnu-tools-for-stm32.7-2018-q2-update.win32_1.4.0.202007081208/tools/bin/../lib/gcc/arm-none-eabi/7.3.1/thumb/v7-m/crtbegin.o
 *(.text*)
 .text.USART1_CallBack
                0x0000000008000170       0x58 APP/SPI_Transmitter_between_2MCU.o
                0x0000000008000170                USART1_CallBack
 .text.SPI_Transmitter_between_2MCU
                0x00000000080001c8       0xb0 APP/SPI_Transmitter_between_2MCU.o
                0x00000000080001c8                SPI_Transmitter_between_2MCU
 .text.main     0x0000000008000278        0xe Src/main.o
                0x0000000008000278                main
 *fill*         0x0000000008000286        0x2 
 .text.Reset_Handler
                0x0000000008000288       0x50 Startup/startup_stm32f103c6tx.o
                0x0000000008000288                Reset_Handler
 .text.Default_Handler
                0x00000000080002d8        0x2 Startup/startup_stm32f103c6tx.o
                0x00000000080002d8                TIM8_TRG_COM_IRQHandler
                0x00000000080002d8                TIM8_CC_IRQHandler
                0x00000000080002d8                DebugMon_Handler
                0x00000000080002d8                TIM1_CC_IRQHandler
                0x00000000080002d8                HardFault_Handler
                0x00000000080002d8                TIM6_IRQHandler
                0x00000000080002d8                SysTick_Handler
                0x00000000080002d8                PVD_IRQHandler
                0x00000000080002d8                SDIO_IRQHandler
                0x00000000080002d8                PendSV_Handler
                0x00000000080002d8                NMI_Handler
                0x00000000080002d8                USB_HP_CAN_TX_IRQHandler
                0x00000000080002d8                I2C2_EV_IRQHandler
                0x00000000080002d8                UsageFault_Handler
                0x00000000080002d8                ADC1_2_IRQHandler
                0x00000000080002d8                CAN_SCE_IRQHandler
                0x00000000080002d8                TAMPER_IRQHandler
                0x00000000080002d8                TIM8_UP_IRQHandler
                0x00000000080002d8                DMA2_Channel2_IRQHandler
                0x00000000080002d8                DMA1_Channel4_IRQHandler
                0x00000000080002d8                RTC_IRQHandler
                0x00000000080002d8                DMA1_Channel7_IRQHandler
                0x00000000080002d8                UART5_IRQHandler
                0x00000000080002d8                ADC3_IRQHandler
                0x00000000080002d8                TIM4_IRQHandler
                0x00000000080002d8                CAN_RX1_IRQHandler
                0x00000000080002d8                DMA2_Channel1_IRQHandler
                0x00000000080002d8                I2C1_EV_IRQHandler
                0x00000000080002d8                DMA1_Channel6_IRQHandler
                0x00000000080002d8                UART4_IRQHandler
                0x00000000080002d8                TIM3_IRQHandler
                0x00000000080002d8                RCC_IRQHandler
                0x00000000080002d8                TIM1_TRG_COM_IRQHandler
                0x00000000080002d8                DMA1_Channel1_IRQHandler
                0x00000000080002d8                Default_Handler
                0x00000000080002d8                TIM7_IRQHandler
                0x00000000080002d8                TIM5_IRQHandler
                0x00000000080002d8                USB_LP_CAN_RX0_IRQHandler
                0x00000000080002d8                MemManage_Handler
                0x00000000080002d8                SVC_Handler
                0x00000000080002d8                DMA1_Channel5_IRQHandler
                0x00000000080002d8                DMA1_Channel3_IRQHandler
                0x00000000080002d8                FSMC_IRQHandler
                0x00000000080002d8                TIM1_UP_IRQHandler
                0x00000000080002d8                WWDG_IRQHandler
                0x00000000080002d8                TIM2_IRQHandler
                0x00000000080002d8                TIM1_BRK_IRQHandler
                0x00000000080002d8                RTCAlarm_IRQHandler
                0x00000000080002d8                DMA2_Channel4_5_IRQHandler
                0x00000000080002d8                I2C2_ER_IRQHandler
                0x00000000080002d8                DMA1_Channel2_IRQHandler
                0x00000000080002d8                TIM8_BRK_IRQHandler
                0x00000000080002d8                FLASH_IRQHandler
                0x00000000080002d8                BusFault_Handler
                0x00000000080002d8                SPI3_IRQHandler
                0x00000000080002d8                I2C1_ER_IRQHandler
                0x00000000080002d8                DMA2_Channel3_IRQHandler
 *fill*         0x00000000080002da        0x2 
 .text.EXTI0_IRQHandler
                0x00000000080002dc       0x24 Stm32_F103C6_Drivers/Src/EXIT.o
                0x00000000080002dc                EXTI0_IRQHandler
 .text.EXTI1_IRQHandler
                0x0000000008000300       0x24 Stm32_F103C6_Drivers/Src/EXIT.o
                0x0000000008000300                EXTI1_IRQHandler
 .text.EXTI2_IRQHandler
                0x0000000008000324       0x24 Stm32_F103C6_Drivers/Src/EXIT.o
                0x0000000008000324                EXTI2_IRQHandler
 .text.EXTI3_IRQHandler
                0x0000000008000348       0x24 Stm32_F103C6_Drivers/Src/EXIT.o
                0x0000000008000348                EXTI3_IRQHandler
 .text.EXTI4_IRQHandler
                0x000000000800036c       0x24 Stm32_F103C6_Drivers/Src/EXIT.o
                0x000000000800036c                EXTI4_IRQHandler
 .text.EXTI9_5_IRQHandler
                0x0000000008000390       0xb0 Stm32_F103C6_Drivers/Src/EXIT.o
                0x0000000008000390                EXTI9_5_IRQHandler
 .text.EXTI15_10_IRQHandler
                0x0000000008000440       0xd0 Stm32_F103C6_Drivers/Src/EXIT.o
                0x0000000008000440                EXTI15_10_IRQHandler
 .text.ConfigurationPin
                0x0000000008000510      0x326 Stm32_F103C6_Drivers/Src/GPIO.o
                0x0000000008000510                ConfigurationPin
 *fill*         0x0000000008000836        0x2 
 .text.MCAL_GPIO_Init
                0x0000000008000838       0xf4 Stm32_F103C6_Drivers/Src/GPIO.o
                0x0000000008000838                MCAL_GPIO_Init
 .text.MCAL_GPIO_WritePin
                0x000000000800092c      0x1d4 Stm32_F103C6_Drivers/Src/GPIO.o
                0x000000000800092c                MCAL_GPIO_WritePin
 .text.MCAL_RCC_GPIO_EN
                0x0000000008000b00       0x74 Stm32_F103C6_Drivers/Src/RCC.o
                0x0000000008000b00                MCAL_RCC_GPIO_EN
 .text.MCAL_RCC_AFIO_EN
                0x0000000008000b74       0x1c Stm32_F103C6_Drivers/Src/RCC.o
                0x0000000008000b74                MCAL_RCC_AFIO_EN
 .text.MCAL_RCC_GetSYS_CLKFreq
                0x0000000008000b90       0x3c Stm32_F103C6_Drivers/Src/RCC.o
                0x0000000008000b90                MCAL_RCC_GetSYS_CLKFreq
 .text.MCAL_RCC_GetHCLKFreq
                0x0000000008000bcc       0x20 Stm32_F103C6_Drivers/Src/RCC.o
                0x0000000008000bcc                MCAL_RCC_GetHCLKFreq
 .text.MCAL_RCC_GetPCLK1Freq
                0x0000000008000bec       0x20 Stm32_F103C6_Drivers/Src/RCC.o
                0x0000000008000bec                MCAL_RCC_GetPCLK1Freq
 .text.MCAL_RCC_GetPCLK2Freq
                0x0000000008000c0c       0x20 Stm32_F103C6_Drivers/Src/RCC.o
                0x0000000008000c0c                MCAL_RCC_GetPCLK2Freq
 .text.MCAL_SPI_Init
                0x0000000008000c2c      0x218 Stm32_F103C6_Drivers/Src/SPI.o
                0x0000000008000c2c                MCAL_SPI_Init
 .text.MCAL_SPI_TX_RX
                0x0000000008000e44       0x5c Stm32_F103C6_Drivers/Src/SPI.o
                0x0000000008000e44                MCAL_SPI_TX_RX
 .text.MCAL_SPI_GPIO_Set_Pins
                0x0000000008000ea0      0x188 Stm32_F103C6_Drivers/Src/SPI.o
                0x0000000008000ea0                MCAL_SPI_GPIO_Set_Pins
 .text.SPI1_IRQHandler
                0x0000000008001028       0x14 Stm32_F103C6_Drivers/Src/SPI.o
                0x0000000008001028                SPI1_IRQHandler
 .text.SPI2_IRQHandler
                0x000000000800103c       0x14 Stm32_F103C6_Drivers/Src/SPI.o
                0x000000000800103c                SPI2_IRQHandler
 .text.MCAL_UART_Init
                0x0000000008001050      0x284 Stm32_F103C6_Drivers/Src/USART.o
                0x0000000008001050                MCAL_UART_Init
 .text.MCAL_UART_GPIO_Set_Pins
                0x00000000080012d4      0x20c Stm32_F103C6_Drivers/Src/USART.o
                0x00000000080012d4                MCAL_UART_GPIO_Set_Pins
 .text.MCAL_UART_SendData
                0x00000000080014e0       0xa4 Stm32_F103C6_Drivers/Src/USART.o
                0x00000000080014e0                MCAL_UART_SendData
 .text.MCAL_UART_ReceiveData
                0x0000000008001584       0xd0 Stm32_F103C6_Drivers/Src/USART.o
                0x0000000008001584                MCAL_UART_ReceiveData
 .text.USART2_IRQHandler
                0x0000000008001654       0x14 Stm32_F103C6_Drivers/Src/USART.o
                0x0000000008001654                USART2_IRQHandler
 .text.USART1_IRQHandler
                0x0000000008001668       0x14 Stm32_F103C6_Drivers/Src/USART.o
                0x0000000008001668                USART1_IRQHandler
 .text.USART3_IRQHandler
                0x000000000800167c       0x14 Stm32_F103C6_Drivers/Src/USART.o
                0x000000000800167c                USART3_IRQHandler
 .text.__libc_init_array
                0x0000000008001690       0x48 c:/st/stm32cubeide_1.4.0/stm32cubeide/plugins/com.st.stm32cube.ide.mcu.externaltools.gnu-tools-for-stm32.7-2018-q2-update.win32_1.4.0.202007081208/tools/bin/../lib/gcc/arm-none-eabi/7.3.1/../../../../arm-none-eabi/lib/thumb/v7-m\libc_nano.a(lib_a-init.o)
                0x0000000008001690                __libc_init_array
 *(.glue_7)
 .glue_7        0x00000000080016d8        0x0 linker stubs
 *(.glue_7t)
 .glue_7t       0x00000000080016d8        0x0 linker stubs
 *(.eh_frame)
 .eh_frame      0x00000000080016d8        0x0 c:/st/stm32cubeide_1.4.0/stm32cubeide/plugins/com.st.stm32cube.ide.mcu.externaltools.gnu-tools-for-stm32.7-2018-q2-update.win32_1.4.0.202007081208/tools/bin/../lib/gcc/arm-none-eabi/7.3.1/thumb/v7-m/crtbegin.o
 *(.init)
 .init          0x00000000080016d8        0x4 c:/st/stm32cubeide_1.4.0/stm32cubeide/plugins/com.st.stm32cube.ide.mcu.externaltools.gnu-tools-for-stm32.7-2018-q2-update.win32_1.4.0.202007081208/tools/bin/../lib/gcc/arm-none-eabi/7.3.1/thumb/v7-m/crti.o
                0x00000000080016d8                _init
 .init          0x00000000080016dc        0x8 c:/st/stm32cubeide_1.4.0/stm32cubeide/plugins/com.st.stm32cube.ide.mcu.externaltools.gnu-tools-for-stm32.7-2018-q2-update.win32_1.4.0.202007081208/tools/bin/../lib/gcc/arm-none-eabi/7.3.1/thumb/v7-m/crtn.o
 *(.fini)
 .fini          0x00000000080016e4        0x4 c:/st/stm32cubeide_1.4.0/stm32cubeide/plugins/com.st.stm32cube.ide.mcu.externaltools.gnu-tools-for-stm32.7-2018-q2-update.win32_1.4.0.202007081208/tools/bin/../lib/gcc/arm-none-eabi/7.3.1/thumb/v7-m/crti.o
                0x00000000080016e4                _fini
 .fini          0x00000000080016e8        0x8 c:/st/stm32cubeide_1.4.0/stm32cubeide/plugins/com.st.stm32cube.ide.mcu.externaltools.gnu-tools-for-stm32.7-2018-q2-update.win32_1.4.0.202007081208/tools/bin/../lib/gcc/arm-none-eabi/7.3.1/thumb/v7-m/crtn.o
                0x00000000080016f0                . = ALIGN (0x4)
                0x00000000080016f0                _etext = .

.vfp11_veneer   0x00000000080016f0        0x0
 .vfp11_veneer  0x00000000080016f0        0x0 linker stubs

.v4_bx          0x00000000080016f0        0x0
 .v4_bx         0x00000000080016f0        0x0 linker stubs

.iplt           0x00000000080016f0        0x0
 .iplt          0x00000000080016f0        0x0 c:/st/stm32cubeide_1.4.0/stm32cubeide/plugins/com.st.stm32cube.ide.mcu.externaltools.gnu-tools-for-stm32.7-2018-q2-update.win32_1.4.0.202007081208/tools/bin/../lib/gcc/arm-none-eabi/7.3.1/thumb/v7-m/crtbegin.o

.rodata         0x00000000080016f0       0x10
                0x00000000080016f0                . = ALIGN (0x4)
 *(.rodata)
 *(.rodata*)
 .rodata.SPI_GPIO_Pins
                0x00000000080016f0       0x10 Stm32_F103C6_Drivers/Src/SPI.o
                0x00000000080016f0                SPI_GPIO_Pins
                0x0000000008001700                . = ALIGN (0x4)

.rel.dyn        0x0000000008001700        0x0
 .rel.iplt      0x0000000008001700        0x0 c:/st/stm32cubeide_1.4.0/stm32cubeide/plugins/com.st.stm32cube.ide.mcu.externaltools.gnu-tools-for-stm32.7-2018-q2-update.win32_1.4.0.202007081208/tools/bin/../lib/gcc/arm-none-eabi/7.3.1/thumb/v7-m/crtbegin.o

.ARM.extab      0x0000000008001700        0x0
                0x0000000008001700                . = ALIGN (0x4)
 *(.ARM.extab* .gnu.linkonce.armextab.*)
                0x0000000008001700                . = ALIGN (0x4)

.ARM            0x0000000008001700        0x0
                0x0000000008001700                . = ALIGN (0x4)
                0x0000000008001700                __exidx_start = .
 *(.ARM.exidx*)
                0x0000000008001700                __exidx_end = .
                0x0000000008001700                . = ALIGN (0x4)

.preinit_array  0x0000000008001700        0x0
                0x0000000008001700                . = ALIGN (0x4)
                0x0000000008001700                PROVIDE (__preinit_array_start = .)
 *(.preinit_array*)
                0x0000000008001700                PROVIDE (__preinit_array_end = .)
                0x0000000008001700                . = ALIGN (0x4)

.init_array     0x0000000008001700        0x4
                0x0000000008001700                . = ALIGN (0x4)
                0x0000000008001700                PROVIDE (__init_array_start = .)
 *(SORT_BY_NAME(.init_array.*))
 *(.init_array*)
 .init_array    0x0000000008001700        0x4 c:/st/stm32cubeide_1.4.0/stm32cubeide/plugins/com.st.stm32cube.ide.mcu.externaltools.gnu-tools-for-stm32.7-2018-q2-update.win32_1.4.0.202007081208/tools/bin/../lib/gcc/arm-none-eabi/7.3.1/thumb/v7-m/crtbegin.o
                0x0000000008001704                PROVIDE (__init_array_end = .)
                0x0000000008001704                . = ALIGN (0x4)

.fini_array     0x0000000008001704        0x4
                0x0000000008001704                . = ALIGN (0x4)
                [!provide]                        PROVIDE (__fini_array_start = .)
 *(SORT_BY_NAME(.fini_array.*))
 *(.fini_array*)
 .fini_array    0x0000000008001704        0x4 c:/st/stm32cubeide_1.4.0/stm32cubeide/plugins/com.st.stm32cube.ide.mcu.externaltools.gnu-tools-for-stm32.7-2018-q2-update.win32_1.4.0.202007081208/tools/bin/../lib/gcc/arm-none-eabi/7.3.1/thumb/v7-m/crtbegin.o
                [!provide]                        PROVIDE (__fini_array_end = .)
                0x0000000008001708                . = ALIGN (0x4)
                0x0000000008001708                _sidata = LOADADDR (.data)

.data           0x0000000020000000        0x0 load address 0x0000000008001708
                0x0000000020000000                . = ALIGN (0x4)
                0x0000000020000000                _sdata = .
 *(.data)
 *(.data*)
                0x0000000020000000                . = ALIGN (0x4)
                0x0000000020000000                _edata = .

.igot.plt       0x0000000020000000        0x0 load address 0x0000000008001708
 .igot.plt      0x0000000020000000        0x0 c:/st/stm32cubeide_1.4.0/stm32cubeide/plugins/com.st.stm32cube.ide.mcu.externaltools.gnu-tools-for-stm32.7-2018-q2-update.win32_1.4.0.202007081208/tools/bin/../lib/gcc/arm-none-eabi/7.3.1/thumb/v7-m/crtbegin.o
                0x0000000020000000                . = ALIGN (0x4)

.bss            0x0000000020000000       0x70 load address 0x0000000008001708
                0x0000000020000000                _sbss = .
                0x0000000020000000                __bss_start__ = _sbss
 *(.bss)
 .bss           0x0000000020000000       0x1c c:/st/stm32cubeide_1.4.0/stm32cubeide/plugins/com.st.stm32cube.ide.mcu.externaltools.gnu-tools-for-stm32.7-2018-q2-update.win32_1.4.0.202007081208/tools/bin/../lib/gcc/arm-none-eabi/7.3.1/thumb/v7-m/crtbegin.o
 *(.bss*)
 .bss.Global_SPI_Config
                0x000000002000001c        0x8 Stm32_F103C6_Drivers/Src/SPI.o
 .bss.Global_USART_Config
                0x0000000020000024        0xc Stm32_F103C6_Drivers/Src/USART.o
                0x0000000020000024                Global_USART_Config
 *(COMMON)
 COMMON         0x0000000020000030        0x2 APP/SPI_Transmitter_between_2MCU.o
                0x0000000020000030                data
 *fill*         0x0000000020000032        0x2 
 COMMON         0x0000000020000034       0x3c Stm32_F103C6_Drivers/Src/EXIT.o
                0x0000000020000034                GP_IRQCallBack
                0x0000000020000070                . = ALIGN (0x4)
                0x0000000020000070                _ebss = .
                0x0000000020000070                __bss_end__ = _ebss

._user_heap_stack
                0x0000000020000070      0x600 load address 0x0000000008001708
                0x0000000020000070                . = ALIGN (0x8)
                [!provide]                        PROVIDE (end = .)
                0x0000000020000070                PROVIDE (_end = .)
                0x0000000020000270                . = (. + _Min_Heap_Size)
 *fill*         0x0000000020000070      0x200 
                0x0000000020000670                . = (. + _Min_Stack_Size)
 *fill*         0x0000000020000270      0x400 
                0x0000000020000670                . = ALIGN (0x8)

/DISCARD/
 libc.a(*)
 libm.a(*)
 libgcc.a(*)

.ARM.attributes
                0x0000000000000000       0x29
 *(.ARM.attributes)
 .ARM.attributes
                0x0000000000000000       0x1d c:/st/stm32cubeide_1.4.0/stm32cubeide/plugins/com.st.stm32cube.ide.mcu.externaltools.gnu-tools-for-stm32.7-2018-q2-update.win32_1.4.0.202007081208/tools/bin/../lib/gcc/arm-none-eabi/7.3.1/thumb/v7-m/crti.o
 .ARM.attributes
                0x000000000000001d       0x2d c:/st/stm32cubeide_1.4.0/stm32cubeide/plugins/com.st.stm32cube.ide.mcu.externaltools.gnu-tools-for-stm32.7-2018-q2-update.win32_1.4.0.202007081208/tools/bin/../lib/gcc/arm-none-eabi/7.3.1/thumb/v7-m/crtbegin.o
 .ARM.attributes
                0x000000000000004a       0x33 APP/SPI_Transmitter_between_2MCU.o
 .ARM.attributes
                0x000000000000007d       0x33 Src/main.o
 .ARM.attributes
                0x00000000000000b0       0x21 Startup/startup_stm32f103c6tx.o
 .ARM.attributes
                0x00000000000000d1       0x33 Stm32_F103C6_Drivers/Src/EXIT.o
 .ARM.attributes
                0x0000000000000104       0x33 Stm32_F103C6_Drivers/Src/GPIO.o
 .ARM.attributes
                0x0000000000000137       0x33 Stm32_F103C6_Drivers/Src/RCC.o
 .ARM.attributes
                0x000000000000016a       0x33 Stm32_F103C6_Drivers/Src/SPI.o
 .ARM.attributes
                0x000000000000019d       0x33 Stm32_F103C6_Drivers/Src/USART.o
 .ARM.attributes
                0x00000000000001d0       0x2d c:/st/stm32cubeide_1.4.0/stm32cubeide/plugins/com.st.stm32cube.ide.mcu.externaltools.gnu-tools-for-stm32.7-2018-q2-update.win32_1.4.0.202007081208/tools/bin/../lib/gcc/arm-none-eabi/7.3.1/../../../../arm-none-eabi/lib/thumb/v7-m\libc_nano.a(lib_a-init.o)
 .ARM.attributes
                0x00000000000001fd       0x1d c:/st/stm32cubeide_1.4.0/stm32cubeide/plugins/com.st.stm32cube.ide.mcu.externaltools.gnu-tools-for-stm32.7-2018-q2-update.win32_1.4.0.202007081208/tools/bin/../lib/gcc/arm-none-eabi/7.3.1/thumb/v7-m/crtn.o
OUTPUT(Drivers.elf elf32-littlearm)

.debug_info     0x0000000000000000     0xe154
 .debug_info    0x0000000000000000     0x1dac APP/SPI_Transmitter_between_2MCU.o
 .debug_info    0x0000000000001dac      0x998 Src/main.o
 .debug_info    0x0000000000002744       0x22 Startup/startup_stm32f103c6tx.o
 .debug_info    0x0000000000002766     0x2341 Stm32_F103C6_Drivers/Src/EXIT.o
 .debug_info    0x0000000000004aa7     0x2378 Stm32_F103C6_Drivers/Src/GPIO.o
 .debug_info    0x0000000000006e1f     0x214d Stm32_F103C6_Drivers/Src/RCC.o
 .debug_info    0x0000000000008f6c     0x2805 Stm32_F103C6_Drivers/Src/SPI.o
 .debug_info    0x000000000000b771     0x29e3 Stm32_F103C6_Drivers/Src/USART.o

.debug_abbrev   0x0000000000000000     0x1068
 .debug_abbrev  0x0000000000000000      0x225 APP/SPI_Transmitter_between_2MCU.o
 .debug_abbrev  0x0000000000000225      0x169 Src/main.o
 .debug_abbrev  0x000000000000038e       0x12 Startup/startup_stm32f103c6tx.o
 .debug_abbrev  0x00000000000003a0      0x24c Stm32_F103C6_Drivers/Src/EXIT.o
 .debug_abbrev  0x00000000000005ec      0x2bb Stm32_F103C6_Drivers/Src/GPIO.o
 .debug_abbrev  0x00000000000008a7      0x27f Stm32_F103C6_Drivers/Src/RCC.o
 .debug_abbrev  0x0000000000000b26      0x285 Stm32_F103C6_Drivers/Src/SPI.o
 .debug_abbrev  0x0000000000000dab      0x2bd Stm32_F103C6_Drivers/Src/USART.o

.debug_loc      0x0000000000000000      0xdf0
 .debug_loc     0x0000000000000000       0xa8 APP/SPI_Transmitter_between_2MCU.o
 .debug_loc     0x00000000000000a8       0x2c Src/main.o
 .debug_loc     0x00000000000000d4      0x320 Stm32_F103C6_Drivers/Src/EXIT.o
 .debug_loc     0x00000000000003f4      0x38c Stm32_F103C6_Drivers/Src/GPIO.o
 .debug_loc     0x0000000000000780      0x168 Stm32_F103C6_Drivers/Src/RCC.o
 .debug_loc     0x00000000000008e8      0x274 Stm32_F103C6_Drivers/Src/SPI.o
 .debug_loc     0x0000000000000b5c      0x294 Stm32_F103C6_Drivers/Src/USART.o

.debug_aranges  0x0000000000000000      0x260
 .debug_aranges
                0x0000000000000000       0x30 APP/SPI_Transmitter_between_2MCU.o
 .debug_aranges
                0x0000000000000030       0x20 Src/main.o
 .debug_aranges
                0x0000000000000050       0x28 Startup/startup_stm32f103c6tx.o
 .debug_aranges
                0x0000000000000078       0x80 Stm32_F103C6_Drivers/Src/EXIT.o
 .debug_aranges
                0x00000000000000f8       0x68 Stm32_F103C6_Drivers/Src/GPIO.o
 .debug_aranges
                0x0000000000000160       0x48 Stm32_F103C6_Drivers/Src/RCC.o
 .debug_aranges
                0x00000000000001a8       0x58 Stm32_F103C6_Drivers/Src/SPI.o
 .debug_aranges
                0x0000000000000200       0x60 Stm32_F103C6_Drivers/Src/USART.o

.debug_ranges   0x0000000000000000      0x1e8
 .debug_ranges  0x0000000000000000       0x20 APP/SPI_Transmitter_between_2MCU.o
 .debug_ranges  0x0000000000000020       0x10 Src/main.o
 .debug_ranges  0x0000000000000030       0x20 Startup/startup_stm32f103c6tx.o
 .debug_ranges  0x0000000000000050       0x70 Stm32_F103C6_Drivers/Src/EXIT.o
 .debug_ranges  0x00000000000000c0       0x58 Stm32_F103C6_Drivers/Src/GPIO.o
 .debug_ranges  0x0000000000000118       0x38 Stm32_F103C6_Drivers/Src/RCC.o
 .debug_ranges  0x0000000000000150       0x48 Stm32_F103C6_Drivers/Src/SPI.o
 .debug_ranges  0x0000000000000198       0x50 Stm32_F103C6_Drivers/Src/USART.o

.debug_macro    0x0000000000000000     0x286a
 .debug_macro   0x0000000000000000      0x181 APP/SPI_Transmitter_between_2MCU.o
 .debug_macro   0x0000000000000181      0xa60 APP/SPI_Transmitter_between_2MCU.o
 .debug_macro   0x0000000000000be1       0x22 APP/SPI_Transmitter_between_2MCU.o
 .debug_macro   0x0000000000000c03       0x8e APP/SPI_Transmitter_between_2MCU.o
 .debug_macro   0x0000000000000c91       0x51 APP/SPI_Transmitter_between_2MCU.o
 .debug_macro   0x0000000000000ce2       0xef APP/SPI_Transmitter_between_2MCU.o
 .debug_macro   0x0000000000000dd1       0x6a APP/SPI_Transmitter_between_2MCU.o
 .debug_macro   0x0000000000000e3b      0x1df APP/SPI_Transmitter_between_2MCU.o
 .debug_macro   0x000000000000101a       0x18 APP/SPI_Transmitter_between_2MCU.o
 .debug_macro   0x0000000000001032       0x46 APP/SPI_Transmitter_between_2MCU.o
 .debug_macro   0x0000000000001078       0x3c APP/SPI_Transmitter_between_2MCU.o
 .debug_macro   0x00000000000010b4       0x34 APP/SPI_Transmitter_between_2MCU.o
 .debug_macro   0x00000000000010e8       0x16 APP/SPI_Transmitter_between_2MCU.o
 .debug_macro   0x00000000000010fe      0x10e APP/SPI_Transmitter_between_2MCU.o
 .debug_macro   0x000000000000120c       0x8d APP/SPI_Transmitter_between_2MCU.o
 .debug_macro   0x0000000000001299       0x52 APP/SPI_Transmitter_between_2MCU.o
 .debug_macro   0x00000000000012eb       0x1f APP/SPI_Transmitter_between_2MCU.o
 .debug_macro   0x000000000000130a       0x43 APP/SPI_Transmitter_between_2MCU.o
 .debug_macro   0x000000000000134d       0x20 APP/SPI_Transmitter_between_2MCU.o
 .debug_macro   0x000000000000136d      0x1a3 APP/SPI_Transmitter_between_2MCU.o
 .debug_macro   0x0000000000001510      0x330 APP/SPI_Transmitter_between_2MCU.o
 .debug_macro   0x0000000000001840       0x16 APP/SPI_Transmitter_between_2MCU.o
 .debug_macro   0x0000000000001856       0x29 APP/SPI_Transmitter_between_2MCU.o
 .debug_macro   0x000000000000187f      0x21a APP/SPI_Transmitter_between_2MCU.o
 .debug_macro   0x0000000000001a99       0xfa APP/SPI_Transmitter_between_2MCU.o
 .debug_macro   0x0000000000001b93       0x10 APP/SPI_Transmitter_between_2MCU.o
 .debug_macro   0x0000000000001ba3       0xee APP/SPI_Transmitter_between_2MCU.o
 .debug_macro   0x0000000000001c91       0xd0 APP/SPI_Transmitter_between_2MCU.o
 .debug_macro   0x0000000000001d61       0x28 APP/SPI_Transmitter_between_2MCU.o
 .debug_macro   0x0000000000001d89      0x17b Src/main.o
 .debug_macro   0x0000000000001f04      0x154 Stm32_F103C6_Drivers/Src/EXIT.o
 .debug_macro   0x0000000000002058      0x1c5 Stm32_F103C6_Drivers/Src/EXIT.o
 .debug_macro   0x000000000000221d      0x145 Stm32_F103C6_Drivers/Src/GPIO.o
 .debug_macro   0x0000000000002362      0x154 Stm32_F103C6_Drivers/Src/RCC.o
 .debug_macro   0x00000000000024b6      0x187 Stm32_F103C6_Drivers/Src/SPI.o
 .debug_macro   0x000000000000263d       0xca Stm32_F103C6_Drivers/Src/SPI.o
 .debug_macro   0x0000000000002707      0x163 Stm32_F103C6_Drivers/Src/USART.o

.debug_line     0x0000000000000000     0x2e64
 .debug_line    0x0000000000000000      0x5ea APP/SPI_Transmitter_between_2MCU.o
 .debug_line    0x00000000000005ea      0x58b Src/main.o
 .debug_line    0x0000000000000b75       0x84 Startup/startup_stm32f103c6tx.o
 .debug_line    0x0000000000000bf9      0x73e Stm32_F103C6_Drivers/Src/EXIT.o
 .debug_line    0x0000000000001337      0x6e0 Stm32_F103C6_Drivers/Src/GPIO.o
 .debug_line    0x0000000000001a17      0x5ce Stm32_F103C6_Drivers/Src/RCC.o
 .debug_line    0x0000000000001fe5      0x716 Stm32_F103C6_Drivers/Src/SPI.o
 .debug_line    0x00000000000026fb      0x769 Stm32_F103C6_Drivers/Src/USART.o

.debug_str      0x0000000000000000     0xa97b
 .debug_str     0x0000000000000000     0x88c2 APP/SPI_Transmitter_between_2MCU.o
                                       0x8b37 (size before relaxing)
 .debug_str     0x00000000000088c2       0x13 Src/main.o
                                       0x85d5 (size before relaxing)
 .debug_str     0x00000000000088d5       0x31 Startup/startup_stm32f103c6tx.o
                                         0x7f (size before relaxing)
 .debug_str     0x0000000000008906     0x17d8 Stm32_F103C6_Drivers/Src/EXIT.o
                                       0x96a7 (size before relaxing)
 .debug_str     0x000000000000a0de      0x5f0 Stm32_F103C6_Drivers/Src/GPIO.o
                                       0x84cc (size before relaxing)
 .debug_str     0x000000000000a6ce       0x9d Stm32_F103C6_Drivers/Src/RCC.o
                                       0x8433 (size before relaxing)
 .debug_str     0x000000000000a76b      0x10a Stm32_F103C6_Drivers/Src/SPI.o
                                       0x8adf (size before relaxing)
 .debug_str     0x000000000000a875      0x106 Stm32_F103C6_Drivers/Src/USART.o
                                       0x8bc2 (size before relaxing)

.comment        0x0000000000000000       0x7b
 .comment       0x0000000000000000       0x7b APP/SPI_Transmitter_between_2MCU.o
                                         0x7c (size before relaxing)
 .comment       0x000000000000007b       0x7c Src/main.o
 .comment       0x000000000000007b       0x7c Stm32_F103C6_Drivers/Src/EXIT.o
 .comment       0x000000000000007b       0x7c Stm32_F103C6_Drivers/Src/GPIO.o
 .comment       0x000000000000007b       0x7c Stm32_F103C6_Drivers/Src/RCC.o
 .comment       0x000000000000007b       0x7c Stm32_F103C6_Drivers/Src/SPI.o
 .comment       0x000000000000007b       0x7c Stm32_F103C6_Drivers/Src/USART.o

.debug_frame    0x0000000000000000      0x760
 .debug_frame   0x0000000000000000       0x6c APP/SPI_Transmitter_between_2MCU.o
 .debug_frame   0x000000000000006c       0x2c Src/main.o
 .debug_frame   0x0000000000000098      0x1b0 Stm32_F103C6_Drivers/Src/EXIT.o
 .debug_frame   0x0000000000000248      0x19c Stm32_F103C6_Drivers/Src/GPIO.o
 .debug_frame   0x00000000000003e4       0xcc Stm32_F103C6_Drivers/Src/RCC.o
 .debug_frame   0x00000000000004b0      0x134 Stm32_F103C6_Drivers/Src/SPI.o
 .debug_frame   0x00000000000005e4      0x150 Stm32_F103C6_Drivers/Src/USART.o
 .debug_frame   0x0000000000000734       0x2c c:/st/stm32cubeide_1.4.0/stm32cubeide/plugins/com.st.stm32cube.ide.mcu.externaltools.gnu-tools-for-stm32.7-2018-q2-update.win32_1.4.0.202007081208/tools/bin/../lib/gcc/arm-none-eabi/7.3.1/../../../../arm-none-eabi/lib/thumb/v7-m\libc_nano.a(lib_a-init.o)
