Archive member included to satisfy reference by file (symbol)

c:/st/stm32cubeide_1.4.0/stm32cubeide/plugins/com.st.stm32cube.ide.mcu.externaltools.gnu-tools-for-stm32.7-2018-q2-update.win32_1.4.0.202007081208/tools/bin/../lib/gcc/arm-none-eabi/7.3.1/../../../../arm-none-eabi/lib/thumb/v7-m\libc_nano.a(lib_a-errno.o)
                              Src/syscalls.o (__errno)
c:/st/stm32cubeide_1.4.0/stm32cubeide/plugins/com.st.stm32cube.ide.mcu.externaltools.gnu-tools-for-stm32.7-2018-q2-update.win32_1.4.0.202007081208/tools/bin/../lib/gcc/arm-none-eabi/7.3.1/../../../../arm-none-eabi/lib/thumb/v7-m\libc_nano.a(lib_a-exit.o)
                              c:/st/stm32cubeide_1.4.0/stm32cubeide/plugins/com.st.stm32cube.ide.mcu.externaltools.gnu-tools-for-stm32.7-2018-q2-update.win32_1.4.0.202007081208/tools/bin/../lib/gcc/arm-none-eabi/7.3.1/../../../../arm-none-eabi/lib/thumb/v7-m/crt0.o (exit)
c:/st/stm32cubeide_1.4.0/stm32cubeide/plugins/com.st.stm32cube.ide.mcu.externaltools.gnu-tools-for-stm32.7-2018-q2-update.win32_1.4.0.202007081208/tools/bin/../lib/gcc/arm-none-eabi/7.3.1/../../../../arm-none-eabi/lib/thumb/v7-m\libc_nano.a(lib_a-impure.o)
                              c:/st/stm32cubeide_1.4.0/stm32cubeide/plugins/com.st.stm32cube.ide.mcu.externaltools.gnu-tools-for-stm32.7-2018-q2-update.win32_1.4.0.202007081208/tools/bin/../lib/gcc/arm-none-eabi/7.3.1/../../../../arm-none-eabi/lib/thumb/v7-m\libc_nano.a(lib_a-exit.o) (_global_impure_ptr)
c:/st/stm32cubeide_1.4.0/stm32cubeide/plugins/com.st.stm32cube.ide.mcu.externaltools.gnu-tools-for-stm32.7-2018-q2-update.win32_1.4.0.202007081208/tools/bin/../lib/gcc/arm-none-eabi/7.3.1/../../../../arm-none-eabi/lib/thumb/v7-m\libc_nano.a(lib_a-init.o)
                              c:/st/stm32cubeide_1.4.0/stm32cubeide/plugins/com.st.stm32cube.ide.mcu.externaltools.gnu-tools-for-stm32.7-2018-q2-update.win32_1.4.0.202007081208/tools/bin/../lib/gcc/arm-none-eabi/7.3.1/../../../../arm-none-eabi/lib/thumb/v7-m/crt0.o (__libc_init_array)
c:/st/stm32cubeide_1.4.0/stm32cubeide/plugins/com.st.stm32cube.ide.mcu.externaltools.gnu-tools-for-stm32.7-2018-q2-update.win32_1.4.0.202007081208/tools/bin/../lib/gcc/arm-none-eabi/7.3.1/../../../../arm-none-eabi/lib/thumb/v7-m\libc_nano.a(lib_a-memset.o)
                              c:/st/stm32cubeide_1.4.0/stm32cubeide/plugins/com.st.stm32cube.ide.mcu.externaltools.gnu-tools-for-stm32.7-2018-q2-update.win32_1.4.0.202007081208/tools/bin/../lib/gcc/arm-none-eabi/7.3.1/../../../../arm-none-eabi/lib/thumb/v7-m/crt0.o (memset)

Allocating common symbols
Common symbol       size              file

data                0x2               APP/USART_Debugging_Using_Polling.o
GP_IRQCallBack      0x3c              Stm32_F103C6_Drivers/Src/EXIT.o

Discarded input sections

 .text          0x0000000000000000        0x0 c:/st/stm32cubeide_1.4.0/stm32cubeide/plugins/com.st.stm32cube.ide.mcu.externaltools.gnu-tools-for-stm32.7-2018-q2-update.win32_1.4.0.202007081208/tools/bin/../lib/gcc/arm-none-eabi/7.3.1/thumb/v7-m/crti.o
 .data          0x0000000000000000        0x0 c:/st/stm32cubeide_1.4.0/stm32cubeide/plugins/com.st.stm32cube.ide.mcu.externaltools.gnu-tools-for-stm32.7-2018-q2-update.win32_1.4.0.202007081208/tools/bin/../lib/gcc/arm-none-eabi/7.3.1/thumb/v7-m/crti.o
 .bss           0x0000000000000000        0x0 c:/st/stm32cubeide_1.4.0/stm32cubeide/plugins/com.st.stm32cube.ide.mcu.externaltools.gnu-tools-for-stm32.7-2018-q2-update.win32_1.4.0.202007081208/tools/bin/../lib/gcc/arm-none-eabi/7.3.1/thumb/v7-m/crti.o
 .data          0x0000000000000000        0x4 c:/st/stm32cubeide_1.4.0/stm32cubeide/plugins/com.st.stm32cube.ide.mcu.externaltools.gnu-tools-for-stm32.7-2018-q2-update.win32_1.4.0.202007081208/tools/bin/../lib/gcc/arm-none-eabi/7.3.1/thumb/v7-m/crtbegin.o
 .text          0x0000000000000000       0x74 c:/st/stm32cubeide_1.4.0/stm32cubeide/plugins/com.st.stm32cube.ide.mcu.externaltools.gnu-tools-for-stm32.7-2018-q2-update.win32_1.4.0.202007081208/tools/bin/../lib/gcc/arm-none-eabi/7.3.1/../../../../arm-none-eabi/lib/thumb/v7-m/crt0.o
 .data          0x0000000000000000        0x0 c:/st/stm32cubeide_1.4.0/stm32cubeide/plugins/com.st.stm32cube.ide.mcu.externaltools.gnu-tools-for-stm32.7-2018-q2-update.win32_1.4.0.202007081208/tools/bin/../lib/gcc/arm-none-eabi/7.3.1/../../../../arm-none-eabi/lib/thumb/v7-m/crt0.o
 .bss           0x0000000000000000        0x0 c:/st/stm32cubeide_1.4.0/stm32cubeide/plugins/com.st.stm32cube.ide.mcu.externaltools.gnu-tools-for-stm32.7-2018-q2-update.win32_1.4.0.202007081208/tools/bin/../lib/gcc/arm-none-eabi/7.3.1/../../../../arm-none-eabi/lib/thumb/v7-m/crt0.o
 .ARM.extab     0x0000000000000000        0x0 c:/st/stm32cubeide_1.4.0/stm32cubeide/plugins/com.st.stm32cube.ide.mcu.externaltools.gnu-tools-for-stm32.7-2018-q2-update.win32_1.4.0.202007081208/tools/bin/../lib/gcc/arm-none-eabi/7.3.1/../../../../arm-none-eabi/lib/thumb/v7-m/crt0.o
 .ARM.exidx     0x0000000000000000        0x8 c:/st/stm32cubeide_1.4.0/stm32cubeide/plugins/com.st.stm32cube.ide.mcu.externaltools.gnu-tools-for-stm32.7-2018-q2-update.win32_1.4.0.202007081208/tools/bin/../lib/gcc/arm-none-eabi/7.3.1/../../../../arm-none-eabi/lib/thumb/v7-m/crt0.o
 .ARM.attributes
                0x0000000000000000       0x1b c:/st/stm32cubeide_1.4.0/stm32cubeide/plugins/com.st.stm32cube.ide.mcu.externaltools.gnu-tools-for-stm32.7-2018-q2-update.win32_1.4.0.202007081208/tools/bin/../lib/gcc/arm-none-eabi/7.3.1/../../../../arm-none-eabi/lib/thumb/v7-m/crt0.o
 .group         0x0000000000000000        0xc APP/USART_Debugging_Using_Polling.o
 .group         0x0000000000000000        0xc APP/USART_Debugging_Using_Polling.o
 .group         0x0000000000000000        0xc APP/USART_Debugging_Using_Polling.o
 .group         0x0000000000000000        0xc APP/USART_Debugging_Using_Polling.o
 .group         0x0000000000000000        0xc APP/USART_Debugging_Using_Polling.o
 .group         0x0000000000000000        0xc APP/USART_Debugging_Using_Polling.o
 .group         0x0000000000000000        0xc APP/USART_Debugging_Using_Polling.o
 .group         0x0000000000000000        0xc APP/USART_Debugging_Using_Polling.o
 .group         0x0000000000000000        0xc APP/USART_Debugging_Using_Polling.o
 .group         0x0000000000000000        0xc APP/USART_Debugging_Using_Polling.o
 .group         0x0000000000000000        0xc APP/USART_Debugging_Using_Polling.o
 .group         0x0000000000000000        0xc APP/USART_Debugging_Using_Polling.o
 .group         0x0000000000000000        0xc APP/USART_Debugging_Using_Polling.o
 .group         0x0000000000000000        0xc APP/USART_Debugging_Using_Polling.o
 .group         0x0000000000000000        0xc APP/USART_Debugging_Using_Polling.o
 .group         0x0000000000000000        0xc APP/USART_Debugging_Using_Polling.o
 .group         0x0000000000000000        0xc APP/USART_Debugging_Using_Polling.o
 .group         0x0000000000000000        0xc APP/USART_Debugging_Using_Polling.o
 .group         0x0000000000000000        0xc APP/USART_Debugging_Using_Polling.o
 .group         0x0000000000000000        0xc APP/USART_Debugging_Using_Polling.o
 .group         0x0000000000000000        0xc APP/USART_Debugging_Using_Polling.o
 .group         0x0000000000000000        0xc APP/USART_Debugging_Using_Polling.o
 .group         0x0000000000000000        0xc APP/USART_Debugging_Using_Polling.o
 .group         0x0000000000000000        0xc APP/USART_Debugging_Using_Polling.o
 .group         0x0000000000000000        0xc APP/USART_Debugging_Using_Polling.o
 .group         0x0000000000000000        0xc APP/USART_Debugging_Using_Polling.o
 .text          0x0000000000000000        0x0 APP/USART_Debugging_Using_Polling.o
 .data          0x0000000000000000        0x0 APP/USART_Debugging_Using_Polling.o
 .bss           0x0000000000000000        0x0 APP/USART_Debugging_Using_Polling.o
 .group         0x0000000000000000        0xc Src/main.o
 .group         0x0000000000000000        0xc Src/main.o
 .group         0x0000000000000000        0xc Src/main.o
 .group         0x0000000000000000        0xc Src/main.o
 .group         0x0000000000000000        0xc Src/main.o
 .group         0x0000000000000000        0xc Src/main.o
 .group         0x0000000000000000        0xc Src/main.o
 .group         0x0000000000000000        0xc Src/main.o
 .group         0x0000000000000000        0xc Src/main.o
 .group         0x0000000000000000        0xc Src/main.o
 .group         0x0000000000000000        0xc Src/main.o
 .group         0x0000000000000000        0xc Src/main.o
 .group         0x0000000000000000        0xc Src/main.o
 .group         0x0000000000000000        0xc Src/main.o
 .group         0x0000000000000000        0xc Src/main.o
 .group         0x0000000000000000        0xc Src/main.o
 .group         0x0000000000000000        0xc Src/main.o
 .group         0x0000000000000000        0xc Src/main.o
 .group         0x0000000000000000        0xc Src/main.o
 .group         0x0000000000000000        0xc Src/main.o
 .group         0x0000000000000000        0xc Src/main.o
 .group         0x0000000000000000        0xc Src/main.o
 .group         0x0000000000000000        0xc Src/main.o
 .group         0x0000000000000000        0xc Src/main.o
 .group         0x0000000000000000        0xc Src/main.o
 .group         0x0000000000000000        0xc Src/main.o
 .text          0x0000000000000000        0x0 Src/main.o
 .data          0x0000000000000000        0x0 Src/main.o
 .bss           0x0000000000000000        0x0 Src/main.o
 .debug_macro   0x0000000000000000      0xa60 Src/main.o
 .debug_macro   0x0000000000000000       0x22 Src/main.o
 .debug_macro   0x0000000000000000       0x8e Src/main.o
 .debug_macro   0x0000000000000000       0x51 Src/main.o
 .debug_macro   0x0000000000000000       0xef Src/main.o
 .debug_macro   0x0000000000000000       0x6a Src/main.o
 .debug_macro   0x0000000000000000      0x1df Src/main.o
 .debug_macro   0x0000000000000000       0x18 Src/main.o
 .debug_macro   0x0000000000000000       0x46 Src/main.o
 .debug_macro   0x0000000000000000       0x3c Src/main.o
 .debug_macro   0x0000000000000000       0x34 Src/main.o
 .debug_macro   0x0000000000000000       0x16 Src/main.o
 .debug_macro   0x0000000000000000      0x10e Src/main.o
 .debug_macro   0x0000000000000000       0x8d Src/main.o
 .debug_macro   0x0000000000000000       0x52 Src/main.o
 .debug_macro   0x0000000000000000       0x1f Src/main.o
 .debug_macro   0x0000000000000000       0x43 Src/main.o
 .debug_macro   0x0000000000000000       0x20 Src/main.o
 .debug_macro   0x0000000000000000      0x1a3 Src/main.o
 .debug_macro   0x0000000000000000      0x330 Src/main.o
 .debug_macro   0x0000000000000000       0x16 Src/main.o
 .debug_macro   0x0000000000000000       0x29 Src/main.o
 .debug_macro   0x0000000000000000      0x1f2 Src/main.o
 .debug_macro   0x0000000000000000       0xfa Src/main.o
 .debug_macro   0x0000000000000000       0x10 Src/main.o
 .debug_macro   0x0000000000000000       0xee Src/main.o
 .group         0x0000000000000000        0xc Src/syscalls.o
 .group         0x0000000000000000        0xc Src/syscalls.o
 .group         0x0000000000000000        0xc Src/syscalls.o
 .group         0x0000000000000000        0xc Src/syscalls.o
 .group         0x0000000000000000        0xc Src/syscalls.o
 .group         0x0000000000000000        0xc Src/syscalls.o
 .group         0x0000000000000000        0xc Src/syscalls.o
 .group         0x0000000000000000        0xc Src/syscalls.o
 .group         0x0000000000000000        0xc Src/syscalls.o
 .group         0x0000000000000000        0xc Src/syscalls.o
 .group         0x0000000000000000        0xc Src/syscalls.o
 .group         0x0000000000000000        0xc Src/syscalls.o
 .group         0x0000000000000000        0xc Src/syscalls.o
 .group         0x0000000000000000        0xc Src/syscalls.o
 .group         0x0000000000000000        0xc Src/syscalls.o
 .group         0x0000000000000000        0xc Src/syscalls.o
 .group         0x0000000000000000        0xc Src/syscalls.o
 .group         0x0000000000000000        0xc Src/syscalls.o
 .group         0x0000000000000000        0xc Src/syscalls.o
 .group         0x0000000000000000        0xc Src/syscalls.o
 .group         0x0000000000000000        0xc Src/syscalls.o
 .group         0x0000000000000000        0xc Src/syscalls.o
 .group         0x0000000000000000        0xc Src/syscalls.o
 .group         0x0000000000000000        0xc Src/syscalls.o
 .group         0x0000000000000000        0xc Src/syscalls.o
 .group         0x0000000000000000        0xc Src/syscalls.o
 .group         0x0000000000000000        0xc Src/syscalls.o
 .group         0x0000000000000000        0xc Src/syscalls.o
 .group         0x0000000000000000        0xc Src/syscalls.o
 .group         0x0000000000000000        0xc Src/syscalls.o
 .group         0x0000000000000000        0xc Src/syscalls.o
 .group         0x0000000000000000        0xc Src/syscalls.o
 .group         0x0000000000000000        0xc Src/syscalls.o
 .group         0x0000000000000000        0xc Src/syscalls.o
 .group         0x0000000000000000        0xc Src/syscalls.o
 .group         0x0000000000000000        0xc Src/syscalls.o
 .group         0x0000000000000000        0xc Src/syscalls.o
 .group         0x0000000000000000        0xc Src/syscalls.o
 .group         0x0000000000000000        0xc Src/syscalls.o
 .group         0x0000000000000000        0xc Src/syscalls.o
 .group         0x0000000000000000        0xc Src/syscalls.o
 .group         0x0000000000000000        0xc Src/syscalls.o
 .group         0x0000000000000000        0xc Src/syscalls.o
 .group         0x0000000000000000        0xc Src/syscalls.o
 .text          0x0000000000000000        0x0 Src/syscalls.o
 .data          0x0000000000000000        0x0 Src/syscalls.o
 .bss           0x0000000000000000        0x0 Src/syscalls.o
 .bss.__env     0x0000000000000000        0x4 Src/syscalls.o
 .data.environ  0x0000000000000000        0x4 Src/syscalls.o
 .text.initialise_monitor_handles
                0x0000000000000000        0xc Src/syscalls.o
 .text._getpid  0x0000000000000000        0xe Src/syscalls.o
 .text._kill    0x0000000000000000       0x20 Src/syscalls.o
 .text._exit    0x0000000000000000       0x14 Src/syscalls.o
 .text._read    0x0000000000000000       0x3a Src/syscalls.o
 .text._write   0x0000000000000000       0x38 Src/syscalls.o
 .text._close   0x0000000000000000       0x16 Src/syscalls.o
 .text._fstat   0x0000000000000000       0x1e Src/syscalls.o
 .text._isatty  0x0000000000000000       0x14 Src/syscalls.o
 .text._lseek   0x0000000000000000       0x18 Src/syscalls.o
 .text._open    0x0000000000000000       0x1a Src/syscalls.o
 .text._wait    0x0000000000000000       0x1e Src/syscalls.o
 .text._unlink  0x0000000000000000       0x1e Src/syscalls.o
 .text._times   0x0000000000000000       0x16 Src/syscalls.o
 .text._stat    0x0000000000000000       0x1e Src/syscalls.o
 .text._link    0x0000000000000000       0x20 Src/syscalls.o
 .text._fork    0x0000000000000000       0x16 Src/syscalls.o
 .text._execve  0x0000000000000000       0x22 Src/syscalls.o
 .debug_info    0x0000000000000000     0x1038 Src/syscalls.o
 .debug_abbrev  0x0000000000000000      0x254 Src/syscalls.o
 .debug_loc     0x0000000000000000      0x5b8 Src/syscalls.o
 .debug_aranges
                0x0000000000000000       0xa8 Src/syscalls.o
 .debug_ranges  0x0000000000000000       0x98 Src/syscalls.o
 .debug_macro   0x0000000000000000      0x243 Src/syscalls.o
 .debug_macro   0x0000000000000000      0xa60 Src/syscalls.o
 .debug_macro   0x0000000000000000       0x22 Src/syscalls.o
 .debug_macro   0x0000000000000000       0x40 Src/syscalls.o
 .debug_macro   0x0000000000000000       0x18 Src/syscalls.o
 .debug_macro   0x0000000000000000       0x94 Src/syscalls.o
 .debug_macro   0x0000000000000000       0x3c Src/syscalls.o
 .debug_macro   0x0000000000000000       0x34 Src/syscalls.o
 .debug_macro   0x0000000000000000       0x57 Src/syscalls.o
 .debug_macro   0x0000000000000000      0x174 Src/syscalls.o
 .debug_macro   0x0000000000000000      0x330 Src/syscalls.o
 .debug_macro   0x0000000000000000       0x52 Src/syscalls.o
 .debug_macro   0x0000000000000000       0x1f Src/syscalls.o
 .debug_macro   0x0000000000000000       0x43 Src/syscalls.o
 .debug_macro   0x0000000000000000       0x20 Src/syscalls.o
 .debug_macro   0x0000000000000000      0x1a3 Src/syscalls.o
 .debug_macro   0x0000000000000000       0x10 Src/syscalls.o
 .debug_macro   0x0000000000000000       0x35 Src/syscalls.o
 .debug_macro   0x0000000000000000       0x10 Src/syscalls.o
 .debug_macro   0x0000000000000000       0x10 Src/syscalls.o
 .debug_macro   0x0000000000000000       0x10 Src/syscalls.o
 .debug_macro   0x0000000000000000       0x6a Src/syscalls.o
 .debug_macro   0x0000000000000000       0x1c Src/syscalls.o
 .debug_macro   0x0000000000000000       0x52 Src/syscalls.o
 .debug_macro   0x0000000000000000       0x40 Src/syscalls.o
 .debug_macro   0x0000000000000000       0x10 Src/syscalls.o
 .debug_macro   0x0000000000000000       0x40 Src/syscalls.o
 .debug_macro   0x0000000000000000       0xd7 Src/syscalls.o
 .debug_macro   0x0000000000000000       0x1c Src/syscalls.o
 .debug_macro   0x0000000000000000       0x3d Src/syscalls.o
 .debug_macro   0x0000000000000000       0x35 Src/syscalls.o
 .debug_macro   0x0000000000000000      0x122 Src/syscalls.o
 .debug_macro   0x0000000000000000       0x16 Src/syscalls.o
 .debug_macro   0x0000000000000000       0x16 Src/syscalls.o
 .debug_macro   0x0000000000000000       0x29 Src/syscalls.o
 .debug_macro   0x0000000000000000       0x10 Src/syscalls.o
 .debug_macro   0x0000000000000000      0x241 Src/syscalls.o
 .debug_macro   0x0000000000000000       0x1c Src/syscalls.o
 .debug_macro   0x0000000000000000       0x10 Src/syscalls.o
 .debug_macro   0x0000000000000000       0x10 Src/syscalls.o
 .debug_macro   0x0000000000000000       0x16 Src/syscalls.o
 .debug_macro   0x0000000000000000      0x145 Src/syscalls.o
 .debug_macro   0x0000000000000000      0x189 Src/syscalls.o
 .debug_macro   0x0000000000000000       0x16 Src/syscalls.o
 .debug_macro   0x0000000000000000       0x88 Src/syscalls.o
 .debug_line    0x0000000000000000      0x739 Src/syscalls.o
 .debug_str     0x0000000000000000     0x888e Src/syscalls.o
 .comment       0x0000000000000000       0x7c Src/syscalls.o
 .debug_frame   0x0000000000000000      0x2ac Src/syscalls.o
 .ARM.attributes
                0x0000000000000000       0x33 Src/syscalls.o
 .group         0x0000000000000000        0xc Src/sysmem.o
 .group         0x0000000000000000        0xc Src/sysmem.o
 .group         0x0000000000000000        0xc Src/sysmem.o
 .group         0x0000000000000000        0xc Src/sysmem.o
 .group         0x0000000000000000        0xc Src/sysmem.o
 .group         0x0000000000000000        0xc Src/sysmem.o
 .group         0x0000000000000000        0xc Src/sysmem.o
 .group         0x0000000000000000        0xc Src/sysmem.o
 .group         0x0000000000000000        0xc Src/sysmem.o
 .group         0x0000000000000000        0xc Src/sysmem.o
 .group         0x0000000000000000        0xc Src/sysmem.o
 .group         0x0000000000000000        0xc Src/sysmem.o
 .group         0x0000000000000000        0xc Src/sysmem.o
 .group         0x0000000000000000        0xc Src/sysmem.o
 .group         0x0000000000000000        0xc Src/sysmem.o
 .group         0x0000000000000000        0xc Src/sysmem.o
 .group         0x0000000000000000        0xc Src/sysmem.o
 .group         0x0000000000000000        0xc Src/sysmem.o
 .group         0x0000000000000000        0xc Src/sysmem.o
 .text          0x0000000000000000        0x0 Src/sysmem.o
 .data          0x0000000000000000        0x0 Src/sysmem.o
 .bss           0x0000000000000000        0x0 Src/sysmem.o
 .bss.__sbrk_heap_end
                0x0000000000000000        0x4 Src/sysmem.o
 .text._sbrk    0x0000000000000000       0x6c Src/sysmem.o
 .debug_info    0x0000000000000000      0xa7c Src/sysmem.o
 .debug_abbrev  0x0000000000000000      0x18e Src/sysmem.o
 .debug_loc     0x0000000000000000       0x50 Src/sysmem.o
 .debug_aranges
                0x0000000000000000       0x20 Src/sysmem.o
 .debug_ranges  0x0000000000000000       0x10 Src/sysmem.o
 .debug_macro   0x0000000000000000       0xee Src/sysmem.o
 .debug_macro   0x0000000000000000      0xa60 Src/sysmem.o
 .debug_macro   0x0000000000000000       0x10 Src/sysmem.o
 .debug_macro   0x0000000000000000       0x22 Src/sysmem.o
 .debug_macro   0x0000000000000000       0x40 Src/sysmem.o
 .debug_macro   0x0000000000000000       0x18 Src/sysmem.o
 .debug_macro   0x0000000000000000       0x94 Src/sysmem.o
 .debug_macro   0x0000000000000000       0x3c Src/sysmem.o
 .debug_macro   0x0000000000000000       0x34 Src/sysmem.o
 .debug_macro   0x0000000000000000      0x174 Src/sysmem.o
 .debug_macro   0x0000000000000000       0x57 Src/sysmem.o
 .debug_macro   0x0000000000000000       0x52 Src/sysmem.o
 .debug_macro   0x0000000000000000       0x1f Src/sysmem.o
 .debug_macro   0x0000000000000000       0x43 Src/sysmem.o
 .debug_macro   0x0000000000000000       0x20 Src/sysmem.o
 .debug_macro   0x0000000000000000      0x1a3 Src/sysmem.o
 .debug_macro   0x0000000000000000      0x23b Src/sysmem.o
 .debug_macro   0x0000000000000000       0xef Src/sysmem.o
 .debug_macro   0x0000000000000000       0x6a Src/sysmem.o
 .debug_macro   0x0000000000000000      0x1df Src/sysmem.o
 .debug_line    0x0000000000000000      0x4c2 Src/sysmem.o
 .debug_str     0x0000000000000000     0x5f5c Src/sysmem.o
 .comment       0x0000000000000000       0x7c Src/sysmem.o
 .debug_frame   0x0000000000000000       0x34 Src/sysmem.o
 .ARM.attributes
                0x0000000000000000       0x33 Src/sysmem.o
 .text          0x0000000000000000       0x14 Startup/startup_stm32f103c6tx.o
 .data          0x0000000000000000        0x0 Startup/startup_stm32f103c6tx.o
 .bss           0x0000000000000000        0x0 Startup/startup_stm32f103c6tx.o
 .group         0x0000000000000000        0xc Stm32_F103C6_Drivers/Src/EXIT.o
 .group         0x0000000000000000        0xc Stm32_F103C6_Drivers/Src/EXIT.o
 .group         0x0000000000000000        0xc Stm32_F103C6_Drivers/Src/EXIT.o
 .group         0x0000000000000000        0xc Stm32_F103C6_Drivers/Src/EXIT.o
 .group         0x0000000000000000        0xc Stm32_F103C6_Drivers/Src/EXIT.o
 .group         0x0000000000000000        0xc Stm32_F103C6_Drivers/Src/EXIT.o
 .group         0x0000000000000000        0xc Stm32_F103C6_Drivers/Src/EXIT.o
 .group         0x0000000000000000        0xc Stm32_F103C6_Drivers/Src/EXIT.o
 .group         0x0000000000000000        0xc Stm32_F103C6_Drivers/Src/EXIT.o
 .group         0x0000000000000000        0xc Stm32_F103C6_Drivers/Src/EXIT.o
 .group         0x0000000000000000        0xc Stm32_F103C6_Drivers/Src/EXIT.o
 .group         0x0000000000000000        0xc Stm32_F103C6_Drivers/Src/EXIT.o
 .group         0x0000000000000000        0xc Stm32_F103C6_Drivers/Src/EXIT.o
 .group         0x0000000000000000        0xc Stm32_F103C6_Drivers/Src/EXIT.o
 .group         0x0000000000000000        0xc Stm32_F103C6_Drivers/Src/EXIT.o
 .group         0x0000000000000000        0xc Stm32_F103C6_Drivers/Src/EXIT.o
 .group         0x0000000000000000        0xc Stm32_F103C6_Drivers/Src/EXIT.o
 .group         0x0000000000000000        0xc Stm32_F103C6_Drivers/Src/EXIT.o
 .group         0x0000000000000000        0xc Stm32_F103C6_Drivers/Src/EXIT.o
 .group         0x0000000000000000        0xc Stm32_F103C6_Drivers/Src/EXIT.o
 .group         0x0000000000000000        0xc Stm32_F103C6_Drivers/Src/EXIT.o
 .group         0x0000000000000000        0xc Stm32_F103C6_Drivers/Src/EXIT.o
 .group         0x0000000000000000        0xc Stm32_F103C6_Drivers/Src/EXIT.o
 .group         0x0000000000000000        0xc Stm32_F103C6_Drivers/Src/EXIT.o
 .group         0x0000000000000000        0xc Stm32_F103C6_Drivers/Src/EXIT.o
 .text          0x0000000000000000        0x0 Stm32_F103C6_Drivers/Src/EXIT.o
 .data          0x0000000000000000        0x0 Stm32_F103C6_Drivers/Src/EXIT.o
 .bss           0x0000000000000000        0x0 Stm32_F103C6_Drivers/Src/EXIT.o
 .text.Update_EXTI
                0x0000000000000000      0x1f0 Stm32_F103C6_Drivers/Src/EXIT.o
 .text.Enable_NVIC
                0x0000000000000000       0x54 Stm32_F103C6_Drivers/Src/EXIT.o
 .text.Disable_NVIC
                0x0000000000000000       0x54 Stm32_F103C6_Drivers/Src/EXIT.o
 .text.MCAL_EXTI_DeInit
                0x0000000000000000       0x90 Stm32_F103C6_Drivers/Src/EXIT.o
 .text.MCAL_EXTI_Init
                0x0000000000000000       0x16 Stm32_F103C6_Drivers/Src/EXIT.o
 .text.MCAL_EXTI_Update
                0x0000000000000000       0x16 Stm32_F103C6_Drivers/Src/EXIT.o
 .debug_macro   0x0000000000000000      0xa60 Stm32_F103C6_Drivers/Src/EXIT.o
 .debug_macro   0x0000000000000000       0x22 Stm32_F103C6_Drivers/Src/EXIT.o
 .debug_macro   0x0000000000000000       0x8e Stm32_F103C6_Drivers/Src/EXIT.o
 .debug_macro   0x0000000000000000       0x51 Stm32_F103C6_Drivers/Src/EXIT.o
 .debug_macro   0x0000000000000000       0xef Stm32_F103C6_Drivers/Src/EXIT.o
 .debug_macro   0x0000000000000000       0x6a Stm32_F103C6_Drivers/Src/EXIT.o
 .debug_macro   0x0000000000000000      0x1df Stm32_F103C6_Drivers/Src/EXIT.o
 .debug_macro   0x0000000000000000       0x18 Stm32_F103C6_Drivers/Src/EXIT.o
 .debug_macro   0x0000000000000000       0x46 Stm32_F103C6_Drivers/Src/EXIT.o
 .debug_macro   0x0000000000000000       0x3c Stm32_F103C6_Drivers/Src/EXIT.o
 .debug_macro   0x0000000000000000       0x34 Stm32_F103C6_Drivers/Src/EXIT.o
 .debug_macro   0x0000000000000000       0x16 Stm32_F103C6_Drivers/Src/EXIT.o
 .debug_macro   0x0000000000000000      0x10e Stm32_F103C6_Drivers/Src/EXIT.o
 .debug_macro   0x0000000000000000       0x8d Stm32_F103C6_Drivers/Src/EXIT.o
 .debug_macro   0x0000000000000000       0x52 Stm32_F103C6_Drivers/Src/EXIT.o
 .debug_macro   0x0000000000000000       0x1f Stm32_F103C6_Drivers/Src/EXIT.o
 .debug_macro   0x0000000000000000       0x43 Stm32_F103C6_Drivers/Src/EXIT.o
 .debug_macro   0x0000000000000000       0x20 Stm32_F103C6_Drivers/Src/EXIT.o
 .debug_macro   0x0000000000000000      0x1a3 Stm32_F103C6_Drivers/Src/EXIT.o
 .debug_macro   0x0000000000000000      0x330 Stm32_F103C6_Drivers/Src/EXIT.o
 .debug_macro   0x0000000000000000       0x16 Stm32_F103C6_Drivers/Src/EXIT.o
 .debug_macro   0x0000000000000000       0x29 Stm32_F103C6_Drivers/Src/EXIT.o
 .debug_macro   0x0000000000000000      0x1f2 Stm32_F103C6_Drivers/Src/EXIT.o
 .debug_macro   0x0000000000000000       0xfa Stm32_F103C6_Drivers/Src/EXIT.o
 .group         0x0000000000000000        0xc Stm32_F103C6_Drivers/Src/GPIO.o
 .group         0x0000000000000000        0xc Stm32_F103C6_Drivers/Src/GPIO.o
 .group         0x0000000000000000        0xc Stm32_F103C6_Drivers/Src/GPIO.o
 .group         0x0000000000000000        0xc Stm32_F103C6_Drivers/Src/GPIO.o
 .group         0x0000000000000000        0xc Stm32_F103C6_Drivers/Src/GPIO.o
 .group         0x0000000000000000        0xc Stm32_F103C6_Drivers/Src/GPIO.o
 .group         0x0000000000000000        0xc Stm32_F103C6_Drivers/Src/GPIO.o
 .group         0x0000000000000000        0xc Stm32_F103C6_Drivers/Src/GPIO.o
 .group         0x0000000000000000        0xc Stm32_F103C6_Drivers/Src/GPIO.o
 .group         0x0000000000000000        0xc Stm32_F103C6_Drivers/Src/GPIO.o
 .group         0x0000000000000000        0xc Stm32_F103C6_Drivers/Src/GPIO.o
 .group         0x0000000000000000        0xc Stm32_F103C6_Drivers/Src/GPIO.o
 .group         0x0000000000000000        0xc Stm32_F103C6_Drivers/Src/GPIO.o
 .group         0x0000000000000000        0xc Stm32_F103C6_Drivers/Src/GPIO.o
 .group         0x0000000000000000        0xc Stm32_F103C6_Drivers/Src/GPIO.o
 .group         0x0000000000000000        0xc Stm32_F103C6_Drivers/Src/GPIO.o
 .group         0x0000000000000000        0xc Stm32_F103C6_Drivers/Src/GPIO.o
 .group         0x0000000000000000        0xc Stm32_F103C6_Drivers/Src/GPIO.o
 .group         0x0000000000000000        0xc Stm32_F103C6_Drivers/Src/GPIO.o
 .group         0x0000000000000000        0xc Stm32_F103C6_Drivers/Src/GPIO.o
 .group         0x0000000000000000        0xc Stm32_F103C6_Drivers/Src/GPIO.o
 .group         0x0000000000000000        0xc Stm32_F103C6_Drivers/Src/GPIO.o
 .group         0x0000000000000000        0xc Stm32_F103C6_Drivers/Src/GPIO.o
 .group         0x0000000000000000        0xc Stm32_F103C6_Drivers/Src/GPIO.o
 .text          0x0000000000000000        0x0 Stm32_F103C6_Drivers/Src/GPIO.o
 .data          0x0000000000000000        0x0 Stm32_F103C6_Drivers/Src/GPIO.o
 .bss           0x0000000000000000        0x0 Stm32_F103C6_Drivers/Src/GPIO.o
 .text.MCAL_GPIO_DeInit
                0x0000000000000000       0xcc Stm32_F103C6_Drivers/Src/GPIO.o
 .text.MCAL_GPIO_ReadPin
                0x0000000000000000       0x2a Stm32_F103C6_Drivers/Src/GPIO.o
 .text.MCAL_GPIO_ReadPort
                0x0000000000000000       0x18 Stm32_F103C6_Drivers/Src/GPIO.o
 .text.MCAL_GPIO_WritePin
                0x0000000000000000      0x1d4 Stm32_F103C6_Drivers/Src/GPIO.o
 .text.MCAL_GPIO_WritePort
                0x0000000000000000       0x1c Stm32_F103C6_Drivers/Src/GPIO.o
 .text.MCAL_GPIO_TogglePin
                0x0000000000000000       0x22 Stm32_F103C6_Drivers/Src/GPIO.o
 .text.MCAL_GPIO_TogglePORT
                0x0000000000000000       0x1e Stm32_F103C6_Drivers/Src/GPIO.o
 .text.MCAL_GPIO_LockPin
                0x0000000000000000       0x50 Stm32_F103C6_Drivers/Src/GPIO.o
 .debug_macro   0x0000000000000000      0xa60 Stm32_F103C6_Drivers/Src/GPIO.o
 .debug_macro   0x0000000000000000       0x22 Stm32_F103C6_Drivers/Src/GPIO.o
 .debug_macro   0x0000000000000000       0x8e Stm32_F103C6_Drivers/Src/GPIO.o
 .debug_macro   0x0000000000000000       0x51 Stm32_F103C6_Drivers/Src/GPIO.o
 .debug_macro   0x0000000000000000       0xef Stm32_F103C6_Drivers/Src/GPIO.o
 .debug_macro   0x0000000000000000       0x6a Stm32_F103C6_Drivers/Src/GPIO.o
 .debug_macro   0x0000000000000000      0x1df Stm32_F103C6_Drivers/Src/GPIO.o
 .debug_macro   0x0000000000000000       0x18 Stm32_F103C6_Drivers/Src/GPIO.o
 .debug_macro   0x0000000000000000       0x46 Stm32_F103C6_Drivers/Src/GPIO.o
 .debug_macro   0x0000000000000000       0x3c Stm32_F103C6_Drivers/Src/GPIO.o
 .debug_macro   0x0000000000000000       0x34 Stm32_F103C6_Drivers/Src/GPIO.o
 .debug_macro   0x0000000000000000       0x16 Stm32_F103C6_Drivers/Src/GPIO.o
 .debug_macro   0x0000000000000000      0x10e Stm32_F103C6_Drivers/Src/GPIO.o
 .debug_macro   0x0000000000000000       0x8d Stm32_F103C6_Drivers/Src/GPIO.o
 .debug_macro   0x0000000000000000       0x52 Stm32_F103C6_Drivers/Src/GPIO.o
 .debug_macro   0x0000000000000000       0x1f Stm32_F103C6_Drivers/Src/GPIO.o
 .debug_macro   0x0000000000000000       0x43 Stm32_F103C6_Drivers/Src/GPIO.o
 .debug_macro   0x0000000000000000       0x20 Stm32_F103C6_Drivers/Src/GPIO.o
 .debug_macro   0x0000000000000000      0x1a3 Stm32_F103C6_Drivers/Src/GPIO.o
 .debug_macro   0x0000000000000000      0x330 Stm32_F103C6_Drivers/Src/GPIO.o
 .debug_macro   0x0000000000000000       0x16 Stm32_F103C6_Drivers/Src/GPIO.o
 .debug_macro   0x0000000000000000       0x29 Stm32_F103C6_Drivers/Src/GPIO.o
 .debug_macro   0x0000000000000000      0x1f2 Stm32_F103C6_Drivers/Src/GPIO.o
 .debug_macro   0x0000000000000000       0xfa Stm32_F103C6_Drivers/Src/GPIO.o
 .group         0x0000000000000000        0xc Stm32_F103C6_Drivers/Src/RCC.o
 .group         0x0000000000000000        0xc Stm32_F103C6_Drivers/Src/RCC.o
 .group         0x0000000000000000        0xc Stm32_F103C6_Drivers/Src/RCC.o
 .group         0x0000000000000000        0xc Stm32_F103C6_Drivers/Src/RCC.o
 .group         0x0000000000000000        0xc Stm32_F103C6_Drivers/Src/RCC.o
 .group         0x0000000000000000        0xc Stm32_F103C6_Drivers/Src/RCC.o
 .group         0x0000000000000000        0xc Stm32_F103C6_Drivers/Src/RCC.o
 .group         0x0000000000000000        0xc Stm32_F103C6_Drivers/Src/RCC.o
 .group         0x0000000000000000        0xc Stm32_F103C6_Drivers/Src/RCC.o
 .group         0x0000000000000000        0xc Stm32_F103C6_Drivers/Src/RCC.o
 .group         0x0000000000000000        0xc Stm32_F103C6_Drivers/Src/RCC.o
 .group         0x0000000000000000        0xc Stm32_F103C6_Drivers/Src/RCC.o
 .group         0x0000000000000000        0xc Stm32_F103C6_Drivers/Src/RCC.o
 .group         0x0000000000000000        0xc Stm32_F103C6_Drivers/Src/RCC.o
 .group         0x0000000000000000        0xc Stm32_F103C6_Drivers/Src/RCC.o
 .group         0x0000000000000000        0xc Stm32_F103C6_Drivers/Src/RCC.o
 .group         0x0000000000000000        0xc Stm32_F103C6_Drivers/Src/RCC.o
 .group         0x0000000000000000        0xc Stm32_F103C6_Drivers/Src/RCC.o
 .group         0x0000000000000000        0xc Stm32_F103C6_Drivers/Src/RCC.o
 .group         0x0000000000000000        0xc Stm32_F103C6_Drivers/Src/RCC.o
 .group         0x0000000000000000        0xc Stm32_F103C6_Drivers/Src/RCC.o
 .group         0x0000000000000000        0xc Stm32_F103C6_Drivers/Src/RCC.o
 .group         0x0000000000000000        0xc Stm32_F103C6_Drivers/Src/RCC.o
 .group         0x0000000000000000        0xc Stm32_F103C6_Drivers/Src/RCC.o
 .group         0x0000000000000000        0xc Stm32_F103C6_Drivers/Src/RCC.o
 .text          0x0000000000000000        0x0 Stm32_F103C6_Drivers/Src/RCC.o
 .data          0x0000000000000000        0x0 Stm32_F103C6_Drivers/Src/RCC.o
 .bss           0x0000000000000000        0x0 Stm32_F103C6_Drivers/Src/RCC.o
 .debug_macro   0x0000000000000000      0xa60 Stm32_F103C6_Drivers/Src/RCC.o
 .debug_macro   0x0000000000000000       0x22 Stm32_F103C6_Drivers/Src/RCC.o
 .debug_macro   0x0000000000000000       0x8e Stm32_F103C6_Drivers/Src/RCC.o
 .debug_macro   0x0000000000000000       0x51 Stm32_F103C6_Drivers/Src/RCC.o
 .debug_macro   0x0000000000000000       0xef Stm32_F103C6_Drivers/Src/RCC.o
 .debug_macro   0x0000000000000000       0x6a Stm32_F103C6_Drivers/Src/RCC.o
 .debug_macro   0x0000000000000000      0x1df Stm32_F103C6_Drivers/Src/RCC.o
 .debug_macro   0x0000000000000000       0x18 Stm32_F103C6_Drivers/Src/RCC.o
 .debug_macro   0x0000000000000000       0x46 Stm32_F103C6_Drivers/Src/RCC.o
 .debug_macro   0x0000000000000000       0x3c Stm32_F103C6_Drivers/Src/RCC.o
 .debug_macro   0x0000000000000000       0x34 Stm32_F103C6_Drivers/Src/RCC.o
 .debug_macro   0x0000000000000000       0x16 Stm32_F103C6_Drivers/Src/RCC.o
 .debug_macro   0x0000000000000000      0x10e Stm32_F103C6_Drivers/Src/RCC.o
 .debug_macro   0x0000000000000000       0x8d Stm32_F103C6_Drivers/Src/RCC.o
 .debug_macro   0x0000000000000000       0x52 Stm32_F103C6_Drivers/Src/RCC.o
 .debug_macro   0x0000000000000000       0x1f Stm32_F103C6_Drivers/Src/RCC.o
 .debug_macro   0x0000000000000000       0x43 Stm32_F103C6_Drivers/Src/RCC.o
 .debug_macro   0x0000000000000000       0x20 Stm32_F103C6_Drivers/Src/RCC.o
 .debug_macro   0x0000000000000000      0x1a3 Stm32_F103C6_Drivers/Src/RCC.o
 .debug_macro   0x0000000000000000      0x330 Stm32_F103C6_Drivers/Src/RCC.o
 .debug_macro   0x0000000000000000       0x16 Stm32_F103C6_Drivers/Src/RCC.o
 .debug_macro   0x0000000000000000       0x29 Stm32_F103C6_Drivers/Src/RCC.o
 .debug_macro   0x0000000000000000      0x1f2 Stm32_F103C6_Drivers/Src/RCC.o
 .debug_macro   0x0000000000000000       0xfa Stm32_F103C6_Drivers/Src/RCC.o
 .debug_macro   0x0000000000000000       0x10 Stm32_F103C6_Drivers/Src/RCC.o
 .group         0x0000000000000000        0xc Stm32_F103C6_Drivers/Src/USART.o
 .group         0x0000000000000000        0xc Stm32_F103C6_Drivers/Src/USART.o
 .group         0x0000000000000000        0xc Stm32_F103C6_Drivers/Src/USART.o
 .group         0x0000000000000000        0xc Stm32_F103C6_Drivers/Src/USART.o
 .group         0x0000000000000000        0xc Stm32_F103C6_Drivers/Src/USART.o
 .group         0x0000000000000000        0xc Stm32_F103C6_Drivers/Src/USART.o
 .group         0x0000000000000000        0xc Stm32_F103C6_Drivers/Src/USART.o
 .group         0x0000000000000000        0xc Stm32_F103C6_Drivers/Src/USART.o
 .group         0x0000000000000000        0xc Stm32_F103C6_Drivers/Src/USART.o
 .group         0x0000000000000000        0xc Stm32_F103C6_Drivers/Src/USART.o
 .group         0x0000000000000000        0xc Stm32_F103C6_Drivers/Src/USART.o
 .group         0x0000000000000000        0xc Stm32_F103C6_Drivers/Src/USART.o
 .group         0x0000000000000000        0xc Stm32_F103C6_Drivers/Src/USART.o
 .group         0x0000000000000000        0xc Stm32_F103C6_Drivers/Src/USART.o
 .group         0x0000000000000000        0xc Stm32_F103C6_Drivers/Src/USART.o
 .group         0x0000000000000000        0xc Stm32_F103C6_Drivers/Src/USART.o
 .group         0x0000000000000000        0xc Stm32_F103C6_Drivers/Src/USART.o
 .group         0x0000000000000000        0xc Stm32_F103C6_Drivers/Src/USART.o
 .group         0x0000000000000000        0xc Stm32_F103C6_Drivers/Src/USART.o
 .group         0x0000000000000000        0xc Stm32_F103C6_Drivers/Src/USART.o
 .group         0x0000000000000000        0xc Stm32_F103C6_Drivers/Src/USART.o
 .group         0x0000000000000000        0xc Stm32_F103C6_Drivers/Src/USART.o
 .group         0x0000000000000000        0xc Stm32_F103C6_Drivers/Src/USART.o
 .group         0x0000000000000000        0xc Stm32_F103C6_Drivers/Src/USART.o
 .group         0x0000000000000000        0xc Stm32_F103C6_Drivers/Src/USART.o
 .group         0x0000000000000000        0xc Stm32_F103C6_Drivers/Src/USART.o
 .text          0x0000000000000000        0x0 Stm32_F103C6_Drivers/Src/USART.o
 .data          0x0000000000000000        0x0 Stm32_F103C6_Drivers/Src/USART.o
 .bss           0x0000000000000000        0x0 Stm32_F103C6_Drivers/Src/USART.o
 .text.MCAL_UART_DeInit
                0x0000000000000000       0x84 Stm32_F103C6_Drivers/Src/USART.o
 .text.MCAL_UART_WAIT_TC
                0x0000000000000000       0x22 Stm32_F103C6_Drivers/Src/USART.o
 .debug_macro   0x0000000000000000      0xa60 Stm32_F103C6_Drivers/Src/USART.o
 .debug_macro   0x0000000000000000       0x22 Stm32_F103C6_Drivers/Src/USART.o
 .debug_macro   0x0000000000000000       0x8e Stm32_F103C6_Drivers/Src/USART.o
 .debug_macro   0x0000000000000000       0x51 Stm32_F103C6_Drivers/Src/USART.o
 .debug_macro   0x0000000000000000       0xef Stm32_F103C6_Drivers/Src/USART.o
 .debug_macro   0x0000000000000000       0x6a Stm32_F103C6_Drivers/Src/USART.o
 .debug_macro   0x0000000000000000      0x1df Stm32_F103C6_Drivers/Src/USART.o
 .debug_macro   0x0000000000000000       0x18 Stm32_F103C6_Drivers/Src/USART.o
 .debug_macro   0x0000000000000000       0x46 Stm32_F103C6_Drivers/Src/USART.o
 .debug_macro   0x0000000000000000       0x3c Stm32_F103C6_Drivers/Src/USART.o
 .debug_macro   0x0000000000000000       0x34 Stm32_F103C6_Drivers/Src/USART.o
 .debug_macro   0x0000000000000000       0x16 Stm32_F103C6_Drivers/Src/USART.o
 .debug_macro   0x0000000000000000      0x10e Stm32_F103C6_Drivers/Src/USART.o
 .debug_macro   0x0000000000000000       0x8d Stm32_F103C6_Drivers/Src/USART.o
 .debug_macro   0x0000000000000000       0x52 Stm32_F103C6_Drivers/Src/USART.o
 .debug_macro   0x0000000000000000       0x1f Stm32_F103C6_Drivers/Src/USART.o
 .debug_macro   0x0000000000000000       0x43 Stm32_F103C6_Drivers/Src/USART.o
 .debug_macro   0x0000000000000000       0x20 Stm32_F103C6_Drivers/Src/USART.o
 .debug_macro   0x0000000000000000      0x1a3 Stm32_F103C6_Drivers/Src/USART.o
 .debug_macro   0x0000000000000000      0x330 Stm32_F103C6_Drivers/Src/USART.o
 .debug_macro   0x0000000000000000       0x16 Stm32_F103C6_Drivers/Src/USART.o
 .debug_macro   0x0000000000000000       0x29 Stm32_F103C6_Drivers/Src/USART.o
 .debug_macro   0x0000000000000000      0x1f2 Stm32_F103C6_Drivers/Src/USART.o
 .debug_macro   0x0000000000000000       0xfa Stm32_F103C6_Drivers/Src/USART.o
 .debug_macro   0x0000000000000000       0x10 Stm32_F103C6_Drivers/Src/USART.o
 .debug_macro   0x0000000000000000       0xee Stm32_F103C6_Drivers/Src/USART.o
 .text          0x0000000000000000        0x0 c:/st/stm32cubeide_1.4.0/stm32cubeide/plugins/com.st.stm32cube.ide.mcu.externaltools.gnu-tools-for-stm32.7-2018-q2-update.win32_1.4.0.202007081208/tools/bin/../lib/gcc/arm-none-eabi/7.3.1/../../../../arm-none-eabi/lib/thumb/v7-m\libc_nano.a(lib_a-errno.o)
 .data          0x0000000000000000        0x0 c:/st/stm32cubeide_1.4.0/stm32cubeide/plugins/com.st.stm32cube.ide.mcu.externaltools.gnu-tools-for-stm32.7-2018-q2-update.win32_1.4.0.202007081208/tools/bin/../lib/gcc/arm-none-eabi/7.3.1/../../../../arm-none-eabi/lib/thumb/v7-m\libc_nano.a(lib_a-errno.o)
 .bss           0x0000000000000000        0x0 c:/st/stm32cubeide_1.4.0/stm32cubeide/plugins/com.st.stm32cube.ide.mcu.externaltools.gnu-tools-for-stm32.7-2018-q2-update.win32_1.4.0.202007081208/tools/bin/../lib/gcc/arm-none-eabi/7.3.1/../../../../arm-none-eabi/lib/thumb/v7-m\libc_nano.a(lib_a-errno.o)
 .text.__errno  0x0000000000000000        0xc c:/st/stm32cubeide_1.4.0/stm32cubeide/plugins/com.st.stm32cube.ide.mcu.externaltools.gnu-tools-for-stm32.7-2018-q2-update.win32_1.4.0.202007081208/tools/bin/../lib/gcc/arm-none-eabi/7.3.1/../../../../arm-none-eabi/lib/thumb/v7-m\libc_nano.a(lib_a-errno.o)
 .debug_frame   0x0000000000000000       0x20 c:/st/stm32cubeide_1.4.0/stm32cubeide/plugins/com.st.stm32cube.ide.mcu.externaltools.gnu-tools-for-stm32.7-2018-q2-update.win32_1.4.0.202007081208/tools/bin/../lib/gcc/arm-none-eabi/7.3.1/../../../../arm-none-eabi/lib/thumb/v7-m\libc_nano.a(lib_a-errno.o)
 .ARM.attributes
                0x0000000000000000       0x2d c:/st/stm32cubeide_1.4.0/stm32cubeide/plugins/com.st.stm32cube.ide.mcu.externaltools.gnu-tools-for-stm32.7-2018-q2-update.win32_1.4.0.202007081208/tools/bin/../lib/gcc/arm-none-eabi/7.3.1/../../../../arm-none-eabi/lib/thumb/v7-m\libc_nano.a(lib_a-errno.o)
 .text          0x0000000000000000        0x0 c:/st/stm32cubeide_1.4.0/stm32cubeide/plugins/com.st.stm32cube.ide.mcu.externaltools.gnu-tools-for-stm32.7-2018-q2-update.win32_1.4.0.202007081208/tools/bin/../lib/gcc/arm-none-eabi/7.3.1/../../../../arm-none-eabi/lib/thumb/v7-m\libc_nano.a(lib_a-exit.o)
 .data          0x0000000000000000        0x0 c:/st/stm32cubeide_1.4.0/stm32cubeide/plugins/com.st.stm32cube.ide.mcu.externaltools.gnu-tools-for-stm32.7-2018-q2-update.win32_1.4.0.202007081208/tools/bin/../lib/gcc/arm-none-eabi/7.3.1/../../../../arm-none-eabi/lib/thumb/v7-m\libc_nano.a(lib_a-exit.o)
 .bss           0x0000000000000000        0x0 c:/st/stm32cubeide_1.4.0/stm32cubeide/plugins/com.st.stm32cube.ide.mcu.externaltools.gnu-tools-for-stm32.7-2018-q2-update.win32_1.4.0.202007081208/tools/bin/../lib/gcc/arm-none-eabi/7.3.1/../../../../arm-none-eabi/lib/thumb/v7-m\libc_nano.a(lib_a-exit.o)
 .text.exit     0x0000000000000000       0x28 c:/st/stm32cubeide_1.4.0/stm32cubeide/plugins/com.st.stm32cube.ide.mcu.externaltools.gnu-tools-for-stm32.7-2018-q2-update.win32_1.4.0.202007081208/tools/bin/../lib/gcc/arm-none-eabi/7.3.1/../../../../arm-none-eabi/lib/thumb/v7-m\libc_nano.a(lib_a-exit.o)
 .debug_frame   0x0000000000000000       0x28 c:/st/stm32cubeide_1.4.0/stm32cubeide/plugins/com.st.stm32cube.ide.mcu.externaltools.gnu-tools-for-stm32.7-2018-q2-update.win32_1.4.0.202007081208/tools/bin/../lib/gcc/arm-none-eabi/7.3.1/../../../../arm-none-eabi/lib/thumb/v7-m\libc_nano.a(lib_a-exit.o)
 .ARM.attributes
                0x0000000000000000       0x2d c:/st/stm32cubeide_1.4.0/stm32cubeide/plugins/com.st.stm32cube.ide.mcu.externaltools.gnu-tools-for-stm32.7-2018-q2-update.win32_1.4.0.202007081208/tools/bin/../lib/gcc/arm-none-eabi/7.3.1/../../../../arm-none-eabi/lib/thumb/v7-m\libc_nano.a(lib_a-exit.o)
 .text          0x0000000000000000        0x0 c:/st/stm32cubeide_1.4.0/stm32cubeide/plugins/com.st.stm32cube.ide.mcu.externaltools.gnu-tools-for-stm32.7-2018-q2-update.win32_1.4.0.202007081208/tools/bin/../lib/gcc/arm-none-eabi/7.3.1/../../../../arm-none-eabi/lib/thumb/v7-m\libc_nano.a(lib_a-impure.o)
 .data          0x0000000000000000        0x0 c:/st/stm32cubeide_1.4.0/stm32cubeide/plugins/com.st.stm32cube.ide.mcu.externaltools.gnu-tools-for-stm32.7-2018-q2-update.win32_1.4.0.202007081208/tools/bin/../lib/gcc/arm-none-eabi/7.3.1/../../../../arm-none-eabi/lib/thumb/v7-m\libc_nano.a(lib_a-impure.o)
 .bss           0x0000000000000000        0x0 c:/st/stm32cubeide_1.4.0/stm32cubeide/plugins/com.st.stm32cube.ide.mcu.externaltools.gnu-tools-for-stm32.7-2018-q2-update.win32_1.4.0.202007081208/tools/bin/../lib/gcc/arm-none-eabi/7.3.1/../../../../arm-none-eabi/lib/thumb/v7-m\libc_nano.a(lib_a-impure.o)
 .data._impure_ptr
                0x0000000000000000        0x4 c:/st/stm32cubeide_1.4.0/stm32cubeide/plugins/com.st.stm32cube.ide.mcu.externaltools.gnu-tools-for-stm32.7-2018-q2-update.win32_1.4.0.202007081208/tools/bin/../lib/gcc/arm-none-eabi/7.3.1/../../../../arm-none-eabi/lib/thumb/v7-m\libc_nano.a(lib_a-impure.o)
 .data.impure_data
                0x0000000000000000       0x60 c:/st/stm32cubeide_1.4.0/stm32cubeide/plugins/com.st.stm32cube.ide.mcu.externaltools.gnu-tools-for-stm32.7-2018-q2-update.win32_1.4.0.202007081208/tools/bin/../lib/gcc/arm-none-eabi/7.3.1/../../../../arm-none-eabi/lib/thumb/v7-m\libc_nano.a(lib_a-impure.o)
 .rodata._global_impure_ptr
                0x0000000000000000        0x4 c:/st/stm32cubeide_1.4.0/stm32cubeide/plugins/com.st.stm32cube.ide.mcu.externaltools.gnu-tools-for-stm32.7-2018-q2-update.win32_1.4.0.202007081208/tools/bin/../lib/gcc/arm-none-eabi/7.3.1/../../../../arm-none-eabi/lib/thumb/v7-m\libc_nano.a(lib_a-impure.o)
 .ARM.attributes
                0x0000000000000000       0x2d c:/st/stm32cubeide_1.4.0/stm32cubeide/plugins/com.st.stm32cube.ide.mcu.externaltools.gnu-tools-for-stm32.7-2018-q2-update.win32_1.4.0.202007081208/tools/bin/../lib/gcc/arm-none-eabi/7.3.1/../../../../arm-none-eabi/lib/thumb/v7-m\libc_nano.a(lib_a-impure.o)
 .text          0x0000000000000000        0x0 c:/st/stm32cubeide_1.4.0/stm32cubeide/plugins/com.st.stm32cube.ide.mcu.externaltools.gnu-tools-for-stm32.7-2018-q2-update.win32_1.4.0.202007081208/tools/bin/../lib/gcc/arm-none-eabi/7.3.1/../../../../arm-none-eabi/lib/thumb/v7-m\libc_nano.a(lib_a-init.o)
 .data          0x0000000000000000        0x0 c:/st/stm32cubeide_1.4.0/stm32cubeide/plugins/com.st.stm32cube.ide.mcu.externaltools.gnu-tools-for-stm32.7-2018-q2-update.win32_1.4.0.202007081208/tools/bin/../lib/gcc/arm-none-eabi/7.3.1/../../../../arm-none-eabi/lib/thumb/v7-m\libc_nano.a(lib_a-init.o)
 .bss           0x0000000000000000        0x0 c:/st/stm32cubeide_1.4.0/stm32cubeide/plugins/com.st.stm32cube.ide.mcu.externaltools.gnu-tools-for-stm32.7-2018-q2-update.win32_1.4.0.202007081208/tools/bin/../lib/gcc/arm-none-eabi/7.3.1/../../../../arm-none-eabi/lib/thumb/v7-m\libc_nano.a(lib_a-init.o)
 .text          0x0000000000000000        0x0 c:/st/stm32cubeide_1.4.0/stm32cubeide/plugins/com.st.stm32cube.ide.mcu.externaltools.gnu-tools-for-stm32.7-2018-q2-update.win32_1.4.0.202007081208/tools/bin/../lib/gcc/arm-none-eabi/7.3.1/../../../../arm-none-eabi/lib/thumb/v7-m\libc_nano.a(lib_a-memset.o)
 .data          0x0000000000000000        0x0 c:/st/stm32cubeide_1.4.0/stm32cubeide/plugins/com.st.stm32cube.ide.mcu.externaltools.gnu-tools-for-stm32.7-2018-q2-update.win32_1.4.0.202007081208/tools/bin/../lib/gcc/arm-none-eabi/7.3.1/../../../../arm-none-eabi/lib/thumb/v7-m\libc_nano.a(lib_a-memset.o)
 .bss           0x0000000000000000        0x0 c:/st/stm32cubeide_1.4.0/stm32cubeide/plugins/com.st.stm32cube.ide.mcu.externaltools.gnu-tools-for-stm32.7-2018-q2-update.win32_1.4.0.202007081208/tools/bin/../lib/gcc/arm-none-eabi/7.3.1/../../../../arm-none-eabi/lib/thumb/v7-m\libc_nano.a(lib_a-memset.o)
 .text.memset   0x0000000000000000       0x10 c:/st/stm32cubeide_1.4.0/stm32cubeide/plugins/com.st.stm32cube.ide.mcu.externaltools.gnu-tools-for-stm32.7-2018-q2-update.win32_1.4.0.202007081208/tools/bin/../lib/gcc/arm-none-eabi/7.3.1/../../../../arm-none-eabi/lib/thumb/v7-m\libc_nano.a(lib_a-memset.o)
 .debug_frame   0x0000000000000000       0x20 c:/st/stm32cubeide_1.4.0/stm32cubeide/plugins/com.st.stm32cube.ide.mcu.externaltools.gnu-tools-for-stm32.7-2018-q2-update.win32_1.4.0.202007081208/tools/bin/../lib/gcc/arm-none-eabi/7.3.1/../../../../arm-none-eabi/lib/thumb/v7-m\libc_nano.a(lib_a-memset.o)
 .ARM.attributes
                0x0000000000000000       0x2d c:/st/stm32cubeide_1.4.0/stm32cubeide/plugins/com.st.stm32cube.ide.mcu.externaltools.gnu-tools-for-stm32.7-2018-q2-update.win32_1.4.0.202007081208/tools/bin/../lib/gcc/arm-none-eabi/7.3.1/../../../../arm-none-eabi/lib/thumb/v7-m\libc_nano.a(lib_a-memset.o)
 .text          0x0000000000000000        0x0 c:/st/stm32cubeide_1.4.0/stm32cubeide/plugins/com.st.stm32cube.ide.mcu.externaltools.gnu-tools-for-stm32.7-2018-q2-update.win32_1.4.0.202007081208/tools/bin/../lib/gcc/arm-none-eabi/7.3.1/thumb/v7-m/crtend.o
 .data          0x0000000000000000        0x0 c:/st/stm32cubeide_1.4.0/stm32cubeide/plugins/com.st.stm32cube.ide.mcu.externaltools.gnu-tools-for-stm32.7-2018-q2-update.win32_1.4.0.202007081208/tools/bin/../lib/gcc/arm-none-eabi/7.3.1/thumb/v7-m/crtend.o
 .bss           0x0000000000000000        0x0 c:/st/stm32cubeide_1.4.0/stm32cubeide/plugins/com.st.stm32cube.ide.mcu.externaltools.gnu-tools-for-stm32.7-2018-q2-update.win32_1.4.0.202007081208/tools/bin/../lib/gcc/arm-none-eabi/7.3.1/thumb/v7-m/crtend.o
 .eh_frame      0x0000000000000000        0x4 c:/st/stm32cubeide_1.4.0/stm32cubeide/plugins/com.st.stm32cube.ide.mcu.externaltools.gnu-tools-for-stm32.7-2018-q2-update.win32_1.4.0.202007081208/tools/bin/../lib/gcc/arm-none-eabi/7.3.1/thumb/v7-m/crtend.o
 .ARM.attributes
                0x0000000000000000       0x2d c:/st/stm32cubeide_1.4.0/stm32cubeide/plugins/com.st.stm32cube.ide.mcu.externaltools.gnu-tools-for-stm32.7-2018-q2-update.win32_1.4.0.202007081208/tools/bin/../lib/gcc/arm-none-eabi/7.3.1/thumb/v7-m/crtend.o
 .text          0x0000000000000000        0x0 c:/st/stm32cubeide_1.4.0/stm32cubeide/plugins/com.st.stm32cube.ide.mcu.externaltools.gnu-tools-for-stm32.7-2018-q2-update.win32_1.4.0.202007081208/tools/bin/../lib/gcc/arm-none-eabi/7.3.1/thumb/v7-m/crtn.o
 .data          0x0000000000000000        0x0 c:/st/stm32cubeide_1.4.0/stm32cubeide/plugins/com.st.stm32cube.ide.mcu.externaltools.gnu-tools-for-stm32.7-2018-q2-update.win32_1.4.0.202007081208/tools/bin/../lib/gcc/arm-none-eabi/7.3.1/thumb/v7-m/crtn.o
 .bss           0x0000000000000000        0x0 c:/st/stm32cubeide_1.4.0/stm32cubeide/plugins/com.st.stm32cube.ide.mcu.externaltools.gnu-tools-for-stm32.7-2018-q2-update.win32_1.4.0.202007081208/tools/bin/../lib/gcc/arm-none-eabi/7.3.1/thumb/v7-m/crtn.o

Memory Configuration

Name             Origin             Length             Attributes
RAM              0x0000000020000000 0x0000000000002800 xrw
ROM              0x0000000008000000 0x0000000000008000 xr
*default*        0x0000000000000000 0xffffffffffffffff

Linker script and memory map

LOAD c:/st/stm32cubeide_1.4.0/stm32cubeide/plugins/com.st.stm32cube.ide.mcu.externaltools.gnu-tools-for-stm32.7-2018-q2-update.win32_1.4.0.202007081208/tools/bin/../lib/gcc/arm-none-eabi/7.3.1/thumb/v7-m/crti.o
LOAD c:/st/stm32cubeide_1.4.0/stm32cubeide/plugins/com.st.stm32cube.ide.mcu.externaltools.gnu-tools-for-stm32.7-2018-q2-update.win32_1.4.0.202007081208/tools/bin/../lib/gcc/arm-none-eabi/7.3.1/thumb/v7-m/crtbegin.o
LOAD c:/st/stm32cubeide_1.4.0/stm32cubeide/plugins/com.st.stm32cube.ide.mcu.externaltools.gnu-tools-for-stm32.7-2018-q2-update.win32_1.4.0.202007081208/tools/bin/../lib/gcc/arm-none-eabi/7.3.1/../../../../arm-none-eabi/lib/thumb/v7-m/crt0.o
LOAD APP/USART_Debugging_Using_Polling.o
LOAD Src/main.o
LOAD Src/syscalls.o
LOAD Src/sysmem.o
LOAD Startup/startup_stm32f103c6tx.o
LOAD Stm32_F103C6_Drivers/Src/EXIT.o
LOAD Stm32_F103C6_Drivers/Src/GPIO.o
LOAD Stm32_F103C6_Drivers/Src/RCC.o
LOAD Stm32_F103C6_Drivers/Src/USART.o
START GROUP
LOAD c:/st/stm32cubeide_1.4.0/stm32cubeide/plugins/com.st.stm32cube.ide.mcu.externaltools.gnu-tools-for-stm32.7-2018-q2-update.win32_1.4.0.202007081208/tools/bin/../lib/gcc/arm-none-eabi/7.3.1/../../../../arm-none-eabi/lib/thumb/v7-m\libc_nano.a
LOAD c:/st/stm32cubeide_1.4.0/stm32cubeide/plugins/com.st.stm32cube.ide.mcu.externaltools.gnu-tools-for-stm32.7-2018-q2-update.win32_1.4.0.202007081208/tools/bin/../lib/gcc/arm-none-eabi/7.3.1/../../../../arm-none-eabi/lib/thumb/v7-m\libm.a
END GROUP
START GROUP
LOAD c:/st/stm32cubeide_1.4.0/stm32cubeide/plugins/com.st.stm32cube.ide.mcu.externaltools.gnu-tools-for-stm32.7-2018-q2-update.win32_1.4.0.202007081208/tools/bin/../lib/gcc/arm-none-eabi/7.3.1/thumb/v7-m\libgcc.a
LOAD c:/st/stm32cubeide_1.4.0/stm32cubeide/plugins/com.st.stm32cube.ide.mcu.externaltools.gnu-tools-for-stm32.7-2018-q2-update.win32_1.4.0.202007081208/tools/bin/../lib/gcc/arm-none-eabi/7.3.1/../../../../arm-none-eabi/lib/thumb/v7-m\libg_nano.a
LOAD c:/st/stm32cubeide_1.4.0/stm32cubeide/plugins/com.st.stm32cube.ide.mcu.externaltools.gnu-tools-for-stm32.7-2018-q2-update.win32_1.4.0.202007081208/tools/bin/../lib/gcc/arm-none-eabi/7.3.1/../../../../arm-none-eabi/lib/thumb/v7-m\libc_nano.a
END GROUP
START GROUP
LOAD c:/st/stm32cubeide_1.4.0/stm32cubeide/plugins/com.st.stm32cube.ide.mcu.externaltools.gnu-tools-for-stm32.7-2018-q2-update.win32_1.4.0.202007081208/tools/bin/../lib/gcc/arm-none-eabi/7.3.1/thumb/v7-m\libgcc.a
LOAD c:/st/stm32cubeide_1.4.0/stm32cubeide/plugins/com.st.stm32cube.ide.mcu.externaltools.gnu-tools-for-stm32.7-2018-q2-update.win32_1.4.0.202007081208/tools/bin/../lib/gcc/arm-none-eabi/7.3.1/../../../../arm-none-eabi/lib/thumb/v7-m\libc_nano.a
LOAD c:/st/stm32cubeide_1.4.0/stm32cubeide/plugins/com.st.stm32cube.ide.mcu.externaltools.gnu-tools-for-stm32.7-2018-q2-update.win32_1.4.0.202007081208/tools/bin/../lib/gcc/arm-none-eabi/7.3.1/../../../../arm-none-eabi/lib/thumb/v7-m\libnosys.a
END GROUP
START GROUP
LOAD c:/st/stm32cubeide_1.4.0/stm32cubeide/plugins/com.st.stm32cube.ide.mcu.externaltools.gnu-tools-for-stm32.7-2018-q2-update.win32_1.4.0.202007081208/tools/bin/../lib/gcc/arm-none-eabi/7.3.1/thumb/v7-m\libgcc.a
LOAD c:/st/stm32cubeide_1.4.0/stm32cubeide/plugins/com.st.stm32cube.ide.mcu.externaltools.gnu-tools-for-stm32.7-2018-q2-update.win32_1.4.0.202007081208/tools/bin/../lib/gcc/arm-none-eabi/7.3.1/../../../../arm-none-eabi/lib/thumb/v7-m\libc_nano.a
LOAD c:/st/stm32cubeide_1.4.0/stm32cubeide/plugins/com.st.stm32cube.ide.mcu.externaltools.gnu-tools-for-stm32.7-2018-q2-update.win32_1.4.0.202007081208/tools/bin/../lib/gcc/arm-none-eabi/7.3.1/../../../../arm-none-eabi/lib/thumb/v7-m\libnosys.a
END GROUP
LOAD c:/st/stm32cubeide_1.4.0/stm32cubeide/plugins/com.st.stm32cube.ide.mcu.externaltools.gnu-tools-for-stm32.7-2018-q2-update.win32_1.4.0.202007081208/tools/bin/../lib/gcc/arm-none-eabi/7.3.1/thumb/v7-m/crtend.o
LOAD c:/st/stm32cubeide_1.4.0/stm32cubeide/plugins/com.st.stm32cube.ide.mcu.externaltools.gnu-tools-for-stm32.7-2018-q2-update.win32_1.4.0.202007081208/tools/bin/../lib/gcc/arm-none-eabi/7.3.1/thumb/v7-m/crtn.o
                0x0000000020002800                _estack = (ORIGIN (RAM) + LENGTH (RAM))
                0x0000000000000200                _Min_Heap_Size = 0x200
                0x0000000000000400                _Min_Stack_Size = 0x400

.isr_vector     0x0000000008000000      0x130
                0x0000000008000000                . = ALIGN (0x4)
 *(.isr_vector)
 .isr_vector    0x0000000008000000      0x130 Startup/startup_stm32f103c6tx.o
                0x0000000008000000                g_pfnVectors
                0x0000000008000130                . = ALIGN (0x4)

.text           0x0000000008000130      0xf18
                0x0000000008000130                . = ALIGN (0x4)
 *(.text)
 .text          0x0000000008000130       0x40 c:/st/stm32cubeide_1.4.0/stm32cubeide/plugins/com.st.stm32cube.ide.mcu.externaltools.gnu-tools-for-stm32.7-2018-q2-update.win32_1.4.0.202007081208/tools/bin/../lib/gcc/arm-none-eabi/7.3.1/thumb/v7-m/crtbegin.o
 *(.text*)
 .text.USART_Debugging_Using_Polling
                0x0000000008000170       0x58 APP/USART_Debugging_Using_Polling.o
                0x0000000008000170                USART_Debugging_Using_Polling
 .text.main     0x00000000080001c8        0xe Src/main.o
                0x00000000080001c8                main
 *fill*         0x00000000080001d6        0x2 
 .text.Reset_Handler
                0x00000000080001d8       0x50 Startup/startup_stm32f103c6tx.o
                0x00000000080001d8                Reset_Handler
 .text.Default_Handler
                0x0000000008000228        0x2 Startup/startup_stm32f103c6tx.o
                0x0000000008000228                TIM8_TRG_COM_IRQHandler
                0x0000000008000228                TIM8_CC_IRQHandler
                0x0000000008000228                DebugMon_Handler
                0x0000000008000228                TIM1_CC_IRQHandler
                0x0000000008000228                HardFault_Handler
                0x0000000008000228                TIM6_IRQHandler
                0x0000000008000228                SysTick_Handler
                0x0000000008000228                PVD_IRQHandler
                0x0000000008000228                SDIO_IRQHandler
                0x0000000008000228                PendSV_Handler
                0x0000000008000228                NMI_Handler
                0x0000000008000228                USB_HP_CAN_TX_IRQHandler
                0x0000000008000228                I2C2_EV_IRQHandler
                0x0000000008000228                UsageFault_Handler
                0x0000000008000228                ADC1_2_IRQHandler
                0x0000000008000228                SPI1_IRQHandler
                0x0000000008000228                CAN_SCE_IRQHandler
                0x0000000008000228                TAMPER_IRQHandler
                0x0000000008000228                TIM8_UP_IRQHandler
                0x0000000008000228                DMA2_Channel2_IRQHandler
                0x0000000008000228                DMA1_Channel4_IRQHandler
                0x0000000008000228                RTC_IRQHandler
                0x0000000008000228                DMA1_Channel7_IRQHandler
                0x0000000008000228                UART5_IRQHandler
                0x0000000008000228                ADC3_IRQHandler
                0x0000000008000228                TIM4_IRQHandler
                0x0000000008000228                CAN_RX1_IRQHandler
                0x0000000008000228                DMA2_Channel1_IRQHandler
                0x0000000008000228                I2C1_EV_IRQHandler
                0x0000000008000228                DMA1_Channel6_IRQHandler
                0x0000000008000228                UART4_IRQHandler
                0x0000000008000228                TIM3_IRQHandler
                0x0000000008000228                RCC_IRQHandler
                0x0000000008000228                TIM1_TRG_COM_IRQHandler
                0x0000000008000228                DMA1_Channel1_IRQHandler
                0x0000000008000228                Default_Handler
                0x0000000008000228                TIM7_IRQHandler
                0x0000000008000228                TIM5_IRQHandler
                0x0000000008000228                SPI2_IRQHandler
                0x0000000008000228                USB_LP_CAN_RX0_IRQHandler
                0x0000000008000228                MemManage_Handler
                0x0000000008000228                SVC_Handler
                0x0000000008000228                DMA1_Channel5_IRQHandler
                0x0000000008000228                DMA1_Channel3_IRQHandler
                0x0000000008000228                FSMC_IRQHandler
                0x0000000008000228                TIM1_UP_IRQHandler
                0x0000000008000228                WWDG_IRQHandler
                0x0000000008000228                TIM2_IRQHandler
                0x0000000008000228                TIM1_BRK_IRQHandler
                0x0000000008000228                RTCAlarm_IRQHandler
                0x0000000008000228                DMA2_Channel4_5_IRQHandler
                0x0000000008000228                I2C2_ER_IRQHandler
                0x0000000008000228                DMA1_Channel2_IRQHandler
                0x0000000008000228                TIM8_BRK_IRQHandler
                0x0000000008000228                FLASH_IRQHandler
                0x0000000008000228                BusFault_Handler
                0x0000000008000228                SPI3_IRQHandler
                0x0000000008000228                I2C1_ER_IRQHandler
                0x0000000008000228                DMA2_Channel3_IRQHandler
 *fill*         0x000000000800022a        0x2 
 .text.EXTI0_IRQHandler
                0x000000000800022c       0x24 Stm32_F103C6_Drivers/Src/EXIT.o
                0x000000000800022c                EXTI0_IRQHandler
 .text.EXTI1_IRQHandler
                0x0000000008000250       0x24 Stm32_F103C6_Drivers/Src/EXIT.o
                0x0000000008000250                EXTI1_IRQHandler
 .text.EXTI2_IRQHandler
                0x0000000008000274       0x24 Stm32_F103C6_Drivers/Src/EXIT.o
                0x0000000008000274                EXTI2_IRQHandler
 .text.EXTI3_IRQHandler
                0x0000000008000298       0x24 Stm32_F103C6_Drivers/Src/EXIT.o
                0x0000000008000298                EXTI3_IRQHandler
 .text.EXTI4_IRQHandler
                0x00000000080002bc       0x24 Stm32_F103C6_Drivers/Src/EXIT.o
                0x00000000080002bc                EXTI4_IRQHandler
 .text.EXTI9_5_IRQHandler
                0x00000000080002e0       0xb0 Stm32_F103C6_Drivers/Src/EXIT.o
                0x00000000080002e0                EXTI9_5_IRQHandler
 .text.EXTI15_10_IRQHandler
                0x0000000008000390       0xd0 Stm32_F103C6_Drivers/Src/EXIT.o
                0x0000000008000390                EXTI15_10_IRQHandler
 .text.ConfigurationPin
                0x0000000008000460      0x326 Stm32_F103C6_Drivers/Src/GPIO.o
                0x0000000008000460                ConfigurationPin
 *fill*         0x0000000008000786        0x2 
 .text.MCAL_GPIO_Init
                0x0000000008000788       0xf4 Stm32_F103C6_Drivers/Src/GPIO.o
                0x0000000008000788                MCAL_GPIO_Init
 .text.MCAL_RCC_GPIO_EN
                0x000000000800087c       0x74 Stm32_F103C6_Drivers/Src/RCC.o
                0x000000000800087c                MCAL_RCC_GPIO_EN
 .text.MCAL_RCC_AFIO_EN
                0x00000000080008f0       0x1c Stm32_F103C6_Drivers/Src/RCC.o
                0x00000000080008f0                MCAL_RCC_AFIO_EN
 .text.MCAL_RCC_GetSYS_CLKFreq
                0x000000000800090c       0x3c Stm32_F103C6_Drivers/Src/RCC.o
                0x000000000800090c                MCAL_RCC_GetSYS_CLKFreq
 .text.MCAL_RCC_GetHCLKFreq
                0x0000000008000948       0x20 Stm32_F103C6_Drivers/Src/RCC.o
                0x0000000008000948                MCAL_RCC_GetHCLKFreq
 .text.MCAL_RCC_GetPCLK1Freq
                0x0000000008000968       0x20 Stm32_F103C6_Drivers/Src/RCC.o
                0x0000000008000968                MCAL_RCC_GetPCLK1Freq
 .text.MCAL_RCC_GetPCLK2Freq
                0x0000000008000988       0x20 Stm32_F103C6_Drivers/Src/RCC.o
                0x0000000008000988                MCAL_RCC_GetPCLK2Freq
 .text.MCAL_UART_Init
                0x00000000080009a8      0x284 Stm32_F103C6_Drivers/Src/USART.o
                0x00000000080009a8                MCAL_UART_Init
 .text.MCAL_UART_GPIO_Set_Pins
                0x0000000008000c2c      0x20c Stm32_F103C6_Drivers/Src/USART.o
                0x0000000008000c2c                MCAL_UART_GPIO_Set_Pins
 .text.MCAL_UART_SendData
                0x0000000008000e38       0xa4 Stm32_F103C6_Drivers/Src/USART.o
                0x0000000008000e38                MCAL_UART_SendData
 .text.MCAL_UART_ReceiveData
                0x0000000008000edc       0xd0 Stm32_F103C6_Drivers/Src/USART.o
                0x0000000008000edc                MCAL_UART_ReceiveData
 .text.USART2_IRQHandler
                0x0000000008000fac       0x14 Stm32_F103C6_Drivers/Src/USART.o
                0x0000000008000fac                USART2_IRQHandler
 .text.USART1_IRQHandler
                0x0000000008000fc0       0x14 Stm32_F103C6_Drivers/Src/USART.o
                0x0000000008000fc0                USART1_IRQHandler
 .text.USART3_IRQHandler
                0x0000000008000fd4       0x14 Stm32_F103C6_Drivers/Src/USART.o
                0x0000000008000fd4                USART3_IRQHandler
 .text.__libc_init_array
                0x0000000008000fe8       0x48 c:/st/stm32cubeide_1.4.0/stm32cubeide/plugins/com.st.stm32cube.ide.mcu.externaltools.gnu-tools-for-stm32.7-2018-q2-update.win32_1.4.0.202007081208/tools/bin/../lib/gcc/arm-none-eabi/7.3.1/../../../../arm-none-eabi/lib/thumb/v7-m\libc_nano.a(lib_a-init.o)
                0x0000000008000fe8                __libc_init_array
 *(.glue_7)
 .glue_7        0x0000000008001030        0x0 linker stubs
 *(.glue_7t)
 .glue_7t       0x0000000008001030        0x0 linker stubs
 *(.eh_frame)
 .eh_frame      0x0000000008001030        0x0 c:/st/stm32cubeide_1.4.0/stm32cubeide/plugins/com.st.stm32cube.ide.mcu.externaltools.gnu-tools-for-stm32.7-2018-q2-update.win32_1.4.0.202007081208/tools/bin/../lib/gcc/arm-none-eabi/7.3.1/thumb/v7-m/crtbegin.o
 *(.init)
 .init          0x0000000008001030        0x4 c:/st/stm32cubeide_1.4.0/stm32cubeide/plugins/com.st.stm32cube.ide.mcu.externaltools.gnu-tools-for-stm32.7-2018-q2-update.win32_1.4.0.202007081208/tools/bin/../lib/gcc/arm-none-eabi/7.3.1/thumb/v7-m/crti.o
                0x0000000008001030                _init
 .init          0x0000000008001034        0x8 c:/st/stm32cubeide_1.4.0/stm32cubeide/plugins/com.st.stm32cube.ide.mcu.externaltools.gnu-tools-for-stm32.7-2018-q2-update.win32_1.4.0.202007081208/tools/bin/../lib/gcc/arm-none-eabi/7.3.1/thumb/v7-m/crtn.o
 *(.fini)
 .fini          0x000000000800103c        0x4 c:/st/stm32cubeide_1.4.0/stm32cubeide/plugins/com.st.stm32cube.ide.mcu.externaltools.gnu-tools-for-stm32.7-2018-q2-update.win32_1.4.0.202007081208/tools/bin/../lib/gcc/arm-none-eabi/7.3.1/thumb/v7-m/crti.o
                0x000000000800103c                _fini
 .fini          0x0000000008001040        0x8 c:/st/stm32cubeide_1.4.0/stm32cubeide/plugins/com.st.stm32cube.ide.mcu.externaltools.gnu-tools-for-stm32.7-2018-q2-update.win32_1.4.0.202007081208/tools/bin/../lib/gcc/arm-none-eabi/7.3.1/thumb/v7-m/crtn.o
                0x0000000008001048                . = ALIGN (0x4)
                0x0000000008001048                _etext = .

.vfp11_veneer   0x0000000008001048        0x0
 .vfp11_veneer  0x0000000008001048        0x0 linker stubs

.v4_bx          0x0000000008001048        0x0
 .v4_bx         0x0000000008001048        0x0 linker stubs

.iplt           0x0000000008001048        0x0
 .iplt          0x0000000008001048        0x0 c:/st/stm32cubeide_1.4.0/stm32cubeide/plugins/com.st.stm32cube.ide.mcu.externaltools.gnu-tools-for-stm32.7-2018-q2-update.win32_1.4.0.202007081208/tools/bin/../lib/gcc/arm-none-eabi/7.3.1/thumb/v7-m/crtbegin.o

.rel.dyn        0x0000000008001048        0x0
 .rel.iplt      0x0000000008001048        0x0 c:/st/stm32cubeide_1.4.0/stm32cubeide/plugins/com.st.stm32cube.ide.mcu.externaltools.gnu-tools-for-stm32.7-2018-q2-update.win32_1.4.0.202007081208/tools/bin/../lib/gcc/arm-none-eabi/7.3.1/thumb/v7-m/crtbegin.o

.rodata         0x0000000008001048        0x0
                0x0000000008001048                . = ALIGN (0x4)
 *(.rodata)
 *(.rodata*)
                0x0000000008001048                . = ALIGN (0x4)

.ARM.extab      0x0000000008001048        0x0
                0x0000000008001048                . = ALIGN (0x4)
 *(.ARM.extab* .gnu.linkonce.armextab.*)
                0x0000000008001048                . = ALIGN (0x4)

.ARM            0x0000000008001048        0x0
                0x0000000008001048                . = ALIGN (0x4)
                0x0000000008001048                __exidx_start = .
 *(.ARM.exidx*)
                0x0000000008001048                __exidx_end = .
                0x0000000008001048                . = ALIGN (0x4)

.preinit_array  0x0000000008001048        0x0
                0x0000000008001048                . = ALIGN (0x4)
                0x0000000008001048                PROVIDE (__preinit_array_start = .)
 *(.preinit_array*)
                0x0000000008001048                PROVIDE (__preinit_array_end = .)
                0x0000000008001048                . = ALIGN (0x4)

.init_array     0x0000000008001048        0x4
                0x0000000008001048                . = ALIGN (0x4)
                0x0000000008001048                PROVIDE (__init_array_start = .)
 *(SORT_BY_NAME(.init_array.*))
 *(.init_array*)
 .init_array    0x0000000008001048        0x4 c:/st/stm32cubeide_1.4.0/stm32cubeide/plugins/com.st.stm32cube.ide.mcu.externaltools.gnu-tools-for-stm32.7-2018-q2-update.win32_1.4.0.202007081208/tools/bin/../lib/gcc/arm-none-eabi/7.3.1/thumb/v7-m/crtbegin.o
                0x000000000800104c                PROVIDE (__init_array_end = .)
                0x000000000800104c                . = ALIGN (0x4)

.fini_array     0x000000000800104c        0x4
                0x000000000800104c                . = ALIGN (0x4)
                [!provide]                        PROVIDE (__fini_array_start = .)
 *(SORT_BY_NAME(.fini_array.*))
 *(.fini_array*)
 .fini_array    0x000000000800104c        0x4 c:/st/stm32cubeide_1.4.0/stm32cubeide/plugins/com.st.stm32cube.ide.mcu.externaltools.gnu-tools-for-stm32.7-2018-q2-update.win32_1.4.0.202007081208/tools/bin/../lib/gcc/arm-none-eabi/7.3.1/thumb/v7-m/crtbegin.o
                [!provide]                        PROVIDE (__fini_array_end = .)
                0x0000000008001050                . = ALIGN (0x4)
                0x0000000008001050                _sidata = LOADADDR (.data)

.data           0x0000000020000000        0x0 load address 0x0000000008001050
                0x0000000020000000                . = ALIGN (0x4)
                0x0000000020000000                _sdata = .
 *(.data)
 *(.data*)
                0x0000000020000000                . = ALIGN (0x4)
                0x0000000020000000                _edata = .

.igot.plt       0x0000000020000000        0x0 load address 0x0000000008001050
 .igot.plt      0x0000000020000000        0x0 c:/st/stm32cubeide_1.4.0/stm32cubeide/plugins/com.st.stm32cube.ide.mcu.externaltools.gnu-tools-for-stm32.7-2018-q2-update.win32_1.4.0.202007081208/tools/bin/../lib/gcc/arm-none-eabi/7.3.1/thumb/v7-m/crtbegin.o
                0x0000000020000000                . = ALIGN (0x4)

.bss            0x0000000020000000       0x68 load address 0x0000000008001050
                0x0000000020000000                _sbss = .
                0x0000000020000000                __bss_start__ = _sbss
 *(.bss)
 .bss           0x0000000020000000       0x1c c:/st/stm32cubeide_1.4.0/stm32cubeide/plugins/com.st.stm32cube.ide.mcu.externaltools.gnu-tools-for-stm32.7-2018-q2-update.win32_1.4.0.202007081208/tools/bin/../lib/gcc/arm-none-eabi/7.3.1/thumb/v7-m/crtbegin.o
 *(.bss*)
 .bss.Global_USART_Config
                0x000000002000001c        0xc Stm32_F103C6_Drivers/Src/USART.o
                0x000000002000001c                Global_USART_Config
 *(COMMON)
 COMMON         0x0000000020000028        0x2 APP/USART_Debugging_Using_Polling.o
                0x0000000020000028                data
 *fill*         0x000000002000002a        0x2 
 COMMON         0x000000002000002c       0x3c Stm32_F103C6_Drivers/Src/EXIT.o
                0x000000002000002c                GP_IRQCallBack
                0x0000000020000068                . = ALIGN (0x4)
                0x0000000020000068                _ebss = .
                0x0000000020000068                __bss_end__ = _ebss

._user_heap_stack
                0x0000000020000068      0x600 load address 0x0000000008001050
                0x0000000020000068                . = ALIGN (0x8)
                [!provide]                        PROVIDE (end = .)
                0x0000000020000068                PROVIDE (_end = .)
                0x0000000020000268                . = (. + _Min_Heap_Size)
 *fill*         0x0000000020000068      0x200 
                0x0000000020000668                . = (. + _Min_Stack_Size)
 *fill*         0x0000000020000268      0x400 
                0x0000000020000668                . = ALIGN (0x8)

/DISCARD/
 libc.a(*)
 libm.a(*)
 libgcc.a(*)

.ARM.attributes
                0x0000000000000000       0x29
 *(.ARM.attributes)
 .ARM.attributes
                0x0000000000000000       0x1d c:/st/stm32cubeide_1.4.0/stm32cubeide/plugins/com.st.stm32cube.ide.mcu.externaltools.gnu-tools-for-stm32.7-2018-q2-update.win32_1.4.0.202007081208/tools/bin/../lib/gcc/arm-none-eabi/7.3.1/thumb/v7-m/crti.o
 .ARM.attributes
                0x000000000000001d       0x2d c:/st/stm32cubeide_1.4.0/stm32cubeide/plugins/com.st.stm32cube.ide.mcu.externaltools.gnu-tools-for-stm32.7-2018-q2-update.win32_1.4.0.202007081208/tools/bin/../lib/gcc/arm-none-eabi/7.3.1/thumb/v7-m/crtbegin.o
 .ARM.attributes
                0x000000000000004a       0x33 APP/USART_Debugging_Using_Polling.o
 .ARM.attributes
                0x000000000000007d       0x33 Src/main.o
 .ARM.attributes
                0x00000000000000b0       0x21 Startup/startup_stm32f103c6tx.o
 .ARM.attributes
                0x00000000000000d1       0x33 Stm32_F103C6_Drivers/Src/EXIT.o
 .ARM.attributes
                0x0000000000000104       0x33 Stm32_F103C6_Drivers/Src/GPIO.o
 .ARM.attributes
                0x0000000000000137       0x33 Stm32_F103C6_Drivers/Src/RCC.o
 .ARM.attributes
                0x000000000000016a       0x33 Stm32_F103C6_Drivers/Src/USART.o
 .ARM.attributes
                0x000000000000019d       0x2d c:/st/stm32cubeide_1.4.0/stm32cubeide/plugins/com.st.stm32cube.ide.mcu.externaltools.gnu-tools-for-stm32.7-2018-q2-update.win32_1.4.0.202007081208/tools/bin/../lib/gcc/arm-none-eabi/7.3.1/../../../../arm-none-eabi/lib/thumb/v7-m\libc_nano.a(lib_a-init.o)
 .ARM.attributes
                0x00000000000001ca       0x1d c:/st/stm32cubeide_1.4.0/stm32cubeide/plugins/com.st.stm32cube.ide.mcu.externaltools.gnu-tools-for-stm32.7-2018-q2-update.win32_1.4.0.202007081208/tools/bin/../lib/gcc/arm-none-eabi/7.3.1/thumb/v7-m/crtn.o
OUTPUT(Drivers.elf elf32-littlearm)

.debug_info     0x0000000000000000     0xac15
 .debug_info    0x0000000000000000     0x107e APP/USART_Debugging_Using_Polling.o
 .debug_info    0x000000000000107e      0x998 Src/main.o
 .debug_info    0x0000000000001a16       0x22 Startup/startup_stm32f103c6tx.o
 .debug_info    0x0000000000001a38     0x2341 Stm32_F103C6_Drivers/Src/EXIT.o
 .debug_info    0x0000000000003d79     0x2374 Stm32_F103C6_Drivers/Src/GPIO.o
 .debug_info    0x00000000000060ed     0x2149 Stm32_F103C6_Drivers/Src/RCC.o
 .debug_info    0x0000000000008236     0x29df Stm32_F103C6_Drivers/Src/USART.o

.debug_abbrev   0x0000000000000000      0xdb1
 .debug_abbrev  0x0000000000000000      0x1f3 APP/USART_Debugging_Using_Polling.o
 .debug_abbrev  0x00000000000001f3      0x169 Src/main.o
 .debug_abbrev  0x000000000000035c       0x12 Startup/startup_stm32f103c6tx.o
 .debug_abbrev  0x000000000000036e      0x24c Stm32_F103C6_Drivers/Src/EXIT.o
 .debug_abbrev  0x00000000000005ba      0x2bb Stm32_F103C6_Drivers/Src/GPIO.o
 .debug_abbrev  0x0000000000000875      0x27f Stm32_F103C6_Drivers/Src/RCC.o
 .debug_abbrev  0x0000000000000af4      0x2bd Stm32_F103C6_Drivers/Src/USART.o

.debug_loc      0x0000000000000000      0xb0c
 .debug_loc     0x0000000000000000       0x38 APP/USART_Debugging_Using_Polling.o
 .debug_loc     0x0000000000000038       0x2c Src/main.o
 .debug_loc     0x0000000000000064      0x320 Stm32_F103C6_Drivers/Src/EXIT.o
 .debug_loc     0x0000000000000384      0x38c Stm32_F103C6_Drivers/Src/GPIO.o
 .debug_loc     0x0000000000000710      0x168 Stm32_F103C6_Drivers/Src/RCC.o
 .debug_loc     0x0000000000000878      0x294 Stm32_F103C6_Drivers/Src/USART.o

.debug_aranges  0x0000000000000000      0x1f8
 .debug_aranges
                0x0000000000000000       0x20 APP/USART_Debugging_Using_Polling.o
 .debug_aranges
                0x0000000000000020       0x20 Src/main.o
 .debug_aranges
                0x0000000000000040       0x28 Startup/startup_stm32f103c6tx.o
 .debug_aranges
                0x0000000000000068       0x80 Stm32_F103C6_Drivers/Src/EXIT.o
 .debug_aranges
                0x00000000000000e8       0x68 Stm32_F103C6_Drivers/Src/GPIO.o
 .debug_aranges
                0x0000000000000150       0x48 Stm32_F103C6_Drivers/Src/RCC.o
 .debug_aranges
                0x0000000000000198       0x60 Stm32_F103C6_Drivers/Src/USART.o

.debug_ranges   0x0000000000000000      0x190
 .debug_ranges  0x0000000000000000       0x10 APP/USART_Debugging_Using_Polling.o
 .debug_ranges  0x0000000000000010       0x10 Src/main.o
 .debug_ranges  0x0000000000000020       0x20 Startup/startup_stm32f103c6tx.o
 .debug_ranges  0x0000000000000040       0x70 Stm32_F103C6_Drivers/Src/EXIT.o
 .debug_ranges  0x00000000000000b0       0x58 Stm32_F103C6_Drivers/Src/GPIO.o
 .debug_ranges  0x0000000000000108       0x38 Stm32_F103C6_Drivers/Src/RCC.o
 .debug_ranges  0x0000000000000140       0x50 Stm32_F103C6_Drivers/Src/USART.o

.debug_macro    0x0000000000000000     0x24d7
 .debug_macro   0x0000000000000000      0x16d APP/USART_Debugging_Using_Polling.o
 .debug_macro   0x000000000000016d      0xa60 APP/USART_Debugging_Using_Polling.o
 .debug_macro   0x0000000000000bcd       0x22 APP/USART_Debugging_Using_Polling.o
 .debug_macro   0x0000000000000bef       0x8e APP/USART_Debugging_Using_Polling.o
 .debug_macro   0x0000000000000c7d       0x51 APP/USART_Debugging_Using_Polling.o
 .debug_macro   0x0000000000000cce       0xef APP/USART_Debugging_Using_Polling.o
 .debug_macro   0x0000000000000dbd       0x6a APP/USART_Debugging_Using_Polling.o
 .debug_macro   0x0000000000000e27      0x1df APP/USART_Debugging_Using_Polling.o
 .debug_macro   0x0000000000001006       0x18 APP/USART_Debugging_Using_Polling.o
 .debug_macro   0x000000000000101e       0x46 APP/USART_Debugging_Using_Polling.o
 .debug_macro   0x0000000000001064       0x3c APP/USART_Debugging_Using_Polling.o
 .debug_macro   0x00000000000010a0       0x34 APP/USART_Debugging_Using_Polling.o
 .debug_macro   0x00000000000010d4       0x16 APP/USART_Debugging_Using_Polling.o
 .debug_macro   0x00000000000010ea      0x10e APP/USART_Debugging_Using_Polling.o
 .debug_macro   0x00000000000011f8       0x8d APP/USART_Debugging_Using_Polling.o
 .debug_macro   0x0000000000001285       0x52 APP/USART_Debugging_Using_Polling.o
 .debug_macro   0x00000000000012d7       0x1f APP/USART_Debugging_Using_Polling.o
 .debug_macro   0x00000000000012f6       0x43 APP/USART_Debugging_Using_Polling.o
 .debug_macro   0x0000000000001339       0x20 APP/USART_Debugging_Using_Polling.o
 .debug_macro   0x0000000000001359      0x1a3 APP/USART_Debugging_Using_Polling.o
 .debug_macro   0x00000000000014fc      0x330 APP/USART_Debugging_Using_Polling.o
 .debug_macro   0x000000000000182c       0x16 APP/USART_Debugging_Using_Polling.o
 .debug_macro   0x0000000000001842       0x29 APP/USART_Debugging_Using_Polling.o
 .debug_macro   0x000000000000186b      0x1f2 APP/USART_Debugging_Using_Polling.o
 .debug_macro   0x0000000000001a5d       0xfa APP/USART_Debugging_Using_Polling.o
 .debug_macro   0x0000000000001b57       0x10 APP/USART_Debugging_Using_Polling.o
 .debug_macro   0x0000000000001b67       0xee APP/USART_Debugging_Using_Polling.o
 .debug_macro   0x0000000000001c55      0x16d Src/main.o
 .debug_macro   0x0000000000001dc2      0x154 Stm32_F103C6_Drivers/Src/EXIT.o
 .debug_macro   0x0000000000001f16      0x1c5 Stm32_F103C6_Drivers/Src/EXIT.o
 .debug_macro   0x00000000000020db      0x145 Stm32_F103C6_Drivers/Src/GPIO.o
 .debug_macro   0x0000000000002220      0x154 Stm32_F103C6_Drivers/Src/RCC.o
 .debug_macro   0x0000000000002374      0x163 Stm32_F103C6_Drivers/Src/USART.o

.debug_line     0x0000000000000000     0x270f
 .debug_line    0x0000000000000000      0x5b3 APP/USART_Debugging_Using_Polling.o
 .debug_line    0x00000000000005b3      0x583 Src/main.o
 .debug_line    0x0000000000000b36       0x84 Startup/startup_stm32f103c6tx.o
 .debug_line    0x0000000000000bba      0x73e Stm32_F103C6_Drivers/Src/EXIT.o
 .debug_line    0x00000000000012f8      0x6e0 Stm32_F103C6_Drivers/Src/GPIO.o
 .debug_line    0x00000000000019d8      0x5ce Stm32_F103C6_Drivers/Src/RCC.o
 .debug_line    0x0000000000001fa6      0x769 Stm32_F103C6_Drivers/Src/USART.o

.debug_str      0x0000000000000000     0xa297
 .debug_str     0x0000000000000000     0x80f3 APP/USART_Debugging_Using_Polling.o
                                       0x8359 (size before relaxing)
 .debug_str     0x00000000000080f3       0x13 Src/main.o
                                       0x8143 (size before relaxing)
 .debug_str     0x0000000000008106       0x31 Startup/startup_stm32f103c6tx.o
                                         0x7f (size before relaxing)
 .debug_str     0x0000000000008137     0x19a2 Stm32_F103C6_Drivers/Src/EXIT.o
                                       0x95ff (size before relaxing)
 .debug_str     0x0000000000009ad9      0x5fb Stm32_F103C6_Drivers/Src/GPIO.o
                                       0x8424 (size before relaxing)
 .debug_str     0x000000000000a0d4       0x9d Stm32_F103C6_Drivers/Src/RCC.o
                                       0x838b (size before relaxing)
 .debug_str     0x000000000000a171      0x126 Stm32_F103C6_Drivers/Src/USART.o
                                       0x8b1a (size before relaxing)

.comment        0x0000000000000000       0x7b
 .comment       0x0000000000000000       0x7b APP/USART_Debugging_Using_Polling.o
                                         0x7c (size before relaxing)
 .comment       0x000000000000007b       0x7c Src/main.o
 .comment       0x000000000000007b       0x7c Stm32_F103C6_Drivers/Src/EXIT.o
 .comment       0x000000000000007b       0x7c Stm32_F103C6_Drivers/Src/GPIO.o
 .comment       0x000000000000007b       0x7c Stm32_F103C6_Drivers/Src/RCC.o
 .comment       0x000000000000007b       0x7c Stm32_F103C6_Drivers/Src/USART.o

.debug_frame    0x0000000000000000      0x5f0
 .debug_frame   0x0000000000000000       0x30 APP/USART_Debugging_Using_Polling.o
 .debug_frame   0x0000000000000030       0x2c Src/main.o
 .debug_frame   0x000000000000005c      0x1b0 Stm32_F103C6_Drivers/Src/EXIT.o
 .debug_frame   0x000000000000020c      0x19c Stm32_F103C6_Drivers/Src/GPIO.o
 .debug_frame   0x00000000000003a8       0xcc Stm32_F103C6_Drivers/Src/RCC.o
 .debug_frame   0x0000000000000474      0x150 Stm32_F103C6_Drivers/Src/USART.o
 .debug_frame   0x00000000000005c4       0x2c c:/st/stm32cubeide_1.4.0/stm32cubeide/plugins/com.st.stm32cube.ide.mcu.externaltools.gnu-tools-for-stm32.7-2018-q2-update.win32_1.4.0.202007081208/tools/bin/../lib/gcc/arm-none-eabi/7.3.1/../../../../arm-none-eabi/lib/thumb/v7-m\libc_nano.a(lib_a-init.o)
